[    0.000000] Initializing cgroup subsys cpuset
[    0.000000] Initializing cgroup subsys cpu
[    0.000000] Initializing cgroup subsys cpuacct
[    0.000000] Linux version 4.4.0-81-generic (buildd@lgw01-02) (gcc version 5.4.0 20160609 (Ubuntu 5.4.0-6ubuntu1~16.04.4) ) #104-Ubuntu SMP Wed Jun 14 08:17:06 UTC 2017 (Ubuntu 4.4.0-81.104-generic 4.4.67)
[    0.000000] Command line: BOOT_IMAGE=/boot/vmlinuz-4.4.0-81-generic root=UUID=4d5d1894-7ea2-4612-ba0d-9cf5344f2639 ro console=tty1 console=ttyS0
[    0.000000] KERNEL supported cpus:
[    0.000000]   Intel GenuineIntel
[    0.000000]   AMD AuthenticAMD
[    0.000000]   Centaur CentaurHauls
[    0.000000] x86/fpu: Legacy x87 FPU detected.
[    0.000000] x86/fpu: Using 'lazy' FPU context switches.
[    0.000000] e820: BIOS-provided physical RAM map:
[    0.000000] BIOS-e820: [mem 0x0000000000000000-0x000000000009fbff] usable
[    0.000000] BIOS-e820: [mem 0x000000000009fc00-0x000000000009ffff] reserved
[    0.000000] BIOS-e820: [mem 0x00000000000f0000-0x00000000000fffff] reserved
[    0.000000] BIOS-e820: [mem 0x0000000000100000-0x000000003ffeffff] usable
[    0.000000] BIOS-e820: [mem 0x000000003fff0000-0x000000003fffffff] ACPI data
[    0.000000] BIOS-e820: [mem 0x00000000fec00000-0x00000000fec00fff] reserved
[    0.000000] BIOS-e820: [mem 0x00000000fee00000-0x00000000fee00fff] reserved
[    0.000000] BIOS-e820: [mem 0x00000000fffc0000-0x00000000ffffffff] reserved
[    0.000000] NX (Execute Disable) protection: active
[    0.000000] SMBIOS 2.5 present.
[    0.000000] Hypervisor detected: KVM
[    0.000000] e820: last_pfn = 0x3fff0 max_arch_pfn = 0x400000000
[    0.000000] MTRR: Disabled
[    0.000000] x86/PAT: MTRRs disabled, skipping PAT initialization too.
[    0.000000] x86/PAT: Configuration [0-7]: WB  WT  UC- UC  WB  WT  UC- UC  
[    0.000000] CPU MTRRs all blank - virtualized system.
[    0.000000] found SMP MP-table at [mem 0x0009fff0-0x0009ffff] mapped at [ffff88000009fff0]
[    0.000000] Scanning 1 areas for low memory corruption
[    0.000000] RAMDISK: [mem 0x36234000-0x37111fff]
[    0.000000] ACPI: Early table checksum verification disabled
[    0.000000] ACPI: RSDP 0x00000000000E0000 000024 (v02 VBOX  )
[    0.000000] ACPI: XSDT 0x000000003FFF0030 00003C (v01 VBOX   VBOXXSDT 00000001 ASL  00000061)
[    0.000000] ACPI: FACP 0x000000003FFF00F0 0000F4 (v04 VBOX   VBOXFACP 00000001 ASL  00000061)
[    0.000000] ACPI: DSDT 0x000000003FFF0470 0021C8 (v02 VBOX   VBOXBIOS 00000002 INTL 20100528)
[    0.000000] ACPI: FACS 0x000000003FFF0200 000040
[    0.000000] ACPI: FACS 0x000000003FFF0200 000040
[    0.000000] ACPI: APIC 0x000000003FFF0240 00005C (v02 VBOX   VBOXAPIC 00000001 ASL  00000061)
[    0.000000] ACPI: SSDT 0x000000003FFF02A0 0001CC (v01 VBOX   VBOXCPUT 00000002 INTL 20100528)
[    0.000000] No NUMA configuration found
[    0.000000] Faking a node at [mem 0x0000000000000000-0x000000003ffeffff]
[    0.000000] NODE_DATA(0) allocated [mem 0x3ffeb000-0x3ffeffff]
[    0.000000] kvm-clock: Using msrs 4b564d01 and 4b564d00
[    0.000000] kvm-clock: cpu 0, msr 0:3ffe3001, primary cpu clock
[    0.000000] kvm-clock: using sched offset of 6692972700 cycles
[    0.000000] clocksource: kvm-clock: mask: 0xffffffffffffffff max_cycles: 0x1cd42e4dffb, max_idle_ns: 881590591483 ns
[    0.000000] Zone ranges:
[    0.000000]   DMA      [mem 0x0000000000001000-0x0000000000ffffff]
[    0.000000]   DMA32    [mem 0x0000000001000000-0x000000003ffeffff]
[    0.000000]   Normal   empty
[    0.000000]   Device   empty
[    0.000000] Movable zone start for each node
[    0.000000] Early memory node ranges
[    0.000000]   node   0: [mem 0x0000000000001000-0x000000000009efff]
[    0.000000]   node   0: [mem 0x0000000000100000-0x000000003ffeffff]
[    0.000000] Initmem setup node 0 [mem 0x0000000000001000-0x000000003ffeffff]
[    0.000000] ACPI: PM-Timer IO Port: 0x4008
[    0.000000] IOAPIC[0]: apic_id 2, version 32, address 0xfec00000, GSI 0-23
[    0.000000] ACPI: INT_SRC_OVR (bus 0 bus_irq 0 global_irq 2 dfl dfl)
[    0.000000] ACPI: INT_SRC_OVR (bus 0 bus_irq 9 global_irq 9 high level)
[    0.000000] Using ACPI (MADT) for SMP configuration information
[    0.000000] smpboot: Allowing 2 CPUs, 0 hotplug CPUs
[    0.000000] PM: Registered nosave memory: [mem 0x00000000-0x00000fff]
[    0.000000] PM: Registered nosave memory: [mem 0x0009f000-0x0009ffff]
[    0.000000] PM: Registered nosave memory: [mem 0x000a0000-0x000effff]
[    0.000000] PM: Registered nosave memory: [mem 0x000f0000-0x000fffff]
[    0.000000] e820: [mem 0x40000000-0xfebfffff] available for PCI devices
[    0.000000] Booting paravirtualized kernel on KVM
[    0.000000] clocksource: refined-jiffies: mask: 0xffffffff max_cycles: 0xffffffff, max_idle_ns: 7645519600211568 ns
[    0.000000] setup_percpu: NR_CPUS:512 nr_cpumask_bits:512 nr_cpu_ids:2 nr_node_ids:1
[    0.000000] PERCPU: Embedded 33 pages/cpu @ffff88003fc00000 s98264 r8192 d28712 u1048576
[    0.000000] PV qspinlock hash table entries: 256 (order: 0, 4096 bytes)
[    0.000000] Built 1 zonelists in Node order, mobility grouping on.  Total pages: 257913
[    0.000000] Policy zone: DMA32
[    0.000000] Kernel command line: BOOT_IMAGE=/boot/vmlinuz-4.4.0-81-generic root=UUID=4d5d1894-7ea2-4612-ba0d-9cf5344f2639 ro console=tty1 console=ttyS0
[    0.000000] PID hash table entries: 4096 (order: 3, 32768 bytes)
[    0.000000] Memory: 997356K/1048120K available (8469K kernel code, 1294K rwdata, 3984K rodata, 1484K init, 1316K bss, 50764K reserved, 0K cma-reserved)
[    0.000000] SLUB: HWalign=64, Order=0-3, MinObjects=0, CPUs=2, Nodes=1
[    0.000000] Hierarchical RCU implementation.
[    0.000000] 	Build-time adjustment of leaf fanout to 64.
[    0.000000] 	RCU restricting CPUs from NR_CPUS=512 to nr_cpu_ids=2.
[    0.000000] RCU: Adjusting geometry for rcu_fanout_leaf=64, nr_cpu_ids=2
[    0.000000] NR_IRQS:33024 nr_irqs:440 16
[    0.000000] Console: colour VGA+ 80x25
[    0.000000] console [tty1] enabled
[    0.000000] console [ttyS0] enabled
[    0.000000] tsc: Detected 1596.178 MHz processor
[   10.798470] Calibrating delay loop (skipped) preset value.. 3192.35 BogoMIPS (lpj=6384712)
[   10.839101] pid_max: default: 32768 minimum: 301
[   10.880446] ACPI: Core revision 20150930
[   10.981491] ACPI: 2 ACPI AML tables successfully acquired and loaded
[   11.137956] Security Framework initialized
[   11.217952] Yama: becoming mindful.
[   11.304233] AppArmor: AppArmor initialized
[   11.410454] Dentry cache hash table entries: 131072 (order: 8, 1048576 bytes)
[   11.628469] Inode-cache hash table entries: 65536 (order: 7, 524288 bytes)
[   11.827983] Mount-cache hash table entries: 2048 (order: 2, 16384 bytes)
[   11.918694] Mountpoint-cache hash table entries: 2048 (order: 2, 16384 bytes)
[   11.989243] Initializing cgroup subsys io
[   12.062974] Initializing cgroup subsys memory
[   12.197170] Initializing cgroup subsys devices
[   12.306012] Initializing cgroup subsys freezer
[   12.348514] Initializing cgroup subsys net_cls
[   12.353338] Initializing cgroup subsys perf_event
[   12.379455] Initializing cgroup subsys net_prio
[   12.411549] Initializing cgroup subsys hugetlb
[   12.469479] Initializing cgroup subsys pids
[   12.556967] CPU: Physical Processor ID: 0
[   12.683352] CPU: Processor Core ID: 0
[   12.758788] mce: CPU supports 0 MCE banks
[   12.851436] Last level iTLB entries: 4KB 512, 2MB 7, 4MB 7
[   12.988561] Last level dTLB entries: 4KB 512, 2MB 32, 4MB 32, 1GB 0
[   13.106784] Freeing SMP alternatives memory: 32K (ffffffff820b8000 - ffffffff820c0000)
[   13.279016] ftrace: allocating 32129 entries in 126 pages
[   13.534953] smpboot: APIC(0) Converting physical 0 to logical package 0
[   13.648746] smpboot: Max logical packages: 1
[   13.677450] x2apic enabled
[   13.695389] Switched APIC routing to physical x2apic.
[   13.827359] ..TIMER: vector=0x30 apic1=0 pin1=2 apic2=-1 pin2=-1
[   14.125636] smpboot: CPU0: Intel(R) Core(TM) i7 CPU       Q 720  @ 1.60GHz (family: 0x6, model: 0x1e, stepping: 0x5)
[   14.286228] Performance Events: unsupported p6 CPU model 30 no PMU driver, software events only.
[   14.466733] KVM setup paravirtual spinlock
[   14.580020] x86: Booting SMP configuration:
[   14.682476] .... node  #0, CPUs:      #1
[   14.727341] kvm-clock: cpu 1, msr 0:3ffe3041, secondary cpu clock
[   14.770925] mce: CPU supports 0 MCE banks
[   14.777284] x86: Booted up 1 node, 2 CPUs
[   14.837740] smpboot: Total of 2 processors activated (6384.71 BogoMIPS)
[   14.969587] devtmpfs: initialized
[   15.078951] evm: security.selinux
[   15.171374] evm: security.SMACK64
[   15.200188] evm: security.SMACK64EXEC
[   15.202895] evm: security.SMACK64TRANSMUTE
[   15.234231] evm: security.SMACK64MMAP
[   15.301224] evm: security.ima
[   15.382164] evm: security.capability
[   15.415149] clocksource: jiffies: mask: 0xffffffff max_cycles: 0xffffffff, max_idle_ns: 7645041785100000 ns
[   15.602713] futex hash table entries: 512 (order: 3, 32768 bytes)
[   15.786025] pinctrl core: initialized pinctrl subsystem
[   15.946806] RTC time: 20:20:00, date: 06/28/17
[   16.050846] NET: Registered protocol family 16
[   16.141599] cpuidle: using governor ladder
[   16.254350] cpuidle: using governor menu
[   16.367363] PCCT header not found.
[   16.464996] ACPI: bus type PCI registered
[   16.550621] acpiphp: ACPI Hot Plug PCI Controller Driver version: 0.5
[   16.631735] PCI: Using configuration type 1 for base access
[   16.767487] ACPI: Added _OSI(Module Device)
[   16.896243] ACPI: Added _OSI(Processor Device)
[   17.031169] ACPI: Added _OSI(3.0 _SCP Extensions)
[   17.162213] ACPI: Added _OSI(Processor Aggregator Device)
[   17.300525] ACPI: Executed 1 blocks of module-level executable AML code
[   17.468706] ACPI: Interpreter enabled
[   17.571200] ACPI: (supports S0 S5)
[   17.681128] ACPI: Using IOAPIC for interrupt routing
[   17.747654] PCI: Using host bridge windows from ACPI; if necessary, use "pci=nocrs" and report a bug
[   17.906255] ACPI: PCI Root Bridge [PCI0] (domain 0000 [bus 00-ff])
[   18.075870] acpi PNP0A03:00: _OSC: OS supports [ASPM ClockPM Segments MSI]
[   18.250203] acpi PNP0A03:00: _OSC failed (AE_NOT_FOUND); disabling ASPM
[   18.421965] acpi PNP0A03:00: fail to add MMCONFIG information, can't access extended PCI configuration space under this bridge.
[   18.589387] PCI host bridge to bus 0000:00
[   18.654713] pci_bus 0000:00: root bus resource [io  0x0000-0x0cf7 window]
[   18.775047] pci_bus 0000:00: root bus resource [io  0x0d00-0xffff window]
[   18.888386] pci_bus 0000:00: root bus resource [mem 0x000a0000-0x000bffff window]
[   18.941238] pci_bus 0000:00: root bus resource [mem 0x40000000-0xffdfffff window]
[   19.011882] pci_bus 0000:00: root bus resource [bus 00-ff]
[   19.168840] pci 0000:00:01.1: legacy IDE quirk: reg 0x10: [io  0x01f0-0x01f7]
[   19.374559] pci 0000:00:01.1: legacy IDE quirk: reg 0x14: [io  0x03f6]
[   19.562886] pci 0000:00:01.1: legacy IDE quirk: reg 0x18: [io  0x0170-0x0177]
[   19.748172] pci 0000:00:01.1: legacy IDE quirk: reg 0x1c: [io  0x0376]
[   19.946392] pci 0000:00:07.0: quirk: [io  0x4000-0x403f] claimed by PIIX4 ACPI
[   20.083403] pci 0000:00:07.0: quirk: [io  0x4100-0x410f] claimed by PIIX4 SMB
[   20.242997] ACPI: PCI Interrupt Link [LNKA] (IRQs 5 9 10 *11)
[   20.403414] ACPI: PCI Interrupt Link [LNKB] (IRQs 5 9 10 *11)
[   20.562541] ACPI: PCI Interrupt Link [LNKC] (IRQs 5 9 *10 11)
[   20.708427] ACPI: PCI Interrupt Link [LNKD] (IRQs 5 *9 10 11)
[   20.850501] ACPI: Enabled 2 GPEs in block 00 to 07
[   20.945030] vgaarb: setting as boot device: PCI:0000:00:02.0
[   21.007003] vgaarb: device added: PCI:0000:00:02.0,decodes=io+mem,owns=io+mem,locks=none
[   21.222343] vgaarb: loaded
[   21.254670] vgaarb: bridge control possible 0000:00:02.0
[   21.339898] SCSI subsystem initialized
[   21.442650] ACPI: bus type USB registered
[   21.559370] usbcore: registered new interface driver usbfs
[   21.730659] usbcore: registered new interface driver hub
[   21.875268] usbcore: registered new device driver usb
[   22.016087] PCI: Using ACPI for IRQ routing
[   22.126287] NetLabel: Initializing
[   22.218074] NetLabel:  domain hash size = 128
[   22.312618] NetLabel:  protocols = UNLABELED CIPSOv4
[   22.400332] NetLabel:  unlabeled traffic allowed by default
[   22.504048] amd_nb: Cannot enumerate AMD northbridges
[   22.631222] clocksource: Switched to clocksource kvm-clock
[   22.814769] AppArmor: AppArmor Filesystem Enabled
[   22.952777] pnp: PnP ACPI init
[   23.052007] pnp: PnP ACPI: found 3 devices
[   23.198918] clocksource: acpi_pm: mask: 0xffffff max_cycles: 0xffffff, max_idle_ns: 2085701024 ns
[   23.450462] NET: Registered protocol family 2
[   23.552346] TCP established hash table entries: 8192 (order: 4, 65536 bytes)
[   23.669226] TCP bind hash table entries: 8192 (order: 5, 131072 bytes)
[   23.819562] TCP: Hash tables configured (established 8192 bind 8192)
[   23.990135] UDP hash table entries: 512 (order: 2, 16384 bytes)
[   24.155648] UDP-Lite hash table entries: 512 (order: 2, 16384 bytes)
[   24.349586] NET: Registered protocol family 1
[   24.472530] pci 0000:00:00.0: Limiting direct PCI/PCI transfers
[   24.613405] pci 0000:00:01.0: Activating ISA DMA hang workarounds
[   24.686864] Unpacking initramfs...
[   25.422280] Freeing initrd memory: 15224K (ffff880036234000 - ffff880037112000)
[   25.491643] platform rtc_cmos: registered platform RTC device (no PNP device found)
[   25.535956] Scanning for low memory corruption every 60 seconds
[   25.595286] audit: initializing netlink subsys (disabled)
[   25.664483] audit: type=2000 audit(1498681196.573:1): initialized
[   25.745778] Initialise system trusted keyring
[   25.783833] HugeTLB registered 2 MB page size, pre-allocated 0 pages
[   25.831479] zbud: loaded
[   25.844514] VFS: Disk quotas dquot_6.6.0
[   25.860829] VFS: Dquot-cache hash table entries: 512 (order 0, 4096 bytes)
[   25.872257] squashfs: version 4.0 (2009/01/31) Phillip Lougher
[   25.906227] fuse init (API version 7.23)
[   25.918585] Key type big_key registered
[   25.924239] Allocating IMA MOK and blacklist keyrings.
[   25.946766] Key type asymmetric registered
[   25.952540] Asymmetric key parser 'x509' registered
[   25.960501] Block layer SCSI generic (bsg) driver version 0.4 loaded (major 249)
[   25.968699] io scheduler noop registered
[   25.974911] io scheduler deadline registered (default)
[   26.003097] io scheduler cfq registered
[   26.015647] pci_hotplug: PCI Hot Plug PCI Core version: 0.5
[   26.041100] pciehp: PCI Express Hot Plug Controller Driver version: 0.4
[   26.109640] ACPI: AC Adapter [AC] (on-line)
[   26.163764] input: Power Button as /devices/LNXSYSTM:00/LNXPWRBN:00/input/input0
[   26.192522] ACPI: Power Button [PWRF]
[   26.245076] input: Sleep Button as /devices/LNXSYSTM:00/LNXSLPBN:00/input/input1
[   26.364183] ACPI: Sleep Button [SLPF]
[   26.420855] ACPI: Battery Slot [BAT0] (battery present)
[   26.489122] GHES: HEST is not enabled!
[   26.552343] tsc: Refined TSC clocksource calibration: 1596.293 MHz
[   26.629166] clocksource: tsc: mask: 0xffffffffffffffff max_cycles: 0x17027701a87, max_idle_ns: 440795219956 ns
[   26.737506] Serial: 8250/16550 driver, 32 ports, IRQ sharing enabled
ÿ[   26.899654] 00:02: ttyS0 at I/O 0x3f8 (irq = 4, base_baud = 115200) is a 16550A
[   27.067893] Linux agpgart interface v0.103
[   27.084698] loop: module loaded
[   27.093303] scsi host0: ata_piix
[   27.109421] scsi host1: ata_piix
[   27.119535] ata1: PATA max UDMA/33 cmd 0x1f0 ctl 0x3f6 bmdma 0xd000 irq 14
[   27.154915] ata2: PATA max UDMA/33 cmd 0x170 ctl 0x376 bmdma 0xd008 irq 15
[   27.167613] libphy: Fixed MDIO Bus: probed
[   27.275330] tun: Universal TUN/TAP device driver, 1.6
[   27.432676] tun: (C) 1999-2004 Max Krasnyansky <maxk@qualcomm.com>
[   27.623278] PPP generic driver version 2.4.2
[   27.626035] ehci_hcd: USB 2.0 'Enhanced' Host Controller (EHCI) Driver
[   27.644018] ehci-pci: EHCI PCI platform driver
[   27.646632] ehci-platform: EHCI generic platform driver
[   27.657940] ohci_hcd: USB 1.1 'Open' Host Controller (OHCI) Driver
[   27.668752] ohci-pci: OHCI PCI platform driver
[   27.672805] ohci-platform: OHCI generic platform driver
[   27.711950] uhci_hcd: USB Universal Host Controller Interface driver
[   27.796890] i8042: PNP: PS/2 Controller [PNP0303:PS2K,PNP0f03:PS2M] at 0x60,0x64 irq 1,12
[   27.905477] serio: i8042 KBD port at 0x60,0x64 irq 1
[   27.953377] serio: i8042 AUX port at 0x60,0x64 irq 12
[   28.011959] mousedev: PS/2 mouse device common for all mice
[   28.164966] input: AT Translated Set 2 keyboard as /devices/platform/i8042/serio0/input/input2
[   28.204844] rtc_cmos rtc_cmos: rtc core: registered rtc_cmos as rtc0
[   28.260766] rtc_cmos rtc_cmos: alarms up to one day, 114 bytes nvram
[   28.335463] i2c /dev entries driver
[   28.431932] device-mapper: uevent: version 1.0.3
[   28.564443] device-mapper: ioctl: 4.34.0-ioctl (2015-10-28) initialised: dm-devel@redhat.com
[   28.578230] ledtrig-cpu: registered to indicate activity on CPUs
[   28.583694] NET: Registered protocol family 10
[   28.586742] NET: Registered protocol family 17
[   28.590816] Key type dns_resolver registered
[   28.600316] microcode: CPU0 sig=0x106e5, pf=0x4, revision=0x616
[   28.729229] microcode: CPU1 sig=0x106e5, pf=0x4, revision=0x616
[   28.791489] microcode: Microcode Update Driver: v2.01 <tigran@aivazian.fsnet.co.uk>, Peter Oruba
[   28.886416] registered taskstats version 1
[   28.940230] Loading compiled-in X.509 certificates
[   28.992115] Loaded X.509 cert 'Build time autogenerated kernel key: 4e3fcaabc4148de0b198d1fb3d36a6c6d4cf062b'
[   29.087759] zswap: loaded using pool lzo/zbud
[   29.139453] Key type trusted registered
[   29.195934] Key type encrypted registered
[   29.232868] AppArmor: AppArmor sha1 policy hashing enabled
[   29.288720] ima: No TPM chip found, activating TPM-bypass!
[   29.348354] evm: HMAC attrs: 0x1
[   29.378891]   Magic number: 5:498:347
[   29.389594]  pci0000:00: hash matches
[   29.398322] rtc_cmos rtc_cmos: setting system clock to 2017-06-28 20:20:14 UTC (1498681214)
[   29.404897] BIOS EDD facility v0.16 2004-Jun-25, 0 devices found
[   29.409738] EDD information not available.
[   29.416080] Freeing unused kernel memory: 1484K (ffffffff81f45000 - ffffffff820b8000)
[   29.428441] Write protecting the kernel read-only data: 14336k
[   29.445366] Freeing unused kernel memory: 1760K (ffff880001848000 - ffff880001a00000)
[   29.478312] Freeing unused kernel memory: 112K (ffff880001de4000 - ffff880001e00000)
Loading, please wait...
starting version 229
[   29.516636] random: systemd-udevd: uninitialized urandom read (16 bytes read, 4 bits of entropy available)
[   29.518447] random: udevadm: uninitialized urandom read (16 bytes read, 4 bits of entropy available)
[   29.518615] random: udevadm: uninitialized urandom read (16 bytes read, 4 bits of entropy available)
[   29.518902] random: udevadm: uninitialized urandom read (16 bytes read, 4 bits of entropy available)
[   29.519016] random: udevadm: uninitialized urandom read (16 bytes read, 4 bits of entropy available)
[   29.519132] random: udevadm: uninitialized urandom read (16 bytes read, 4 bits of entropy available)
[   29.519240] random: udevadm: uninitialized urandom read (16 bytes read, 4 bits of entropy available)
[   29.519429] random: udevadm: uninitialized urandom read (16 bytes read, 4 bits of entropy available)
[   29.519646] random: udevadm: uninitialized urandom read (16 bytes read, 4 bits of entropy available)
[   29.519764] random: udevadm: uninitialized urandom read (16 bytes read, 4 bits of entropy available)
[   30.396778] e1000: Intel(R) PRO/1000 Network Driver - version 7.3.21-k8-NAPI
[   30.504486] e1000: Copyright (c) 1999-2006 Intel Corporation.
[   30.517709] Fusion MPT base driver 3.04.20
[   30.522660] Copyright (c) 1999-2008 LSI Corporation
[   30.547544] Fusion MPT SPI Host driver 3.04.20
[   30.752263] input: ImExPS/2 Generic Explorer Mouse as /devices/platform/i8042/serio1/input/input4
[   31.117865] e1000 0000:00:03.0 eth0: (PCI:33MHz:32-bit) 02:fb:34:e1:96:ef
[   31.177337] e1000 0000:00:03.0 eth0: Intel(R) PRO/1000 Network Connection
[   31.286638] mptbase: ioc0: Initiating bringup
[   31.287793] e1000 0000:00:03.0 enp0s3: renamed from eth0
[   31.359911] ioc0: LSI53C1030 A0: Capabilities={Initiator}
[   31.628195] scsi host2: ioc0: LSI53C1030 A0, FwRev=00000000h, Ports=1, MaxQ=256, IRQ=20
[   31.820868] scsi 2:0:0:0: Direct-Access     VBOX     HARDDISK         1.0  PQ: 0 ANSI: 5
[   31.905156] scsi target2:0:0: Beginning Domain Validation
[   31.968828] scsi target2:0:0: Domain Validation skipping write tests
[   32.031659] scsi target2:0:0: Ending Domain Validation
[   32.065030] scsi target2:0:0: asynchronous
[   32.084943] scsi 2:0:1:0: Direct-Access     VBOX     HARDDISK         1.0  PQ: 0 ANSI: 5
[   32.224680] scsi target2:0:1: Beginning Domain Validation
[   32.302198] scsi target2:0:1: Domain Validation skipping write tests
[   32.413851] scsi target2:0:1: Ending Domain Validation
[   32.477688] scsi target2:0:1: asynchronous
[   32.541963] sd 2:0:0:0: Attached scsi generic sg0 type 0
[   32.542675] sd 2:0:0:0: [sda] 20971520 512-byte logical blocks: (10.7 GB/10.0 GiB)
[   32.543317] sd 2:0:0:0: [sda] Write Protect is off
[   32.543563] sd 2:0:0:0: [sda] Incomplete mode parameter data
[   32.543566] sd 2:0:0:0: [sda] Assuming drive cache: write through
[   32.569537]  sda: sda1
[   32.571464] sd 2:0:0:0: [sda] Attached SCSI disk
[   32.900610] sd 2:0:1:0: Attached scsi generic sg1 type 0
[   32.900965] sd 2:0:1:0: [sdb] 20480 512-byte logical blocks: (10.5 MB/10.0 MiB)
[   32.901442] sd 2:0:1:0: [sdb] Write Protect is off
[   32.901813] sd 2:0:1:0: [sdb] Incomplete mode parameter data
[   32.901816] sd 2:0:1:0: [sdb] Assuming drive cache: write through
[   32.908577] sd 2:0:1:0: [sdb] Attached SCSI disk
[   33.524501] floppy0: no floppy controllers found
Begin: Loading e[   35.501860] md: linear personality registered for level -1
ssential drivers[   35.561488] md: multipath personality registered for level -4
 ... [   35.623566] md: raid0 personality registered for level 0
[   35.665638] md: raid1 personality registered for level 1
[   35.787416] raid6: sse2x1   gen()  2766 MB/s
[   35.891318] raid6: sse2x1   xor()  2164 MB/s
[   36.011517] raid6: sse2x2   gen()  3251 MB/s
[   36.119509] raid6: sse2x2   xor()  2508 MB/s
[   36.231544] raid6: sse2x4   gen()  3709 MB/s
[   36.343745] raid6: sse2x4   xor()  2750 MB/s
[   36.373165] raid6: using algorithm sse2x4 gen() 3709 MB/s
[   36.405261] raid6: .... xor() 2750 MB/s, rmw enabled
[   36.416999] raid6: using ssse3x2 recovery algorithm
[   36.464854] xor: measuring software checksum speed
[   36.599408]    prefetch64-sse:  4948.000 MB/sec
[   36.715355]    generic_sse:  4246.000 MB/sec
[   36.778909] xor: using function: prefetch64-sse (4948.000 MB/sec)
[   36.898578] async_tx: api initialized (async)
[   36.930277] md: raid6 personality registered for level 6
[   37.007437] md: raid5 personality registered for level 5
[   37.040989] md: raid4 personality registered for level 4
[   37.123063] md: raid10 personality registered for level 10
done.
Begin: Running /scripts/init-premount ... done.
Begin: Mounting root file system ... Begin: Running /scripts/[   37.263040] Btrfs loaded
local-top ... done.
Begin: Running /scripts/local-premount ... Scanning for Btrfs filesystems
[   37.427537] EXT4-fs (sda1): INFO: recovery required on readonly filesystem
done.
Warning: [   37.516569] EXT4-fs (sda1): write access will be enabled during recovery
fsck not present, so skipping root file system
[   37.615650] EXT4-fs (sda1): orphan cleanup on readonly fs
[   37.760981] EXT4-fs (sda1): 2 orphan inodes deleted
[   37.926283] EXT4-fs (sda1): recovery complete
[   38.060817] EXT4-fs (sda1): mounted filesystem with ordered data mode. Opts: (null)
done.
Begin: Running /scripts/local-bottom ... done.
Begin: Running /scripts/init-bottom ... done.
[   38.569683] systemd[1]: systemd 229 running in system mode. (+PAM +AUDIT +SELINUX +IMA +APPARMOR +SMACK +SYSVINIT +UTMP +LIBCRYPTSETUP +GCRYPT +GNUTLS +ACL +XZ -LZ4 +SECCOMP +BLKID +ELFUTILS +KMOD -IDN)
[   38.746596] systemd[1]: Detected virtualization oracle.
[   38.756524] systemd[1]: Detected architecture x86-64.

Welcome to [1mUbuntu 16.04.2 LTS[0m!

[   38.809542] systemd[1]: Set hostname to <ubuntu-xenial>.
[   39.185996] systemd[1]: Reached target Encrypted Volumes.
[[0;32m  OK  [0m] Reached target Encrypted Volumes.
[   39.284363] systemd[1]: Listening on udev Control Socket.
[[0;32m  OK  [0m] Listening on udev Control Socket.
[   39.351811] systemd[1]: Listening on Journal Socket.
[[0;32m  OK  [0m] Listening on Journal Socket.
[   39.372930] systemd[1]: Created slice User and Session Slice.
[[0;32m  OK  [0m] Created slice User and Session Slice.
[   39.432251] systemd[1]: Reached target Swap.
[[0;32m  OK  [0m] Reached target Swap.
[   39.552023] systemd[1]: Listening on /dev/initctl Compatibility Named Pipe.
[[0;32m  OK  [0m] Listening on /dev/initctl Compatibility Named Pipe.
[   39.739737] systemd[1]: Started Forward Password Requests to Wall Directory Watch.
[[0;32m  OK  [0m] Started Forw[   39.865327] random: nonblocking pool is initialized
ard Password Requests to Wall Directory Watch.
[   40.052766] systemd[1]: Listening on Journal Audit Socket.
[[0;32m  OK  [0m] Listening on Journal Audit Socket.
[   40.128352] systemd[1]: Listening on LVM2 poll daemon socket.
[[0;32m  OK  [0m] Listening on LVM2 poll daemon socket.
[   40.268305] systemd[1]: Listening on Device-mapper event daemon FIFOs.
[[0;32m  OK  [0m] Listening on Device-mapper event daemon FIFOs.
[   40.415919] systemd[1]: Listening on Syslog Socket.
[[0;32m  OK  [0m] Listening on Syslog Socket.
[   40.509274] systemd[1]: Started Trigger resolvconf update for networkd DNS.
[[0;32m  OK  [0m] Started Trigger resolvconf update for networkd DNS.
[   40.692504] systemd[1]: Created slice System Slice.
[[0;32m  OK  [0m] Created slice System Slice.
[   40.843638] systemd[1]: Starting Uncomplicated firewall...
         Starting Uncomplicated firewall...
[   40.951525] systemd[1]: Starting Remount Root and Kernel File Systems...
[   40.974389] EXT4-fs (sda1): re-mounted. Opts: (null)
         Starting Remount Root and Kernel File Systems...
[   41.099685] systemd[1]: Reached target Slices.
[[0;32m  OK  [0m] Reached target Slices.
[   41.179887] systemd[1]: Mounting Debug File System...
         Mounting Debug File System...
[   41.272040] systemd[1]: Starting Create list of required static device nodes for the current kernel...
         Starting Create list of required st... nodes for the current kernel...
[   41.447509] systemd[1]: Starting Nameserver information manager...
         Starting Nameserver information manager...
[   41.591963] systemd[1]: Mounting POSIX Message Queue File System...
         Mounting POSIX Message Queue File System...
[   41.715660] systemd[1]: Starting Load Kernel Modules...
[   41.739051] Loading iSCSI transport class v2.0-870.
         Starting Load Kernel Modules...
[   41.911113] systemd[1]: Reached target User and Group Name Lookups.
[[0;32m  OK  [0m] Reached target User and Group Name Lookups.
[   41.933626] iscsi: registered transport (tcp)
[   41.933816] systemd[1]: Listening on udev Kernel Socket.
[[0;32m  OK  [0m] Listening on udev Kernel Socket.
[   42.028989] systemd[1]: Created slice system-serial\x2dgetty.slice.
[   42.110923] iscsi: registered transport (iser)
[[0;32m  OK  [0m] Created slice system-serial\x2dgetty.slice.
[   42.231696] systemd[1]: Starting Set console keymap...
         Starting Set console keymap...
[   42.275962] systemd[1]: Set up automount Arbitrary Executable File Formats File System Automount Point.
[[0;32m  OK  [0m] Set up automount Arbitrary Executab...ats File System Automount Point.
[   42.405866] systemd[1]: Listening on Journal Socket (/dev/log).
[[0;32m  OK  [0m] Listening on Journal Socket (/dev/log).
[   42.576152] systemd[1]: Starting Journal Service...
         Starting Journal Service...
[   42.639945] systemd[1]: Listening on LVM2 metadata daemon socket.
[[0;32m  OK  [0m] Listening on LVM2 metadata daemon socket.
[   42.732369] systemd[1]: Starting Monitoring of LVM2 mirrors, snapshots etc. using dmeventd or progress polling...
         Starting Monitoring of LVM2 mirrors... dmeventd or progress polling...
[   42.876485] systemd[1]: Mounting Huge Pages File System...
         Mounting Huge Pages File System...
[   42.946008] systemd[1]: Mounted POSIX Message Queue File System.
[[0;32m  OK  [0m] Mounted POSIX Message Queue File System.
[   43.052324] systemd[1]: Mounted Debug File System.
[[0;32m  OK  [0m] Mounted Debug File System.
[   43.180544] systemd[1]: Mounted Huge Pages File System.
[[0;32m  OK  [0m] Mounted Huge Pages File System.
[   43.307951] systemd[1]: Started Journal Service.
[[0;32m  OK  [0m] Started Journal Service.
[[0;32m  OK  [0m] Started Uncomplicated firewall.
[[0;32m  OK  [0m] Started Remount Root and Kernel File Systems.
[[0;32m  OK  [0m] Started Create list of required sta...ce nodes for the current kernel.
[[0;32m  OK  [0m] Started Load Kernel Modules.
[[0;32m  OK  [0m] Started Set console keymap.
[[0;32m  OK  [0m] Started Nameserver information manager.
[[0;32m  OK  [0m] Started LVM2 metadata daemon.
         Starting Apply Kernel Variables...
         Mounting FUSE Control File System...
         Starting Create Static Device Nodes in /dev...
         Starting udev Coldplug all Devices...
         Starting Load/Save Random Seed...
         Starting Initial cloud-init job (pre-networking)...
         Starting Flush Journal to Persistent Storage...
[[0;32m  OK  [0m] Mounted FUSE Control File System.
[[0;32m  OK  [0m] Started Apply Kernel Variables.
[[0;32m  OK  [0m] Started Create Static Device Nodes in /dev.
[[0;32m  OK  [0m] Started Monitoring of LVM2 mirrors,...ng dmeventd or progress polling.
[[0;32m  OK  [0m] Started Load/Save Random Seed.
[[0;32m  OK  [0m] Started udev Coldplug all Devices.
[[0;32m  OK  [0m] Started Flush Journal to Persistent Storage.
         Starting udev Kernel Device Manager...
[[0;32m  OK  [0m] Started udev Kernel Device Manager.
[[0;32m  OK  [0m] Started Dispatch Password Requests to Console Directory Watch.
[[0;32m  OK  [0m] Reached target Local File Systems (Pre).
[[0;32m  OK  [0m] Reached target Local File Systems.
         Starting Tell Plymouth To Write Out Runtime Data...
         Starting Create Volatile Files and Directories...
         Starting LSB: AppArmor initialization...
         Starting Set console font and keymap...
[[0;32m  OK  [0m] Started Tell Plymouth To Write Out Runtime Data.
[[0;32m  OK  [0m] Started Create Volatile Files and Directories.
[[0;32m  OK  [0m] Found device /dev/ttyS0.
[[0;32m  OK  [0m] Reached target System Time Synchronized.
         Starting Update UTMP about System Boot/Shutdown...
[[0;32m  OK  [0m] Started LSB: AppArmor initialization.
[[0;32m  OK  [0m] Listening on Load/Save RF Kill Switch Status /dev/rfkill Watch.
[   25.237392] cloud-init[440]: Cloud-init v. 0.7.9 running 'init-local' at Wed, 28 Jun 2017 20:20:31 +0000. Up 24.52 seconds.
[[0;32m  OK  [0m] Started Update UTMP about System Boot/Shutdown.
[[0;32m  OK  [0m] Started Initial cloud-init job (pre-networking).
[[0;32m  OK  [0m] Started Set console font and keymap.
[[0;32m  OK  [0m] Created slice system-getty.slice.
[[0;32m  OK  [0m] Reached target Network (Pre).
[[0;32m  OK  [0m] Started ifup for enp0s3.
         Starting Raise network interfaces...
[[0;32m  OK  [0m] Started Raise network interfaces.
         Starting Initial cloud-init job (metadata service crawler)...
[[0;32m  OK  [0m] Reached target Network.
[   28.267370] cloud-init[939]: Cloud-init v. 0.7.9 running 'init' at Wed, 28 Jun 2017 20:20:34 +0000. Up 27.57 seconds.
[[0;32m  OK  [0m[   28.388595] cloud-init[939]: ci-info: +++++++++++++++++++++++++++++++++++++Net device info++++++++++++++++++++++++++++++++++++++
[   28.391562] cloud-init[939]: ci-info: +--------+------+----------------------------+---------------+-------+-------------------+
[   28.391779] cloud-init[939]: ci-info: | Device |  Up  |          Address           |      Mask     | Scope |     Hw-Address    |
] Started Initial cloud-init job (metadata service crawler).
[[   28.392121] cloud-init[939]: ci-info: +--------+------+----------------------------+---------------+-------+-------------------+
[   28.777240] cloud-init[939]: ci-info: |   lo   | True |         127.0.0.1          |   255.0.0.0   |   .   |         .         |
[0;32m  OK  [0m] Reached target Network is Online.
[   28.777662] cloud-init[939]: ci-info: |   lo   | True |          ::1/128           |       .       |  host |         .         |
[   29.200766] cloud-init[939]: ci-info: | enp0s3 | True |         10.0.2.15          | 255.255.255.0 |   .   | 02:fb:34:e1:96:ef |
[   29.201537] cloud-init[939]: ci-info: | enp0s3 | True | fe80::fb:34ff:fee1:96ef/64 |       .       |  link | 02:fb:34:e1:96:ef |
         Starting iSCSI initiator daemon (iscsid)...
[   29.202150] cloud-init[939]: ci-info: +--------+------+----------------------------+---------------+-------+-------------------+
[   29.530047] cloud-init[939]: ci-info: +++++++++++++++++++++++++++Route IPv4 info++++++++++++++++++++++++++++
[[0;32m  OK  [0m] Reached target Cloud-config availability.
[   29.530775] cloud-init[939]: ci-info: +-------+-------------+----------+---------------+-----------+-------+
[   29.821516] cloud-init[939]: ci-info: | Route | Destination | Gateway  |    Genmask    | Interface | Flags |
[[0;32m  OK  [0m] Reached target System Initialization.
[   29.821897] cloud-init[939]: ci-info: +-------+-------------+----------+---------------+-----------+-------+
[   30.208668] cloud-init[939]: ci-info: |   0   |   0.0.0.0   | 10.0.2.2 |    0.0.0.0    |   enp0s3  |   UG  |
[   30.209478] cloud-init[939]: ci-info: |   1   |   10.0.2.0  | 0.0.0.0  | 255.255.255.0 |   enp0s3  |   U   |
[[0;32m  OK  [0m] Started Daily apt activities.
[   30.209928] cloud-init[939]: ci-info: +-------+-------------+----------+---------------+-----------+-------+
[[0;32m  OK  [0m] Listening on ACPID Listen Socket.
[[0;32m  OK  [0m] Started Daily Cleanup of Temporary Directories.
         Starting LXD - unix socket.
[[0;32m  OK  [0m] Started ACPI Events Check.
[[0;32m  OK  [0m] Reached target Paths.
[[0;32m  OK  [0m] Listening on D-Bus System Message Bus Socket.
         Starting Socket activation for snappy daemon.
[[0;32m  OK  [0m] Started Timer to automatically refresh installed snaps.
[[0;32m  OK  [0m] Reached target Timers.
[[0;32m  OK  [0m] Listening on UUID daemon activation socket.
[[0;32m  OK  [0m] Listening on LXD - unix socket.
[[0;32m  OK  [0m] Listening on Socket activation for snappy daemon.
[[0;32m  OK  [0m] Started iSCSI initiator daemon (iscsid).
         Starting Login to default iSCSI targets...
[[0;32m  OK  [0m] Reached target Sockets.
[[0;32m  OK  [0m] Reached target Basic System.
[[0;32m  OK  [0m] Started Unattended Upgrades Shutdown.
[[0;32m  OK  [0m] Started ACPI event daemon.
         Starting LSB: Record successful boot for GRUB...
         Starting Accounts Service...
         Starting System Logging Service...
[[0;32m  OK  [0m] Started Regular background program processing daemon.
         Starting A high performance web server and a reverse proxy server...
[[0;32m  OK  [0m] Started D-Bus System Message Bus.
[[0;32m  OK  [0m] Started Deferred execution scheduler.
         Starting Apply the settings specified in cloud-config...
         Starting LXD - container startup/shutdown...
         Starting Login Service...
         Starting LSB: MD monitoring daemon...
         Starting /etc/rc.local Compatibility...
[[0;32m  OK  [0m] Started Snappy daemon.
         Starting Auto import assertions from block devices...
[[0;32m  OK  [0m] Started FUSE filesystem for LXC.
         Starting OpenBSD Secure Shell server...
[[0;32m  OK  [0m] Started System Logging Service.
[[0;1;31mFAILED[0m] Failed to start A high performance ...rver and a reverse proxy server.
See 'systemctl status nginx.service' for details.
[[0;32m  OK  [0m] Started LXD - container startup/shutdown.
[[0;32m  OK  [0m] Started /etc/rc.local Compatibility.
[[0;32m  OK  [0m] Started Auto import assertions from block devices.
[[0;32m  OK  [0m] Started OpenBSD Secure Shell server.
[[0;32m  OK  [0m] Started Login to default iSCSI targets.
[[0;32m  OK  [0m] Started LSB: Record successful boot for GRUB.
[[0;32m  OK  [0m] Started LSB: MD monitoring daemon.
[[0;32m  OK  [0m] Started Login Service.
         Starting Authenticate and Authorize Users to Run Privileged Tasks...
[[0;32m  OK  [0m] Reached target Remote File Systems (Pre).
[[0;32m  OK  [0m] Reached target Remote File Systems.
[   33.467827] cloud-init[1027]: Cloud-init v. 0.7.9 running 'modules:config' at Wed, 28 Jun 2017 20:20:40 +0000. Up 33.15 seconds.
         Starting LSB: Set the CPU Frequency Scaling governor to "ondemand"...
         Starting LSB: daemon to balance interrupts for SMP systems...
         Starting LSB: VirtualBox Linux Additions...
         Starting Permit User Sessions...
         Starting LSB: automatic crash report generation...
[[0;32m  OK  [0m] Started Apply the settings specified in cloud-config.
[[0;32m  OK  [0m] Started Permit User Sessions.
[[0;32m  OK  [0m] Started Authenticate and Authorize Users to Run Privileged Tasks.
[[0;32m  OK  [0m] Started Accounts Service.
[[0;32m  OK  [0m] Started LSB: Set the CPU Frequency Scaling governor to "ondemand".
         Starting Hold until boot process finishes up...
         Starting Terminate Plymouth Boot Screen...
[[0;32m  OK  [0m] Started LSB: daemon to balance interrupts for SMP systems.
[[0;32m  OK  [0m] Started LSB: automatic crash report generation.
[[0;32m  OK  [0m] Started Hold until boot process finishes up.
[[0;32m  OK  [0m] Started LSB: VirtualBox Linux Additions.
[[0;32m  OK  [0m] Started Terminate Plymouth Boot Screen.
[[0;32m  OK  [0m] Started Serial Getty on ttyS0.
         Starting Set console scheme...
[[0;32m  OK  [0m] Started Getty on tty1.
[[0;32m  OK  [0m] Reached target Login Prompts.
[[0;32m  OK  [0m] Reached target Multi-User System.
         Starting Execute cloud user/final scripts...
[[0;32m  OK  [0m] Reached target Graphical Interface.
         Starting Update UTMP about System Runlevel Changes...
[[0;32m  OK  [0m] Started Set console scheme.
[[0;32m  OK  [0m] Started Update UTMP about System Runlevel Changes.
[[0;32m  OK  [0m] Created slice User Slice of ubuntu.
[[0;32m  OK  [0m] Started Session 1 of user ubuntu.
         Starting User Manager for UID 1000...
[[0;32m  OK  [0m] Started User Manager for UID 1000.
[   36.322705] cloud-init[1177]: Cloud-init v. 0.7.9 running 'modules:final' at Wed, 28 Jun 2017 20:20:42 +0000. Up 35.87 seconds.
[   36.446291] cloud-init[1177]: Cloud-init v. 0.7.9 finished at Wed, 28 Jun 2017 20:20:43 +0000. Datasource DataSourceNoCloud [seed=/dev/sdb][dsmode=net].  Up 36.29 seconds
[[0;32m  OK  [0m] Started Execute cloud user/final scripts.
[[0;32m  OK  [0m] Reached target Cloud-init target.

Ubuntu 16.04.2 LTS ubuntu-xenial ttyS0

ubuntu-xenial login: 