[    0.000000] Initializing cgroup subsys cpuset
[    0.000000] Initializing cgroup subsys cpu
[    0.000000] Initializing cgroup subsys cpuacct
[    0.000000] Linux version 4.4.0-83-generic (buildd@lgw01-29) (gcc version 5.4.0 20160609 (Ubuntu 5.4.0-6ubuntu1~16.04.4) ) #106-Ubuntu SMP Mon Jun 26 17:54:43 UTC 2017 (Ubuntu 4.4.0-83.106-generic 4.4.70)
[    0.000000] Command line: BOOT_IMAGE=/boot/vmlinuz-4.4.0-83-generic root=UUID=4d5d1894-7ea2-4612-ba0d-9cf5344f2639 ro console=tty1 console=ttyS0
[    0.000000] KERNEL supported cpus:
[    0.000000]   Intel GenuineIntel
[    0.000000]   AMD AuthenticAMD
[    0.000000]   Centaur CentaurHauls
[    0.000000] x86/fpu: xstate_offset[2]:  576, xstate_sizes[2]:  256
[    0.000000] x86/fpu: Supporting XSAVE feature 0x01: 'x87 floating point registers'
[    0.000000] x86/fpu: Supporting XSAVE feature 0x02: 'SSE registers'
[    0.000000] x86/fpu: Supporting XSAVE feature 0x04: 'AVX registers'
[    0.000000] x86/fpu: Enabled xstate features 0x7, context size is 832 bytes, using 'standard' format.
[    0.000000] x86/fpu: Using 'lazy' FPU context switches.
[    0.000000] e820: BIOS-provided physical RAM map:
[    0.000000] BIOS-e820: [mem 0x0000000000000000-0x000000000009fbff] usable
[    0.000000] BIOS-e820: [mem 0x000000000009fc00-0x000000000009ffff] reserved
[    0.000000] BIOS-e820: [mem 0x00000000000f0000-0x00000000000fffff] reserved
[    0.000000] BIOS-e820: [mem 0x0000000000100000-0x000000003ffeffff] usable
[    0.000000] BIOS-e820: [mem 0x000000003fff0000-0x000000003fffffff] ACPI data
[    0.000000] BIOS-e820: [mem 0x00000000fec00000-0x00000000fec00fff] reserved
[    0.000000] BIOS-e820: [mem 0x00000000fee00000-0x00000000fee00fff] reserved
[    0.000000] BIOS-e820: [mem 0x00000000fffc0000-0x00000000ffffffff] reserved
[    0.000000] NX (Execute Disable) protection: active
[    0.000000] SMBIOS 2.5 present.
[    0.000000] Hypervisor detected: KVM
[    0.000000] e820: last_pfn = 0x3fff0 max_arch_pfn = 0x400000000
[    0.000000] MTRR: Disabled
[    0.000000] x86/PAT: MTRRs disabled, skipping PAT initialization too.
[    0.000000] x86/PAT: Configuration [0-7]: WB  WT  UC- UC  WB  WT  UC- UC  
[    0.000000] CPU MTRRs all blank - virtualized system.
[    0.000000] found SMP MP-table at [mem 0x0009fff0-0x0009ffff] mapped at [ffff88000009fff0]
[    0.000000] Scanning 1 areas for low memory corruption
[    0.000000] RAMDISK: [mem 0x36234000-0x37111fff]
[    0.000000] ACPI: Early table checksum verification disabled
[    0.000000] ACPI: RSDP 0x00000000000E0000 000024 (v02 VBOX  )
[    0.000000] ACPI: XSDT 0x000000003FFF0030 00003C (v01 VBOX   VBOXXSDT 00000001 ASL  00000061)
[    0.000000] ACPI: FACP 0x000000003FFF00F0 0000F4 (v04 VBOX   VBOXFACP 00000001 ASL  00000061)
[    0.000000] ACPI: DSDT 0x000000003FFF0470 0021C8 (v02 VBOX   VBOXBIOS 00000002 INTL 20100528)
[    0.000000] ACPI: FACS 0x000000003FFF0200 000040
[    0.000000] ACPI: FACS 0x000000003FFF0200 000040
[    0.000000] ACPI: APIC 0x000000003FFF0240 00005C (v02 VBOX   VBOXAPIC 00000001 ASL  00000061)
[    0.000000] ACPI: SSDT 0x000000003FFF02A0 0001CC (v01 VBOX   VBOXCPUT 00000002 INTL 20100528)
[    0.000000] No NUMA configuration found
[    0.000000] Faking a node at [mem 0x0000000000000000-0x000000003ffeffff]
[    0.000000] NODE_DATA(0) allocated [mem 0x3ffeb000-0x3ffeffff]
[    0.000000] kvm-clock: Using msrs 4b564d01 and 4b564d00
[    0.000000] kvm-clock: cpu 0, msr 0:3ffe3001, primary cpu clock
[    0.000000] kvm-clock: using sched offset of 3419130119 cycles
[    0.000000] clocksource: kvm-clock: mask: 0xffffffffffffffff max_cycles: 0x1cd42e4dffb, max_idle_ns: 881590591483 ns
[    0.000000] Zone ranges:
[    0.000000]   DMA      [mem 0x0000000000001000-0x0000000000ffffff]
[    0.000000]   DMA32    [mem 0x0000000001000000-0x000000003ffeffff]
[    0.000000]   Normal   empty
[    0.000000]   Device   empty
[    0.000000] Movable zone start for each node
[    0.000000] Early memory node ranges
[    0.000000]   node   0: [mem 0x0000000000001000-0x000000000009efff]
[    0.000000]   node   0: [mem 0x0000000000100000-0x000000003ffeffff]
[    0.000000] Initmem setup node 0 [mem 0x0000000000001000-0x000000003ffeffff]
[    0.000000] ACPI: PM-Timer IO Port: 0x4008
[    0.000000] IOAPIC[0]: apic_id 2, version 32, address 0xfec00000, GSI 0-23
[    0.000000] ACPI: INT_SRC_OVR (bus 0 bus_irq 0 global_irq 2 dfl dfl)
[    0.000000] ACPI: INT_SRC_OVR (bus 0 bus_irq 9 global_irq 9 high level)
[    0.000000] Using ACPI (MADT) for SMP configuration information
[    0.000000] smpboot: Allowing 2 CPUs, 0 hotplug CPUs
[    0.000000] PM: Registered nosave memory: [mem 0x00000000-0x00000fff]
[    0.000000] PM: Registered nosave memory: [mem 0x0009f000-0x0009ffff]
[    0.000000] PM: Registered nosave memory: [mem 0x000a0000-0x000effff]
[    0.000000] PM: Registered nosave memory: [mem 0x000f0000-0x000fffff]
[    0.000000] e820: [mem 0x40000000-0xfebfffff] available for PCI devices
[    0.000000] Booting paravirtualized kernel on KVM
[    0.000000] clocksource: refined-jiffies: mask: 0xffffffff max_cycles: 0xffffffff, max_idle_ns: 7645519600211568 ns
[    0.000000] setup_percpu: NR_CPUS:512 nr_cpumask_bits:512 nr_cpu_ids:2 nr_node_ids:1
[    0.000000] PERCPU: Embedded 33 pages/cpu @ffff88003fc00000 s98264 r8192 d28712 u1048576
[    0.000000] PV qspinlock hash table entries: 256 (order: 0, 4096 bytes)
[    0.000000] Built 1 zonelists in Node order, mobility grouping on.  Total pages: 257913
[    0.000000] Policy zone: DMA32
[    0.000000] Kernel command line: BOOT_IMAGE=/boot/vmlinuz-4.4.0-83-generic root=UUID=4d5d1894-7ea2-4612-ba0d-9cf5344f2639 ro console=tty1 console=ttyS0
[    0.000000] PID hash table entries: 4096 (order: 3, 32768 bytes)
[    0.000000] Memory: 997352K/1048120K available (8469K kernel code, 1294K rwdata, 3984K rodata, 1488K init, 1316K bss, 50768K reserved, 0K cma-reserved)
[    0.000000] SLUB: HWalign=64, Order=0-3, MinObjects=0, CPUs=2, Nodes=1
[    0.000000] Hierarchical RCU implementation.
[    0.000000] 	Build-time adjustment of leaf fanout to 64.
[    0.000000] 	RCU restricting CPUs from NR_CPUS=512 to nr_cpu_ids=2.
[    0.000000] RCU: Adjusting geometry for rcu_fanout_leaf=64, nr_cpu_ids=2
[    0.000000] NR_IRQS:33024 nr_irqs:440 16
[    0.000000] Console: colour VGA+ 80x25
[    0.000000] console [tty1] enabled
[    0.000000] console [ttyS0] enabled
[    0.000000] tsc: Detected 2195.014 MHz processor
[    6.777782] Calibrating delay loop (skipped) preset value.. 4390.02 BogoMIPS (lpj=8780056)
[    6.779858] pid_max: default: 32768 minimum: 301
[    6.780909] ACPI: Core revision 20150930
[    6.782976] ACPI: 2 ACPI AML tables successfully acquired and loaded
[    6.789448] Security Framework initialized
[    6.859095] Yama: becoming mindful.
[    6.898912] AppArmor: AppArmor initialized
[    6.910566] Dentry cache hash table entries: 131072 (order: 8, 1048576 bytes)
[    6.931547] Inode-cache hash table entries: 65536 (order: 7, 524288 bytes)
[    7.032491] Mount-cache hash table entries: 2048 (order: 2, 16384 bytes)
[    7.156899] Mountpoint-cache hash table entries: 2048 (order: 2, 16384 bytes)
[    7.302749] Initializing cgroup subsys io
[    7.304460] Initializing cgroup subsys memory
[    7.306142] Initializing cgroup subsys devices
[    7.319846] Initializing cgroup subsys freezer
[    7.352360] Initializing cgroup subsys net_cls
[    7.353946] Initializing cgroup subsys perf_event
[    7.355456] Initializing cgroup subsys net_prio
[    7.356483] Initializing cgroup subsys hugetlb
[    7.419580] Initializing cgroup subsys pids
[    7.453973] CPU: Physical Processor ID: 0
[    7.463804] CPU: Processor Core ID: 0
[    7.501563] mce: CPU supports 0 MCE banks
[    7.553140] Last level iTLB entries: 4KB 512, 2MB 8, 4MB 8
[    7.554352] Last level dTLB entries: 4KB 512, 2MB 32, 4MB 32, 1GB 0
[    7.581049] Freeing SMP alternatives memory: 32K (ffffffff820b9000 - ffffffff820c1000)
[    7.717255] ftrace: allocating 32129 entries in 126 pages
[    7.896818] smpboot: APIC(0) Converting physical 0 to logical package 0
[    8.035196] smpboot: Max logical packages: 1
[    8.099056] x2apic enabled
[    8.113201] Switched APIC routing to physical x2apic.
[    8.139271] ..TIMER: vector=0x30 apic1=0 pin1=2 apic2=-1 pin2=-1
[    8.247515] smpboot: CPU0: Intel(R) Core(TM) i7-2670QM CPU @ 2.20GHz (family: 0x6, model: 0x2a, stepping: 0x7)
[    8.368034] Performance Events: unsupported p6 CPU model 42 no PMU driver, software events only.
[    8.370086] KVM setup paravirtual spinlock
[    8.371765] x86: Booting SMP configuration:
[    8.372702] .... node  #0, CPUs:      #1
[    8.373710] kvm-clock: cpu 1, msr 0:3ffe3041, secondary cpu clock
[    8.374664] mce: CPU supports 0 MCE banks
[    8.378471] x86: Booted up 1 node, 2 CPUs
[    8.386159] smpboot: Total of 2 processors activated (8780.05 BogoMIPS)
[    8.535598] devtmpfs: initialized
[    8.612778] evm: security.selinux
[    8.652593] evm: security.SMACK64
[    8.662583] evm: security.SMACK64EXEC
[    8.678677] evm: security.SMACK64TRANSMUTE
[    8.680429] evm: security.SMACK64MMAP
[    8.683555] evm: security.ima
[    8.689006] evm: security.capability
[    8.691037] clocksource: jiffies: mask: 0xffffffff max_cycles: 0xffffffff, max_idle_ns: 7645041785100000 ns
[    8.696068] futex hash table entries: 512 (order: 3, 32768 bytes)
[    8.759437] pinctrl core: initialized pinctrl subsystem
[    8.761338] RTC time: 22:02:47, date: 07/04/17
[    8.766883] NET: Registered protocol family 16
[    8.791784] cpuidle: using governor ladder
[    8.834368] cpuidle: using governor menu
[    8.843974] PCCT header not found.
[    8.844899] ACPI: bus type PCI registered
[    8.845840] acpiphp: ACPI Hot Plug PCI Controller Driver version: 0.5
[    8.847309] PCI: Using configuration type 1 for base access
[    8.882119] ACPI: Added _OSI(Module Device)
[    8.896872] ACPI: Added _OSI(Processor Device)
[    8.912122] ACPI: Added _OSI(3.0 _SCP Extensions)
[    8.941499] ACPI: Added _OSI(Processor Aggregator Device)
[    9.042117] ACPI: Executed 1 blocks of module-level executable AML code
[    9.068091] ACPI: Interpreter enabled
[    9.080031] ACPI: (supports S0 S5)
[    9.087036] ACPI: Using IOAPIC for interrupt routing
[    9.088331] PCI: Using host bridge windows from ACPI; if necessary, use "pci=nocrs" and report a bug
[    9.109126] ACPI: PCI Root Bridge [PCI0] (domain 0000 [bus 00-ff])
[    9.110371] acpi PNP0A03:00: _OSC: OS supports [ASPM ClockPM Segments MSI]
[    9.140430] acpi PNP0A03:00: _OSC failed (AE_NOT_FOUND); disabling ASPM
[    9.142376] acpi PNP0A03:00: fail to add MMCONFIG information, can't access extended PCI configuration space under this bridge.
[    9.316392] PCI host bridge to bus 0000:00
[    9.343222] pci_bus 0000:00: root bus resource [io  0x0000-0x0cf7 window]
[    9.350551] pci_bus 0000:00: root bus resource [io  0x0d00-0xffff window]
[    9.391332] pci_bus 0000:00: root bus resource [mem 0x000a0000-0x000bffff window]
[    9.393007] pci_bus 0000:00: root bus resource [mem 0x40000000-0xffdfffff window]
[    9.394673] pci_bus 0000:00: root bus resource [bus 00-ff]
[    9.397826] pci 0000:00:01.1: legacy IDE quirk: reg 0x10: [io  0x01f0-0x01f7]
[    9.437945] pci 0000:00:01.1: legacy IDE quirk: reg 0x14: [io  0x03f6]
[    9.440126] pci 0000:00:01.1: legacy IDE quirk: reg 0x18: [io  0x0170-0x0177]
[    9.442431] pci 0000:00:01.1: legacy IDE quirk: reg 0x1c: [io  0x0376]
[    9.498204] pci 0000:00:07.0: quirk: [io  0x4000-0x403f] claimed by PIIX4 ACPI
[    9.571889] pci 0000:00:07.0: quirk: [io  0x4100-0x410f] claimed by PIIX4 SMB
[    9.578356] ACPI: PCI Interrupt Link [LNKA] (IRQs 5 9 10 *11)
[    9.601005] ACPI: PCI Interrupt Link [LNKB] (IRQs 5 9 10 *11)
[    9.727298] ACPI: PCI Interrupt Link [LNKC] (IRQs 5 9 *10 11)
[    9.835160] ACPI: PCI Interrupt Link [LNKD] (IRQs 5 *9 10 11)
[    9.900857] ACPI: Enabled 2 GPEs in block 00 to 07
[    9.910507] vgaarb: setting as boot device: PCI:0000:00:02.0
[    9.932659] vgaarb: device added: PCI:0000:00:02.0,decodes=io+mem,owns=io+mem,locks=none
[    9.954816] vgaarb: loaded
[   10.005663] vgaarb: bridge control possible 0000:00:02.0
[   10.131519] SCSI subsystem initialized
[   10.196870] ACPI: bus type USB registered
[   10.283346] usbcore: registered new interface driver usbfs
[   10.412045] usbcore: registered new interface driver hub
[   10.503734] usbcore: registered new device driver usb
[   10.505518] PCI: Using ACPI for IRQ routing
[   10.508597] NetLabel: Initializing
[   10.525439] NetLabel:  domain hash size = 128
[   10.527117] NetLabel:  protocols = UNLABELED CIPSOv4
[   10.529046] NetLabel:  unlabeled traffic allowed by default
[   10.531141] amd_nb: Cannot enumerate AMD northbridges
[   10.549452] clocksource: Switched to clocksource kvm-clock
[   10.566082] AppArmor: AppArmor Filesystem Enabled
[   10.570188] pnp: PnP ACPI init
[   10.571850] pnp: PnP ACPI: found 3 devices
[   10.643671] clocksource: acpi_pm: mask: 0xffffff max_cycles: 0xffffff, max_idle_ns: 2085701024 ns
[   10.712125] NET: Registered protocol family 2
[   10.739293] TCP established hash table entries: 8192 (order: 4, 65536 bytes)
[   10.740732] TCP bind hash table entries: 8192 (order: 5, 131072 bytes)
[   10.742087] TCP: Hash tables configured (established 8192 bind 8192)
[   10.743371] UDP hash table entries: 512 (order: 2, 16384 bytes)
[   10.744571] UDP-Lite hash table entries: 512 (order: 2, 16384 bytes)
[   10.908817] NET: Registered protocol family 1
[   11.042825] pci 0000:00:00.0: Limiting direct PCI/PCI transfers
[   11.199463] pci 0000:00:01.0: Activating ISA DMA hang workarounds
[   11.379712] Unpacking initramfs...
[   11.723851] Freeing initrd memory: 15224K (ffff880036234000 - ffff880037112000)
[   11.852253] RAPL PMU detected, API unit is 2^-32 Joules, 3 fixed counters 10737418240 ms ovfl timer
[   11.854184] hw unit of domain pp0-core 2^-0 Joules
[   11.867246] hw unit of domain package 2^-0 Joules
[   11.868252] hw unit of domain pp1-gpu 2^-0 Joules
[   11.869324] platform rtc_cmos: registered platform RTC device (no PNP device found)
[   11.954506] Scanning for low memory corruption every 60 seconds
[   11.956234] audit: initializing netlink subsys (disabled)
[   12.034163] audit: type=2000 audit(1499205765.846:1): initialized
[   12.094287] Initialise system trusted keyring
[   12.102463] HugeTLB registered 2 MB page size, pre-allocated 0 pages
[   12.195920] zbud: loaded
[   12.230636] VFS: Disk quotas dquot_6.6.0
[   12.289025] VFS: Dquot-cache hash table entries: 512 (order 0, 4096 bytes)
[   12.316583] squashfs: version 4.0 (2009/01/31) Phillip Lougher
[   12.323467] fuse init (API version 7.23)
[   12.436233] Key type big_key registered
[   12.528578] Allocating IMA MOK and blacklist keyrings.
[   12.607082] Key type asymmetric registered
[   12.608015] Asymmetric key parser 'x509' registered
[   12.609169] Block layer SCSI generic (bsg) driver version 0.4 loaded (major 249)
[   12.610909] io scheduler noop registered
[   12.611754] io scheduler deadline registered (default)
[   12.618701] io scheduler cfq registered
[   12.619706] pci_hotplug: PCI Hot Plug PCI Core version: 0.5
[   12.620861] pciehp: PCI Express Hot Plug Controller Driver version: 0.4
[   12.630955] ACPI: AC Adapter [AC] (on-line)
[   12.703394] input: Power Button as /devices/LNXSYSTM:00/LNXPWRBN:00/input/input0
[   12.832535] ACPI: Power Button [PWRF]
[   12.854216] input: Sleep Button as /devices/LNXSYSTM:00/LNXSLPBN:00/input/input1
[   12.855873] ACPI: Sleep Button [SLPF]
[   12.945922] tsc: Refined TSC clocksource calibration: 2194.652 MHz
[   13.081693] clocksource: tsc: mask: 0xffffffffffffffff max_cycles: 0x1fa276918b0, max_idle_ns: 440795203293 ns
[   13.082636] ACPI: Battery Slot [BAT0] (battery present)
[   13.082668] GHES: HEST is not enabled!
[   13.082769] Serial: 8250/16550 driver, 32 ports, IRQ sharing enabled
[   13.332427] 00:02: ttyS0 at I/O 0x3f8 (irq = 4, base_baud = 115200) is a 16550A
[   13.475133] Linux agpgart interface v0.103
[   13.508754] loop: module loaded
[   13.509332] scsi host0: ata_piix
[   13.509394] scsi host1: ata_piix
[   13.509426] ata1: PATA max UDMA/33 cmd 0x1f0 ctl 0x3f6 bmdma 0xd000 irq 14
[   13.509427] ata2: PATA max UDMA/33 cmd 0x170 ctl 0x376 bmdma 0xd008 irq 15
[   13.509501] libphy: Fixed MDIO Bus: probed
[   13.509503] tun: Universal TUN/TAP device driver, 1.6
[   13.509504] tun: (C) 1999-2004 Max Krasnyansky <maxk@qualcomm.com>
[   13.509836] PPP generic driver version 2.4.2
[   13.509890] ehci_hcd: USB 2.0 'Enhanced' Host Controller (EHCI) Driver
[   13.509893] ehci-pci: EHCI PCI platform driver
[   13.509901] ehci-platform: EHCI generic platform driver
[   13.509909] ohci_hcd: USB 1.1 'Open' Host Controller (OHCI) Driver
[   13.509912] ohci-pci: OHCI PCI platform driver
[   13.509921] ohci-platform: OHCI generic platform driver
[   13.509928] uhci_hcd: USB Universal Host Controller Interface driver
[   13.509979] i8042: PNP: PS/2 Controller [PNP0303:PS2K,PNP0f03:PS2M] at 0x60,0x64 irq 1,12
[   13.556369] serio: i8042 KBD port at 0x60,0x64 irq 1
[   13.556377] serio: i8042 AUX port at 0x60,0x64 irq 12
[   13.556526] mousedev: PS/2 mouse device common for all mice
[   13.556862] rtc_cmos rtc_cmos: rtc core: registered rtc_cmos as rtc0
[   13.556922] rtc_cmos rtc_cmos: alarms up to one day, 114 bytes nvram
[   13.556929] i2c /dev entries driver
[   13.556984] device-mapper: uevent: version 1.0.3
[   13.557038] device-mapper: ioctl: 4.34.0-ioctl (2015-10-28) initialised: dm-devel@redhat.com
[   13.557062] ledtrig-cpu: registered to indicate activity on CPUs
[   13.557356] NET: Registered protocol family 10
[   13.557495] NET: Registered protocol family 17
[   13.557504] Key type dns_resolver registered
[   13.663312] microcode: CPU0 sig=0x206a7, pf=0x10, revision=0x0
[   13.663388] microcode: CPU1 sig=0x206a7, pf=0x10, revision=0x0
[   13.663450] microcode: Microcode Update Driver: v2.01 <tigran@aivazian.fsnet.co.uk>, Peter Oruba
[   13.663576] registered taskstats version 1
[   13.663591] Loading compiled-in X.509 certificates
[   13.664441] Loaded X.509 cert 'Build time autogenerated kernel key: 35105354eb779045e4d9ad793dead39d5ee93f76'
[   13.664463] zswap: loaded using pool lzo/zbud
[   13.666461] Key type trusted registered
[   13.668992] Key type encrypted registered
[   13.668996] AppArmor: AppArmor sha1 policy hashing enabled
[   13.668998] ima: No TPM chip found, activating TPM-bypass!
[   13.669014] evm: HMAC attrs: 0x1
[   13.669271]   Magic number: 9:601:46
[   13.716873] rtc_cmos rtc_cmos: setting system clock to 2017-07-04 22:02:52 UTC (1499205772)
[   13.717029] BIOS EDD facility v0.16 2004-Jun-25, 0 devices found
[   13.717030] EDD information not available.
[   14.127511] input: AT Translated Set 2 keyboard as /devices/platform/i8042/serio0/input/input2
[   15.498167] Freeing unused kernel memory: 1488K (ffffffff81f45000 - ffffffff820b9000)
[   15.643239] Write protecting the kernel read-only data: 14336k
[   15.783699] Freeing unused kernel memory: 1760K (ffff880001848000 - ffff880001a00000)
[   15.845368] Freeing unused kernel memory: 112K (ffff880001de4000 - ffff880001e00000)
Loading, please wait...
starting version[   15.862151] random: systemd-udevd: uninitialized urandom read (16 bytes read, 4 bits of entropy available)
 229
[   15.862807] random: udevadm: uninitialized urandom read (16 bytes read, 4 bits of entropy available)
[   15.862855] random: udevadm: uninitialized urandom read (16 bytes read, 4 bits of entropy available)
[   15.863025] random: udevadm: uninitialized urandom read (16 bytes read, 4 bits of entropy available)
[   15.863091] random: udevadm: uninitialized urandom read (16 bytes read, 4 bits of entropy available)
[   15.863178] random: udevadm: uninitialized urandom read (16 bytes read, 4 bits of entropy available)
[   15.863229] random: udevadm: uninitialized urandom read (16 bytes read, 4 bits of entropy available)
[   15.863277] random: udevadm: uninitialized urandom read (16 bytes read, 4 bits of entropy available)
[   15.863324] random: udevadm: uninitialized urandom read (16 bytes read, 4 bits of entropy available)
[   15.863368] random: udevadm: uninitialized urandom read (16 bytes read, 4 bits of entropy available)
[   15.941830] e1000: Intel(R) PRO/1000 Network Driver - version 7.3.21-k8-NAPI
[   16.066627] e1000: Copyright (c) 1999-2006 Intel Corporation.
[   16.096374] Fusion MPT base driver 3.04.20
[   16.098416] Copyright (c) 1999-2008 LSI Corporation
[   16.105251] Fusion MPT SPI Host driver 3.04.20
[   16.122320] AVX version of gcm_enc/dec engaged.
[   16.124449] AES CTR mode by8 optimization enabled
[   16.313147] input: ImExPS/2 Generic Explorer Mouse as /devices/platform/i8042/serio1/input/input4
[   16.470506] e1000 0000:00:03.0 eth0: (PCI:33MHz:32-bit) 02:fb:34:e1:96:ef
[   16.618424] e1000 0000:00:03.0 eth0: Intel(R) PRO/1000 Network Connection
[   16.786193] e1000 0000:00:03.0 enp0s3: renamed from eth0
[   16.793304] mptbase: ioc0: Initiating bringup
[   16.963496] ioc0: LSI53C1030 A0: Capabilities={Initiator}
[   17.254635] scsi host2: ioc0: LSI53C1030 A0, FwRev=00000000h, Ports=1, MaxQ=256, IRQ=20
[   17.550437] scsi 2:0:0:0: Direct-Access     VBOX     HARDDISK         1.0  PQ: 0 ANSI: 5
[   17.745208] scsi target2:0:0: Beginning Domain Validation
[   17.829820] scsi target2:0:0: Domain Validation skipping write tests
[   17.891797] scsi target2:0:0: Ending Domain Validation
[   17.978799] scsi target2:0:0: asynchronous
[   17.981984] scsi 2:0:1:0: Direct-Access     VBOX     HARDDISK         1.0  PQ: 0 ANSI: 5
[   18.000009] scsi target2:0:1: Beginning Domain Validation
[   18.003012] scsi target2:0:1: Domain Validation skipping write tests
[   18.023334] scsi target2:0:1: Ending Domain Validation
[   18.024655] scsi target2:0:1: asynchronous
[   18.041160] sd 2:0:0:0: [sda] 20971520 512-byte logical blocks: (10.7 GB/10.0 GiB)
[   18.045252] sd 2:0:0:0: Attached scsi generic sg0 type 0
[   18.046552] sd 2:0:0:0: [sda] Write Protect is off
[   18.047017] sd 2:0:1:0: Attached scsi generic sg1 type 0
[   18.055157] sd 2:0:0:0: [sda] Incomplete mode parameter data
[   18.055182] sd 2:0:1:0: [sdb] 20480 512-byte logical blocks: (10.5 MB/10.0 MiB)
[   18.255134] sd 2:0:0:0: [sda] Assuming drive cache: write through
[   18.398580] sd 2:0:1:0: [sdb] Write Protect is off
[   18.399799] sd 2:0:1:0: [sdb] Incomplete mode parameter data
[   18.400989] sd 2:0:1:0: [sdb] Assuming drive cache: write through
[   18.404187]  sda: sda1
[   18.414168] sd 2:0:0:0: [sda] Attached SCSI disk
[   18.415217] sd 2:0:1:0: [sdb] Attached SCSI disk
[   19.118698] floppy0: no floppy controllers found
Begin: Loading e[   20.564331] md: linear personality registered for level -1
ssential drivers[   20.713938] md: multipath personality registered for level -4
 ... [   20.862320] md: raid0 personality registered for level 0
[   20.956832] md: raid1 personality registered for level 1
[   21.154286] raid6: sse2x1   gen()  7375 MB/s
[   21.262200] raid6: sse2x1   xor()  5673 MB/s
[   21.430112] raid6: sse2x2   gen()  9489 MB/s
[   21.601673] raid6: sse2x2   xor()  6545 MB/s
[   21.777809] raid6: sse2x4   gen() 10752 MB/s
[   21.949466] raid6: sse2x4   xor()  7878 MB/s
[   22.045717] raid6: using algorithm sse2x4 gen() 10752 MB/s
[   22.168547] raid6: .... xor() 7878 MB/s, rmw enabled
[   22.246280] raid6: using ssse3x2 recovery algorithm
[   22.249076] xor: automatically using best checksumming function:
[   22.289687]    avx       : 17093.000 MB/sec
[   22.363790] async_tx: api initialized (async)
[   22.458859] md: raid6 personality registered for level 6
[   22.554877] md: raid5 personality registered for level 5
[   22.681476] md: raid4 personality registered for level 4
[   22.770516] md: raid10 personality registered for level 10
done.
Begin: Running /scripts/init-premount ... done[   22.810332] Btrfs loaded
.
Begin: Mounting root file system ... Begin: Running /scripts/local-top ... done.
Begin: Running /scripts/local-premount ... Scanning for Btrfs filesystems
done.
Warning: fsck not present, so sk[   22.886446] EXT4-fs (sda1): INFO: recovery required on readonly filesystem
ipping root file[   22.887961] EXT4-fs (sda1): write access will be enabled during recovery
 system
[   23.106925] EXT4-fs (sda1): orphan cleanup on readonly fs
[   23.125914] EXT4-fs (sda1): 1 orphan inode deleted
[   23.126960] EXT4-fs (sda1): recovery complete
[   23.128476] EXT4-fs (sda1): mounted filesystem with ordered data mode. Opts: (null)
done.
Begin: Running /scripts/local-bottom ... done.
Begin: Running /scripts/init-bottom ... done.
[   23.258707] systemd[1]: systemd 229 running in system mode. (+PAM +AUDIT +SELINUX +IMA +APPARMOR +SMACK +SYSVINIT +UTMP +LIBCRYPTSETUP +GCRYPT +GNUTLS +ACL +XZ -LZ4 +SECCOMP +BLKID +ELFUTILS +KMOD -IDN)
[   23.328330] systemd[1]: Detected virtualization oracle.
[   23.443044] systemd[1]: Detected architecture x86-64.

Welcome to [1mUbuntu 16.04.2 LTS[0m!

[   23.618944] systemd[1]: Set hostname to <ubuntu-xenial>.
[   23.927340] systemd[1]: Reached target Swap.
[[0;32m  OK  [0m] Reached target Swap.
[   24.098199] systemd[1]: Listening on Journal Socket (/dev/log).
[[0;32m  OK  [0m] Listening on Journal Socket (/dev/log).
[   24.353814] systemd[1]: Reached target Encrypted Volumes.
[[0;32m  OK  [0m] Reached target Encrypted Volumes.
[   24.422860] systemd[1]: Created slice System Slice.
[[0;32m  OK  [0m] Created slice System Slice.
[   24.602669] systemd[1]: Started Trigger resolvconf update for networkd DNS.
[[0;32m  OK  [0m] Started Trigger resolvconf update for networkd DNS.
[   24.802691] systemd[1]: Listening on Device-mapper event daemon FIFOs.
[[0;32m  OK  [0m] Listening on Device-mapper event daemon FIFOs.
[   24.805802] systemd[1]: Listening on LVM2 metadata daemon socket.
[[0;32m  OK  [0m] Listening on LVM2 metadata daemon socket.
[   24.840479] systemd[1]: Started Forward Password Requests to Wall Directory Watch.
[[0;32m  OK  [0m] Started Forward Password Requests to Wall Directory Watch.
[   25.158152] systemd[1]: Set up automount Arbitrary Executable File Formats File System Automount Point.
[[0;32m  OK  [0m] Set up automount Arbitrary Executab...ats File System Automount Point.
[   25.208928] systemd[1]: Created slice User and Session Slice.
[[0;32m  OK  [0m] Created slice User and Session Slice.
[   25.218310] systemd[1]: Listening on Journal Socket.
[[0;32m  OK  [0m] Listening on Journal Socket.
[   25.245769] systemd[1]: Starting Nameserver information manager...
         Starting Nameserver information manager...
[   25.276229] systemd[1]: Starting Uncomplicated firewall...
         Starting Uncomplicated firewall...
[   25.370242] systemd[1]: Starting Load Kernel Modules...
         Starting Load Kernel Modules...
[   25.381389] systemd[1]: Mounting Huge Pages File System...
         Mounting Huge Pages File System...
[   25.390067] systemd[1]: Starting Set console keymap...
         [   25.478159] Loading iSCSI transport class v2.0-870.
Starting Set con[   25.508387] random: nonblocking pool is initialized
sole keymap...
[   25.610312] iscsi: registered transport (tcp)
[   25.641713] systemd[1]: Starting Create list of required static device nodes for the current kernel...
         Starting Create [   25.892065] iscsi: registered transport (iser)
list of required st... nodes for the current kernel...
[   25.970006] systemd[1]: Mounting POSIX Message Queue File System...
         Mounting POSIX Message Queue File System...
[   26.003264] systemd[1]: Starting Remount Root and Kernel File Systems...
         Starting Remount Root and Kernel File Systems...
[   26.005871] systemd[1]: Listening on /dev/initctl Compatibility Named Pipe.
[   26.006877] EXT4-fs (sda1): re-mounted. Opts: (null)
[[0;32m  OK  [0m] Listening on /dev/initctl Compatibility Named Pipe.
[   26.015512] systemd[1]: Listening on Syslog Socket.
[[0;32m  OK  [0m] Listening on Syslog Socket.
[   26.017611] systemd[1]: Listening on udev Kernel Socket.
[[0;32m  OK  [0m] Listening on udev Kernel Socket.
[   26.030817] systemd[1]: Listening on Journal Audit Socket.
[[0;32m  OK  [0m] Listening on Journal Audit Socket.
[   26.166218] systemd[1]: Starting Journal Service...
         Starting Journal Service...
[   26.180501] systemd[1]: Listening on udev Control Socket.
[[0;32m  OK  [0m] Listening on udev Control Socket.
[   26.198547] systemd[1]: Listening on LVM2 poll daemon socket.
[[0;32m  OK  [0m] Listening on LVM2 poll daemon socket.
[   26.353609] systemd[1]: Mounting Debug File System...
         Mounting Debug File System...
[   26.518852] systemd[1]: Created slice system-serial\x2dgetty.slice.
[[0;32m  OK  [0m] Created slice system-serial\x2dgetty.slice.
[   26.585818] systemd[1]: Starting Monitoring of LVM2 mirrors, snapshots etc. using dmeventd or progress polling...
         Starting Monitoring of LVM2 mirrors... dmeventd or progress polling...
[   26.701303] systemd[1]: Reached target Slices.
[[0;32m  OK  [0m] Reached target Slices.
[   26.846245] systemd[1]: Reached target User and Group Name Lookups.
[[0;32m  OK  [0m] Reached target User and Group Name Lookups.
[   26.927024] systemd[1]: Mounted POSIX Message Queue File System.
[[0;32m  OK  [0m] Mounted POSIX Message Queue File System.
[   26.933778] systemd[1]: Mounted Debug File System.
[[0;32m  OK  [0m] Mounted Debug File System.
[   26.935831] systemd[1]: Mounted Huge Pages File System.
[[0;32m  OK  [0m] Mounted Huge Pages File System.
[   26.938083] systemd[1]: Started Journal Service.
[[0;32m  OK  [0m] Started Journal Service.
[[0;32m  OK  [0m] Started Uncomplicated firewall.
[[0;32m  OK  [0m] Started Load Kernel Modules.
[[0;32m  OK  [0m] Started Set console keymap.
[[0;32m  OK  [0m] Started Create list of required sta...ce nodes for the current kernel.
[[0;32m  OK  [0m] Started Remount Root and Kernel File Systems.
[[0;32m  OK  [0m] Started Nameserver information manager.
[[0;32m  OK  [0m] Started LVM2 metadata daemon.
         Starting Initial cloud-init job (pre-networking)...
         Starting Load/Save Random Seed...
         Starting udev Coldplug all Devices...
         Starting Create Static Device Nodes in /dev...
         Mounting FUSE Control File System...
         Starting Apply Kernel Variables...
         Starting Flush Journal to Persistent Storage...
[[0;32m  OK  [0m] Mounted FUSE Control File System.
[[0;32m  OK  [0m] Started Load/Save Random Seed.
[[0;32m  OK  [0m] Started Create Static Device Nodes in /dev.
[[0;32m  OK  [0m] Started Apply Kernel Variables.
[[0;32m  OK  [0m] Started Monitoring of LVM2 mirrors,...ng dmeventd or progress polling.
[[0;32m  OK  [0m] Started udev Coldplug all Devices.
[[0;32m  OK  [0m] Started Flush Journal to Persistent Storage.
         Starting udev Kernel Device Manager...
[[0;32m  OK  [0m] Started udev Kernel Device Manager.
[[0;32m  OK  [0m] Started Dispatch Password Requests to Console Directory Watch.
[[0;32m  OK  [0m] Reached target Local File Systems (Pre).
[[0;32m  OK  [0m] Reached target Local File Systems.
         Starting LSB: AppArmor initialization...
         Starting Create Volatile Files and Directories...
         Starting Set console font and keymap...
         Starting Tell Plymouth To Write Out Runtime Data...
[[0;32m  OK  [0m] Started Create Volatile Files and Directories.
[[0;32m  OK  [0m] Started Tell Plymouth To Write Out Runtime Data.
         Starting Update UTMP about System Boot/Shutdown...
[[0;32m  OK  [0m] Reached target System Time Synchronized.
[[0;32m  OK  [0m] Started LSB: AppArmor initialization.
[   18.636330] cloud-init[447]: Cloud-init v. 0.7.9 running 'init-local' at Tue, 04 Jul 2017 22:03:07 +0000. Up 18.18 seconds.
[[0;32m  OK  [0m] Found device /dev/ttyS0.
[[0;32m  OK  [0m] Started Initial cloud-init job (pre-networking).
[[0;32m  OK  [0m] Started Update UTMP about System Boot/Shutdown.
[[0;32m  OK  [0m] Started Set console font and keymap.
[[0;32m  OK  [0m] Listening on Load/Save RF Kill Switch Status /dev/rfkill Watch.
[[0;32m  OK  [0m] Created slice system-getty.slice.
[[0;32m  OK  [0m] Reached target Network (Pre).
[[0;32m  OK  [0m] Started ifup for enp0s3.
         Starting Raise network interfaces...
[[0;32m  OK  [0m] Started Raise network interfaces.
[[0;32m  OK  [0m] Reached target Network.
         Starting Initial cloud-init job (metadata service crawler)...
[   21.936947] cloud-init[963]: Cloud-init v. 0.7.9 running 'init' at Tue, 04 Jul 2017 22:03:10 +0000. Up 21.66 seconds.
[   22.068915] [cloud-init[0;32m  OK  [0m[963]: ] ci-info: +++++++++++++++++++++++++++++++++++++Net device info++++++++++++++++++++++++++++++++++++++Started Initial cloud-init job (metadata service crawler).

[   22.069442] cloud-init[963]: ci-info: +--------+------+----------------------------+---------------+-------+-------------------+
[   22.452533] [cloud-init[0;32m  OK  [0m[963]: ] ci-info: | Device |  Up  |          Address           |      Mask     | Scope |     Hw-Address    |Reached target Network is Online.

[   22.453079] cloud-init[963]: ci-info: +--------+------+----------------------------+---------------+-------+-------------------+
[   22.812519]          cloud-initStarting iSCSI initiator daemon (iscsid)...[963]: 
ci-info: |   lo   | True |         127.0.0.1          |   255.0.0.0   |   .   |         .         |
[   23.028321] [cloud-init[0;32m  OK  [0m[963]: ] ci-info: |   lo   | True |          ::1/128           |       .       |  host |         .         |Reached target System Initialization.

[[0;32m  OK  [0m] Listening on D-Bus System Message Bus Socket.
[   23.028839] cloud-init[963]: ci-info: | enp0s3 | True |         10.0.2.15          | 255.255.255.0 |   .   | 02:fb:34:e1:96:ef |
[   23.432420]          cloud-initStarting LXD - unix socket.[963]: 
ci-info: | enp0s3 | True | fe80::fb:34ff:fee1:96ef/64 |       .       |  link | 02:fb:34:e1:96:ef |
[   23.569592] [cloud-init[0;32m  OK  [0m[963]: ] ci-info: +--------+------+----------------------------+---------------+-------+-------------------+Started Daily apt activities.

[   23.570137] [cloud-init[0;32m  OK  [0m[963]: ] ci-info: +++++++++++++++++++++++++++Route IPv4 info++++++++++++++++++++++++++++Listening on UUID daemon activation socket.

[   23.706783] [[0;32m  OK  [0m] Started Daily Cleanup of Temporary Directories.
cloud-init[963]: ci-info: +-------+-------------+----------+---------------+-----------+-------+
[   23.770821] [cloud-init[0;32m  OK  [0m[963]: ] ci-info: | Route | Destination | Gateway  |    Genmask    | Interface | Flags |Started ACPI Events Check.

[[0;32m  OK  [0m] Reached target Paths.
[[0;32m  OK  [0m] Listening on ACPID Listen Socket.
[   23.771481] cloud-init[963]: ci-info: +-------+-------------+----------+---------------+-----------+-------+
[   23.953277]          cloud-initStarting Socket activation for snappy daemon.[963]: 
ci-info: |   0   |   0.0.0.0   | 10.0.2.2 |    0.0.0.0    |   enp0s3  |   UG  |
[   23.977721] [cloud-init[0;32m  OK  [0m[963]: ] ci-info: |   1   |   10.0.2.0  | 0.0.0.0  | 255.255.255.0 |   enp0s3  |   U   |Started Timer to automatically refresh installed snaps.

[   24.036718] [cloud-init[0;32m  OK  [0m[963]: ] ci-info: +-------+-------------+----------+---------------+-----------+-------+Reached target Timers.

[[0;32m  OK  [0m] Reached target Cloud-config availability.
[[0;32m  OK  [0m] Listening on LXD - unix socket.
[[0;32m  OK  [0m] Listening on Socket activation for snappy daemon.
[[0;32m  OK  [0m] Started iSCSI initiator daemon (iscsid).
         Starting Login to default iSCSI targets...
[[0;32m  OK  [0m] Reached target Sockets.
[[0;32m  OK  [0m] Reached target Basic System.
         Starting A high performance web server and a reverse proxy server...
[[0;32m  OK  [0m] Started Deferred execution scheduler.
[[0;32m  OK  [0m] Started D-Bus System Message Bus.
         Starting Accounts Service...
         Starting /etc/rc.local Compatibility...
         Starting OpenBSD Secure Shell server...
[[0;32m  OK  [0m] Started ACPI event daemon.
         Starting LSB: MD monitoring daemon...
[[0;32m  OK  [0m] Started Snappy daemon.
         Starting LXD - container startup/shutdown...
         Starting Apply the settings specified in cloud-config...
[[0;32m  OK  [0m] Started FUSE filesystem for LXC.
         Starting LSB: Record successful boot for GRUB...
         Starting Auto import assertions from block devices...
         Starting System Logging Service...
         Starting Login Service...
[[0;32m  OK  [0m] Started Unattended Upgrades Shutdown.
[[0;32m  OK  [0m] Started Regular background program processing daemon.
[[0;32m  OK  [0m] Started OpenBSD Secure Shell server.
[[0;32m  OK  [0m] Started System Logging Service.
[[0;32m  OK  [0m] Started /etc/rc.local Compatibility.
[[0;32m  OK  [0m] Started LXD - container startup/shutdown.
[[0;32m  OK  [0m] Started Auto import assertions from block devices.
[[0;32m  OK  [0m] Started A high performance web server and a reverse proxy server.
[[0;32m  OK  [0m] Started Login to default iSCSI targets.
[[0;32m  OK  [0m] Started LSB: MD monitoring daemon.
[[0;32m  OK  [0m] Started LSB: Record successful boot for GRUB.
         Starting Authenticate and Authorize Users to Run Privileged Tasks...
[[0;32m  OK  [0m] Reached target Remote File Systems (Pre).
[[0;32m  OK  [0m] Reached target Remote File Systems.
         Starting LSB: VirtualBox Linux Additions...
         Starting LSB: daemon to balance interrupts for SMP systems...
         Starting Permit User Sessions...
         Starting LSB: Set the CPU Frequency Scaling governor to "ondemand"...
         Starting LSB: automatic crash report generation...
[[0;32m  OK  [0m] Started Permit User Sessions.
[[0;32m  OK  [0m] Started Apply the settings specified in cloud-config.
[[0;32m  OK  [0m] Started Login Service.
[   25.167965] cloud-init[1052]: Cloud-init v. 0.7.9 running 'modules:config' at Tue, 04 Jul 2017 22:03:13 +0000. Up 25.06 seconds.
[[0;32m  OK  [0m] Started Authenticate and Authorize Users to Run Privileged Tasks.
[[0;32m  OK  [0m] Started Accounts Service.
[[0;32m  OK  [0m] Started LSB: Set the CPU Frequency Scaling governor to "ondemand".
[[0;32m  OK  [0m] Started LSB: VirtualBox Linux Additions.
[[0;32m  OK  [0m] Started LSB: daemon to balance interrupts for SMP systems.
         Starting Hold until boot process finishes up...
         Starting Terminate Plymouth Boot Screen...
[[0;32m  OK  [0m] Started LSB: automatic crash report generation.
[[0;32m  OK  [0m] Started Hold until boot process finishes up.
[[0;32m  OK  [0m] Started Terminate Plymouth Boot Screen.
         Starting Set console scheme...
[[0;32m  OK  [0m] Started Getty on tty1.
[[0;32m  OK  [0m] Started Serial Getty on ttyS0.
[[0;32m  OK  [0m] Reached target Login Prompts.
[[0;32m  OK  [0m] Reached target Multi-User System.
         Starting Execute cloud user/final scripts...
[[0;32m  OK  [0m] Reached target Graphical Interface.
         Starting Update UTMP about System Runlevel Changes...
[[0;32m  OK  [0m] Started Set console scheme.
[[0;32m  OK  [0m] Started Update UTMP about System Runlevel Changes.
[   26.830301] cloud-init[1206]: Cloud-init v. 0.7.9 running 'modules:final' at Tue, 04 Jul 2017 22:03:15 +0000. Up 26.70 seconds.
[[0;32m  OK  [0m] Started Execute cloud user/final scripts.
[   26.958714] cloud-init[1206]: Cloud-init v. 0.7.9 finished at Tue, 04 Jul 2017 22:03:15 +0000. Datasource DataSourceNoCloud [seed=/dev/sdb][dsmode=net].  Up 26.82 seconds
[[0;32m  OK  [0m] Reached target Cloud-init target.

Ubuntu 16.04.2 LTS ubuntu-xenial ttyS0

ubuntu-xenial login: 