[    0.000000] Initializing cgroup subsys cpuset
[    0.000000] Initializing cgroup subsys cpu
[    0.000000] Initializing cgroup subsys cpuacct
[    0.000000] Linux version 4.4.0-81-generic (buildd@lgw01-02) (gcc version 5.4.0 20160609 (Ubuntu 5.4.0-6ubuntu1~16.04.4) ) #104-Ubuntu SMP Wed Jun 14 08:17:06 UTC 2017 (Ubuntu 4.4.0-81.104-generic 4.4.67)
[    0.000000] Command line: BOOT_IMAGE=/boot/vmlinuz-4.4.0-81-generic root=UUID=4d5d1894-7ea2-4612-ba0d-9cf5344f2639 ro console=tty1 console=ttyS0
[    0.000000] KERNEL supported cpus:
[    0.000000]   Intel GenuineIntel
[    0.000000]   AMD AuthenticAMD
[    0.000000]   Centaur CentaurHauls
[    0.000000] x86/fpu: Legacy x87 FPU detected.
[    0.000000] x86/fpu: Using 'lazy' FPU context switches.
[    0.000000] e820: BIOS-provided physical RAM map:
[    0.000000] BIOS-e820: [mem 0x0000000000000000-0x000000000009fbff] usable
[    0.000000] BIOS-e820: [mem 0x000000000009fc00-0x000000000009ffff] reserved
[    0.000000] BIOS-e820: [mem 0x00000000000f0000-0x00000000000fffff] reserved
[    0.000000] BIOS-e820: [mem 0x0000000000100000-0x000000003ffeffff] usable
[    0.000000] BIOS-e820: [mem 0x000000003fff0000-0x000000003fffffff] ACPI data
[    0.000000] BIOS-e820: [mem 0x00000000fec00000-0x00000000fec00fff] reserved
[    0.000000] BIOS-e820: [mem 0x00000000fee00000-0x00000000fee00fff] reserved
[    0.000000] BIOS-e820: [mem 0x00000000fffc0000-0x00000000ffffffff] reserved
[    0.000000] NX (Execute Disable) protection: active
[    0.000000] SMBIOS 2.5 present.
[    0.000000] Hypervisor detected: KVM
[    0.000000] e820: last_pfn = 0x3fff0 max_arch_pfn = 0x400000000
[    0.000000] MTRR: Disabled
[    0.000000] x86/PAT: MTRRs disabled, skipping PAT initialization too.
[    0.000000] x86/PAT: Configuration [0-7]: WB  WT  UC- UC  WB  WT  UC- UC  
[    0.000000] CPU MTRRs all blank - virtualized system.
[    0.000000] found SMP MP-table at [mem 0x0009fff0-0x0009ffff] mapped at [ffff88000009fff0]
[    0.000000] Scanning 1 areas for low memory corruption
[    0.000000] RAMDISK: [mem 0x36234000-0x37111fff]
[    0.000000] ACPI: Early table checksum verification disabled
[    0.000000] ACPI: RSDP 0x00000000000E0000 000024 (v02 VBOX  )
[    0.000000] ACPI: XSDT 0x000000003FFF0030 00003C (v01 VBOX   VBOXXSDT 00000001 ASL  00000061)
[    0.000000] ACPI: FACP 0x000000003FFF00F0 0000F4 (v04 VBOX   VBOXFACP 00000001 ASL  00000061)
[    0.000000] ACPI: DSDT 0x000000003FFF0470 0021C8 (v02 VBOX   VBOXBIOS 00000002 INTL 20100528)
[    0.000000] ACPI: FACS 0x000000003FFF0200 000040
[    0.000000] ACPI: FACS 0x000000003FFF0200 000040
[    0.000000] ACPI: APIC 0x000000003FFF0240 00005C (v02 VBOX   VBOXAPIC 00000001 ASL  00000061)
[    0.000000] ACPI: SSDT 0x000000003FFF02A0 0001CC (v01 VBOX   VBOXCPUT 00000002 INTL 20100528)
[    0.000000] No NUMA configuration found
[    0.000000] Faking a node at [mem 0x0000000000000000-0x000000003ffeffff]
[    0.000000] NODE_DATA(0) allocated [mem 0x3ffeb000-0x3ffeffff]
[    0.000000] kvm-clock: Using msrs 4b564d01 and 4b564d00
[    0.000000] kvm-clock: cpu 0, msr 0:3ffe3001, primary cpu clock
[    0.000000] kvm-clock: using sched offset of 4960808434 cycles
[    0.000000] clocksource: kvm-clock: mask: 0xffffffffffffffff max_cycles: 0x1cd42e4dffb, max_idle_ns: 881590591483 ns
[    0.000000] Zone ranges:
[    0.000000]   DMA      [mem 0x0000000000001000-0x0000000000ffffff]
[    0.000000]   DMA32    [mem 0x0000000001000000-0x000000003ffeffff]
[    0.000000]   Normal   empty
[    0.000000]   Device   empty
[    0.000000] Movable zone start for each node
[    0.000000] Early memory node ranges
[    0.000000]   node   0: [mem 0x0000000000001000-0x000000000009efff]
[    0.000000]   node   0: [mem 0x0000000000100000-0x000000003ffeffff]
[    0.000000] Initmem setup node 0 [mem 0x0000000000001000-0x000000003ffeffff]
[    0.000000] ACPI: PM-Timer IO Port: 0x4008
[    0.000000] IOAPIC[0]: apic_id 2, version 32, address 0xfec00000, GSI 0-23
[    0.000000] ACPI: INT_SRC_OVR (bus 0 bus_irq 0 global_irq 2 dfl dfl)
[    0.000000] ACPI: INT_SRC_OVR (bus 0 bus_irq 9 global_irq 9 high level)
[    0.000000] Using ACPI (MADT) for SMP configuration information
[    0.000000] smpboot: Allowing 2 CPUs, 0 hotplug CPUs
[    0.000000] PM: Registered nosave memory: [mem 0x00000000-0x00000fff]
[    0.000000] PM: Registered nosave memory: [mem 0x0009f000-0x0009ffff]
[    0.000000] PM: Registered nosave memory: [mem 0x000a0000-0x000effff]
[    0.000000] PM: Registered nosave memory: [mem 0x000f0000-0x000fffff]
[    0.000000] e820: [mem 0x40000000-0xfebfffff] available for PCI devices
[    0.000000] Booting paravirtualized kernel on KVM
[    0.000000] clocksource: refined-jiffies: mask: 0xffffffff max_cycles: 0xffffffff, max_idle_ns: 7645519600211568 ns
[    0.000000] setup_percpu: NR_CPUS:512 nr_cpumask_bits:512 nr_cpu_ids:2 nr_node_ids:1
[    0.000000] PERCPU: Embedded 33 pages/cpu @ffff88003fc00000 s98264 r8192 d28712 u1048576
[    0.000000] PV qspinlock hash table entries: 256 (order: 0, 4096 bytes)
[    0.000000] Built 1 zonelists in Node order, mobility grouping on.  Total pages: 257913
[    0.000000] Policy zone: DMA32
[    0.000000] Kernel command line: BOOT_IMAGE=/boot/vmlinuz-4.4.0-81-generic root=UUID=4d5d1894-7ea2-4612-ba0d-9cf5344f2639 ro console=tty1 console=ttyS0
[    0.000000] PID hash table entries: 4096 (order: 3, 32768 bytes)
[    0.000000] Memory: 997356K/1048120K available (8469K kernel code, 1294K rwdata, 3984K rodata, 1484K init, 1316K bss, 50764K reserved, 0K cma-reserved)
[    0.000000] SLUB: HWalign=64, Order=0-3, MinObjects=0, CPUs=2, Nodes=1
[    0.000000] Hierarchical RCU implementation.
[    0.000000] 	Build-time adjustment of leaf fanout to 64.
[    0.000000] 	RCU restricting CPUs from NR_CPUS=512 to nr_cpu_ids=2.
[    0.000000] RCU: Adjusting geometry for rcu_fanout_leaf=64, nr_cpu_ids=2
[    0.000000] NR_IRQS:33024 nr_irqs:440 16
[    0.000000] Console: colour VGA+ 80x25
[    0.000000] console [tty1] enabled
[    0.000000] console [ttyS0] enabled
[    0.000000] tsc: Detected 1596.179 MHz processor
[    4.191897] Calibrating delay loop (skipped) preset value.. 3192.35 BogoMIPS (lpj=6384716)
[    4.194949] pid_max: default: 32768 minimum: 301
[    4.196548] ACPI: Core revision 20150930
[    4.200367] ACPI: 2 ACPI AML tables successfully acquired and loaded
[    4.204703] Security Framework initialized
[    4.206181] Yama: becoming mindful.
[    4.243515] AppArmor: AppArmor initialized
[    4.262478] Dentry cache hash table entries: 131072 (order: 8, 1048576 bytes)
[    4.265390] Inode-cache hash table entries: 65536 (order: 7, 524288 bytes)
[    4.268765] Mount-cache hash table entries: 2048 (order: 2, 16384 bytes)
[    4.307308] Mountpoint-cache hash table entries: 2048 (order: 2, 16384 bytes)
[    4.344212] Initializing cgroup subsys io
[    4.399364] Initializing cgroup subsys memory
[    4.463800] Initializing cgroup subsys devices
[    4.539963] Initializing cgroup subsys freezer
[    4.567045] Initializing cgroup subsys net_cls
[    4.594532] Initializing cgroup subsys perf_event
[    4.610175] Initializing cgroup subsys net_prio
[    4.671628] Initializing cgroup subsys hugetlb
[    4.711808] Initializing cgroup subsys pids
[    4.716268] CPU: Physical Processor ID: 0
[    4.717755] CPU: Processor Core ID: 0
[    4.719179] mce: CPU supports 0 MCE banks
[    4.720685] Last level iTLB entries: 4KB 512, 2MB 7, 4MB 7
[    4.722502] Last level dTLB entries: 4KB 512, 2MB 32, 4MB 32, 1GB 0
[    4.767436] Freeing SMP alternatives memory: 32K (ffffffff820b8000 - ffffffff820c0000)
[    4.792028] ftrace: allocating 32129 entries in 126 pages
[    4.905082] smpboot: APIC(0) Converting physical 0 to logical package 0
[    4.907324] smpboot: Max logical packages: 1
[    4.909427] x2apic enabled
[    4.910989] Switched APIC routing to physical x2apic.
[    4.914727] ..TIMER: vector=0x30 apic1=0 pin1=2 apic2=-1 pin2=-1
[    5.023543] smpboot: CPU0: Intel(R) Core(TM) i7 CPU       Q 720  @ 1.60GHz (family: 0x6, model: 0x1e, stepping: 0x5)
[    5.075969] Performance Events: unsupported p6 CPU model 30 no PMU driver, software events only.
[    5.105065] KVM setup paravirtual spinlock
[    5.119298] x86: Booting SMP configuration:
[    5.129666] .... node  #0, CPUs:      #1
[    5.132051] kvm-clock: cpu 1, msr 0:3ffe3041, secondary cpu clock
[    5.134243] mce: CPU supports 0 MCE banks
[    5.137436] x86: Booted up 1 node, 2 CPUs
[    5.141633] smpboot: Total of 2 processors activated (6384.71 BogoMIPS)
[    5.146902] devtmpfs: initialized
[    5.153593] evm: security.selinux
[    5.161489] evm: security.SMACK64
[    5.163535] evm: security.SMACK64EXEC
[    5.165763] evm: security.SMACK64TRANSMUTE
[    5.168073] evm: security.SMACK64MMAP
[    5.170054] evm: security.ima
[    5.171890] evm: security.capability
[    5.174257] clocksource: jiffies: mask: 0xffffffff max_cycles: 0xffffffff, max_idle_ns: 7645041785100000 ns
[    5.178564] futex hash table entries: 512 (order: 3, 32768 bytes)
[    5.187517] pinctrl core: initialized pinctrl subsystem
[    5.200524] RTC time: 13:06:13, date: 07/08/17
[    5.205030] NET: Registered protocol family 16
[    5.250598] cpuidle: using governor ladder
[    5.278906] cpuidle: using governor menu
[    5.280541] PCCT header not found.
[    5.298464] ACPI: bus type PCI registered
[    5.299935] acpiphp: ACPI Hot Plug PCI Controller Driver version: 0.5
[    5.302219] PCI: Using configuration type 1 for base access
[    5.330745] ACPI: Added _OSI(Module Device)
[    5.359440] ACPI: Added _OSI(Processor Device)
[    5.367834] ACPI: Added _OSI(3.0 _SCP Extensions)
[    5.377294] ACPI: Added _OSI(Processor Aggregator Device)
[    5.403564] ACPI: Executed 1 blocks of module-level executable AML code
[    5.409764] ACPI: Interpreter enabled
[    5.413010] ACPI: (supports S0 S5)
[    5.414311] ACPI: Using IOAPIC for interrupt routing
[    5.416277] PCI: Using host bridge windows from ACPI; if necessary, use "pci=nocrs" and report a bug
[    5.426570] ACPI: PCI Root Bridge [PCI0] (domain 0000 [bus 00-ff])
[    5.436031] acpi PNP0A03:00: _OSC: OS supports [ASPM ClockPM Segments MSI]
[    5.438305] acpi PNP0A03:00: _OSC failed (AE_NOT_FOUND); disabling ASPM
[    5.440431] acpi PNP0A03:00: fail to add MMCONFIG information, can't access extended PCI configuration space under this bridge.
[    5.460741] PCI host bridge to bus 0000:00
[    5.511060] pci_bus 0000:00: root bus resource [io  0x0000-0x0cf7 window]
[    5.578987] pci_bus 0000:00: root bus resource [io  0x0d00-0xffff window]
[    5.679830] pci_bus 0000:00: root bus resource [mem 0x000a0000-0x000bffff window]
[    5.734280] pci_bus 0000:00: root bus resource [mem 0x40000000-0xffdfffff window]
[    5.750447] pci_bus 0000:00: root bus resource [bus 00-ff]
[    5.778724] pci 0000:00:01.1: legacy IDE quirk: reg 0x10: [io  0x01f0-0x01f7]
[    5.804452] pci 0000:00:01.1: legacy IDE quirk: reg 0x14: [io  0x03f6]
[    5.807113] pci 0000:00:01.1: legacy IDE quirk: reg 0x18: [io  0x0170-0x0177]
[    5.809340] pci 0000:00:01.1: legacy IDE quirk: reg 0x1c: [io  0x0376]
[    5.835299] pci 0000:00:07.0: quirk: [io  0x4000-0x403f] claimed by PIIX4 ACPI
[    5.869680] pci 0000:00:07.0: quirk: [io  0x4100-0x410f] claimed by PIIX4 SMB
[    5.880670] ACPI: PCI Interrupt Link [LNKA] (IRQs 5 9 10 *11)
[    5.887109] ACPI: PCI Interrupt Link [LNKB] (IRQs 5 9 10 *11)
[    5.889935] ACPI: PCI Interrupt Link [LNKC] (IRQs 5 9 *10 11)
[    5.892684] ACPI: PCI Interrupt Link [LNKD] (IRQs 5 *9 10 11)
[    5.895594] ACPI: Enabled 2 GPEs in block 00 to 07
[    5.899817] vgaarb: setting as boot device: PCI:0000:00:02.0
[    5.901711] vgaarb: device added: PCI:0000:00:02.0,decodes=io+mem,owns=io+mem,locks=none
[    5.922839] vgaarb: loaded
[    5.948115] vgaarb: bridge control possible 0000:00:02.0
[    6.005618] SCSI subsystem initialized
[    6.016995] ACPI: bus type USB registered
[    6.019470] usbcore: registered new interface driver usbfs
[    6.050239] usbcore: registered new interface driver hub
[    6.053241] usbcore: registered new device driver usb
[    6.060987] PCI: Using ACPI for IRQ routing
[    6.093523] NetLabel: Initializing
[    6.133107] NetLabel:  domain hash size = 128
[    6.153258] NetLabel:  protocols = UNLABELED CIPSOv4
[    6.163664] NetLabel:  unlabeled traffic allowed by default
[    6.167953] amd_nb: Cannot enumerate AMD northbridges
[    6.187788] clocksource: Switched to clocksource kvm-clock
[    6.210791] AppArmor: AppArmor Filesystem Enabled
[    6.216136] pnp: PnP ACPI init
[    6.238640] pnp: PnP ACPI: found 3 devices
[    6.303510] clocksource: acpi_pm: mask: 0xffffff max_cycles: 0xffffff, max_idle_ns: 2085701024 ns
[    6.367151] NET: Registered protocol family 2
[    6.369099] TCP established hash table entries: 8192 (order: 4, 65536 bytes)
[    6.371831] TCP bind hash table entries: 8192 (order: 5, 131072 bytes)
[    6.374769] TCP: Hash tables configured (established 8192 bind 8192)
[    6.406625] UDP hash table entries: 512 (order: 2, 16384 bytes)
[    6.420322] UDP-Lite hash table entries: 512 (order: 2, 16384 bytes)
[    6.423137] NET: Registered protocol family 1
[    6.425289] pci 0000:00:00.0: Limiting direct PCI/PCI transfers
[    6.427929] pci 0000:00:01.0: Activating ISA DMA hang workarounds
[    6.435554] Unpacking initramfs...
[    6.919612] Freeing initrd memory: 15224K (ffff880036234000 - ffff880037112000)
[    6.928987] platform rtc_cmos: registered platform RTC device (no PNP device found)
[    6.958347] Scanning for low memory corruption every 60 seconds
[    6.984501] audit: initializing netlink subsys (disabled)
[    7.010385] audit: type=2000 audit(1499519175.530:1): initialized
[    7.038488] Initialise system trusted keyring
[    7.049908] HugeTLB registered 2 MB page size, pre-allocated 0 pages
[    7.062855] zbud: loaded
[    7.070058] VFS: Disk quotas dquot_6.6.0
[    7.087607] VFS: Dquot-cache hash table entries: 512 (order 0, 4096 bytes)
[    7.090446] squashfs: version 4.0 (2009/01/31) Phillip Lougher
[    7.096549] fuse init (API version 7.23)
[    7.099459] Key type big_key registered
[    7.116578] Allocating IMA MOK and blacklist keyrings.
[    7.120615] Key type asymmetric registered
[    7.140242] Asymmetric key parser 'x509' registered
[    7.157029] Block layer SCSI generic (bsg) driver version 0.4 loaded (major 249)
[    7.159848] io scheduler noop registered
[    7.167238] io scheduler deadline registered (default)
[    7.177642] io scheduler cfq registered
[    7.179220] pci_hotplug: PCI Hot Plug PCI Core version: 0.5
[    7.181303] pciehp: PCI Express Hot Plug Controller Driver version: 0.4
[    7.200550] ACPI: AC Adapter [AC] (on-line)
[    7.201729] input: Power Button as /devices/LNXSYSTM:00/LNXPWRBN:00/input/input0
[    7.203811] ACPI: Power Button [PWRF]
[    7.205195] input: Sleep Button as /devices/LNXSYSTM:00/LNXSLPBN:00/input/input1
[    7.277105] ACPI: Sleep Button [SLPF]
[    7.295921] GHES: HEST is not enabled!
[    7.296935] ACPI: Battery Slot [BAT0] (battery present)
[    7.363143] Serial: 8250/16550 driver, 32 ports, IRQ sharing enabled
ÿ[    7.437959] 00:02: ttyS0 at I/O 0x3f8 (irq = 4, base_baud = 115200) is a 16550A
[    7.466160] Linux agpgart interface v0.103
[    7.478321] loop: module loaded
[    7.500033] scsi host0: ata_piix
[    7.504825] scsi host1: ata_piix
[    7.507529] ata1: PATA max UDMA/33 cmd 0x1f0 ctl 0x3f6 bmdma 0xd000 irq 14
[    7.511669] ata2: PATA max UDMA/33 cmd 0x170 ctl 0x376 bmdma 0xd008 irq 15
[    7.524052] libphy: Fixed MDIO Bus: probed
[    7.540057] tun: Universal TUN/TAP device driver, 1.6
[    7.580368] tun: (C) 1999-2004 Max Krasnyansky <maxk@qualcomm.com>
[    7.720373] PPP generic driver version 2.4.2
[    7.767109] ehci_hcd: USB 2.0 'Enhanced' Host Controller (EHCI) Driver
[    7.778351] ehci-pci: EHCI PCI platform driver
[    7.779975] ehci-platform: EHCI generic platform driver
[    7.781845] ohci_hcd: USB 1.1 'Open' Host Controller (OHCI) Driver
[    7.787626] ohci-pci: OHCI PCI platform driver
[    7.789313] ohci-platform: OHCI generic platform driver
[    7.791069] uhci_hcd: USB Universal Host Controller Interface driver
[    7.856988] i8042: PNP: PS/2 Controller [PNP0303:PS2K,PNP0f03:PS2M] at 0x60,0x64 irq 1,12
[    7.883748] serio: i8042 KBD port at 0x60,0x64 irq 1
[    7.885505] serio: i8042 AUX port at 0x60,0x64 irq 12
[    7.887465] mousedev: PS/2 mouse device common for all mice
[    7.890542] rtc_cmos rtc_cmos: rtc core: registered rtc_cmos as rtc0
[    7.907519] input: AT Translated Set 2 keyboard as /devices/platform/i8042/serio0/input/input2
[    7.910964] rtc_cmos rtc_cmos: alarms up to one day, 114 bytes nvram
[    7.915805] i2c /dev entries driver
[    7.931062] tsc: Refined TSC clocksource calibration: 1595.913 MHz
[    7.938760] clocksource: tsc: mask: 0xffffffffffffffff max_cycles: 0x17011024137, max_idle_ns: 440795238627 ns
[    7.938928] device-mapper: uevent: version 1.0.3
[    7.939105] device-mapper: ioctl: 4.34.0-ioctl (2015-10-28) initialised: dm-devel@redhat.com
[    7.939133] ledtrig-cpu: registered to indicate activity on CPUs
[    7.939593] NET: Registered protocol family 10
[    7.939825] NET: Registered protocol family 17
[    7.939839] Key type dns_resolver registered
[    7.940120] microcode: CPU0 sig=0x106e5, pf=0x4, revision=0x616
[    7.946556] microcode: CPU1 sig=0x106e5, pf=0x4, revision=0x616
[    7.946623] microcode: Microcode Update Driver: v2.01 <tigran@aivazian.fsnet.co.uk>, Peter Oruba
[    7.946837] registered taskstats version 1
[    7.946856] Loading compiled-in X.509 certificates
[    7.948360] Loaded X.509 cert 'Build time autogenerated kernel key: 4e3fcaabc4148de0b198d1fb3d36a6c6d4cf062b'
[    7.948388] zswap: loaded using pool lzo/zbud
[    7.950757] Key type trusted registered
[    7.954838] Key type encrypted registered
[    7.954844] AppArmor: AppArmor sha1 policy hashing enabled
[    7.954847] ima: No TPM chip found, activating TPM-bypass!
[    7.954878] evm: HMAC attrs: 0x1
[    7.955280]   Magic number: 9:50:129
[    7.961968] rtc_cmos rtc_cmos: setting system clock to 2017-07-08 13:06:15 UTC (1499519175)
[    7.962087] BIOS EDD facility v0.16 2004-Jun-25, 0 devices found
[    7.962088] EDD information not available.
[    8.120227] Freeing unused kernel memory: 1484K (ffffffff81f45000 - ffffffff820b8000)
[    8.194981] Write protecting the kernel read-only data: 14336k
[    8.271554] Freeing unused kernel memory: 1760K (ffff880001848000 - ffff880001a00000)
[    8.275015] Freeing unused kernel memory: 112K (ffff880001de4000 - ffff880001e00000)
Loading, please [    8.321136] random: systemd-udevd: uninitialized urandom read (16 bytes read, 2 bits of entropy available)
wait...
startin[    8.322141] random: udevadm: uninitialized urandom read (16 bytes read, 2 bits of entropy available)
g version 229
[    8.322199] random: udevadm: uninitialized urandom read (16 bytes read, 2 bits of entropy available)
[    8.322399] random: udevadm: uninitialized urandom read (16 bytes read, 2 bits of entropy available)
[    8.322479] random: udevadm: uninitialized urandom read (16 bytes read, 2 bits of entropy available)
[    8.322558] random: udevadm: uninitialized urandom read (16 bytes read, 2 bits of entropy available)
[    8.322636] random: udevadm: uninitialized urandom read (16 bytes read, 2 bits of entropy available)
[    8.322718] random: udevadm: uninitialized urandom read (16 bytes read, 2 bits of entropy available)
[    8.322828] random: udevadm: uninitialized urandom read (16 bytes read, 2 bits of entropy available)
[    8.322910] random: udevadm: uninitialized urandom read (16 bytes read, 2 bits of entropy available)
[    8.811578] Fusion MPT base driver 3.04.20
[    8.870069] Copyright (c) 1999-2008 LSI Corporation
[    8.965687] e1000: Intel(R) PRO/1000 Network Driver - version 7.3.21-k8-NAPI
[    8.968091] e1000: Copyright (c) 1999-2006 Intel Corporation.
[    8.978643] Fusion MPT SPI Host driver 3.04.20
[    9.205308] input: ImExPS/2 Generic Explorer Mouse as /devices/platform/i8042/serio1/input/input4
[    9.414433] e1000 0000:00:03.0 eth0: (PCI:33MHz:32-bit) 02:fb:34:e1:96:ef
[    9.500047] e1000 0000:00:03.0 eth0: Intel(R) PRO/1000 Network Connection
[    9.556571] mptbase: ioc0: Initiating bringup
[    9.598595] e1000 0000:00:03.0 enp0s3: renamed from eth0
[    9.668133] ioc0: LSI53C1030 A0: Capabilities={Initiator}
[    9.887387] scsi host2: ioc0: LSI53C1030 A0, FwRev=00000000h, Ports=1, MaxQ=256, IRQ=20
[   10.148956] scsi 2:0:0:0: Direct-Access     VBOX     HARDDISK         1.0  PQ: 0 ANSI: 5
[   10.204386] scsi target2:0:0: Beginning Domain Validation
[   10.234117] scsi target2:0:0: Domain Validation skipping write tests
[   10.239933] scsi target2:0:0: Ending Domain Validation
[   10.241683] scsi target2:0:0: asynchronous
[   10.244189] scsi 2:0:1:0: Direct-Access     VBOX     HARDDISK         1.0  PQ: 0 ANSI: 5
[   10.246413] scsi target2:0:1: Beginning Domain Validation
[   10.251490] scsi target2:0:1: Domain Validation skipping write tests
[   10.264011] scsi target2:0:1: Ending Domain Validation
[   10.270698] scsi target2:0:1: asynchronous
[   10.334876] sd 2:0:0:0: [sda] 20971520 512-byte logical blocks: (10.7 GB/10.0 GiB)
[   10.359720] sd 2:0:0:0: Attached scsi generic sg0 type 0
[   10.365876] sd 2:0:1:0: [sdb] 20480 512-byte logical blocks: (10.5 MB/10.0 MiB)
[   10.366015] sd 2:0:1:0: Attached scsi generic sg1 type 0
[   10.541160] sd 2:0:0:0: [sda] Write Protect is off
[   10.541450] sd 2:0:1:0: [sdb] Write Protect is off
[   10.541711] sd 2:0:1:0: [sdb] Incomplete mode parameter data
[   10.541714] sd 2:0:1:0: [sdb] Assuming drive cache: write through
[   10.605591] sd 2:0:0:0: [sda] Incomplete mode parameter data
[   10.608418] sd 2:0:1:0: [sdb] Attached SCSI disk
[   10.658557] sd 2:0:0:0: [sda] Assuming drive cache: write through
[   10.664348]  sda: sda1
[   10.668265] sd 2:0:0:0: [sda] Attached SCSI disk
[   11.872595] floppy0: no floppy controllers found
Begin: Loading e[   13.428372] md: linear personality registered for level -1
ssential drivers[   13.536732] md: multipath personality registered for level -4
 ... [   13.557987] md: raid0 personality registered for level 0
[   13.677913] md: raid1 personality registered for level 1
[   13.892449] raid6: sse2x1   gen()  4963 MB/s
[   14.008414] raid6: sse2x1   xor()  3196 MB/s
[   14.088539] raid6: sse2x2   gen()  4491 MB/s
[   14.167814] raid6: sse2x2   xor()  4621 MB/s
[   14.316033] raid6: sse2x4   gen()  6486 MB/s
[   14.416365] raid6: sse2x4   xor()  3906 MB/s
[   14.451071] raid6: using algorithm sse2x4 gen() 6486 MB/s
[   14.452985] raid6: .... xor() 3906 MB/s, rmw enabled
[   14.454669] raid6: using ssse3x2 recovery algorithm
[   14.458777] xor: measuring software checksum speed
[   14.535816]    prefetch64-sse:  8146.000 MB/sec
[   14.575830]    generic_sse:  7693.000 MB/sec
[   14.628291] xor: using function: prefetch64-sse (8146.000 MB/sec)
[   14.707028] async_tx: api initialized (async)
[   14.727287] md: raid6 personality registered for level 6
[   14.734735] md: raid5 personality registered for level 5
[   14.760177] md: raid4 personality registered for level 4
[   14.787131] md: raid10 personality registered for level 10
done.
Begin: Running /scripts/init-premount ... done.
Begin: Mounting root file system ... Begin: Running /scripts/local-top ... done.
Begin: Runnin[   14.866578] Btrfs loaded
g /scripts/local-premount ... Scanning for Btrfs filesystems
done.
Warning: fsck no[   14.919820] EXT4-fs (sda1): INFO: recovery required on readonly filesystem
t present, so sk[   15.014186] EXT4-fs (sda1): write access will be enabled during recovery
ipping root file system
[   15.112906] EXT4-fs (sda1): recovery complete
[   15.232174] EXT4-fs (sda1): mounted filesystem with ordered data mode. Opts: (null)
done.
Begin: Running /scripts/local-bottom ... done.
Begin: Running /scripts/init-bottom ... done.
[   15.566945] systemd[1]: systemd 229 running in system mode. (+PAM +AUDIT +SELINUX +IMA +APPARMOR +SMACK +SYSVINIT +UTMP +LIBCRYPTSETUP +GCRYPT +GNUTLS +ACL +XZ -LZ4 +SECCOMP +BLKID +ELFUTILS +KMOD -IDN)
[   15.647688] systemd[1]: Detected virtualization oracle.
[   15.656357] systemd[1]: Detected architecture x86-64.

Welcome to [1mUbuntu 16.04.2 LTS[0m!

[   15.745646] systemd[1]: Set hostname to <ubuntu-xenial>.
[   16.107851] systemd[1]: Created slice System Slice.
[[0;32m  OK  [0m] Created slice System Slice.
[   16.215376] systemd[1]: Listening on Journal Socket (/dev/log).
[[0;32m  OK  [0m] Listening on Journal Socket (/dev/log).
[   16.352008] systemd[1]: Reached target User and Group Name Lookups.
[[0;32m  OK  [0m] Reached target User and Group Name Lookups.
[   16.373743] systemd[1]: Created slice system-serial\x2dgetty.slice.
[[0;32m  OK  [0m] Created slice system-serial\x2dgetty.slice.
[   16.464243] systemd[1]: Listening on udev Kernel Socket.
[[0;32m  OK  [0m] Listening on udev Kernel Socket.
[   16.476954] systemd[1]: Listening on Device-mapper event daemon FIFOs.
[[0;32m  OK  [0m] Listening on Device-mapper event daemon FIFOs.
[   16.561008] systemd[1]: Listening on /dev/initctl Compatibility Named Pipe.
[[0;32m  OK  [0m] Listening on /dev/initctl Compatibility Named Pipe.
[   16.577560] systemd[1]: Listening on Journal Audit Socket.
[[0;32m  OK  [0m] Listening on Journal Audit Socket.
[   16.727141] systemd[1]: Started Forward Password Requests to Wall Directory Watch.
[[0;32m  OK  [0m] Started Forward Password Requests to Wall Directory Watch.
[   16.836283] systemd[1]: Set up automount Arbitrary Executable File Formats File System Automount Point.
[[0;32m  OK  [0m] Set up automount Arbitrary Executab...ats File System Automount Point.
[   16.869284] systemd[1]: Listening on LVM2 poll daemon socket.
[[0;32m  OK  [0m] Listening on LVM2 poll daemon socket.
[   16.922261] systemd[1]: Reached target Encrypted Volumes.
[[0;32m  OK  [0m] Reached target Encrypted Volumes.
[   16.976769] systemd[1]: Listening on Syslog Socket.
[[0;32m  OK  [0m] Listening on Syslog Socket.
[   17.120697] systemd[1]: Reached target Swap.
[[0;32m  OK  [0m] Reached target Swap.
[   17.230727] systemd[1]: Listening on udev Control Socket.
[[0;32m  OK  [0m] Listening on udev Control Socket.
[   17.278359] systemd[1]: Started Trigger resolvconf update for networkd DNS.
[[0;32m  OK  [0m] Started Trigger resolvconf update for networkd DNS.
[   17.388800] systemd[1]: Created slice User and Session Slice.
[[0;32m  OK  [0m] Created slice User and Session Slice.
[   17.462325] systemd[1]: Reached target Slices.
[[0;32m  OK  [0m] Reached target Slices.
[   17.466202] systemd[1]: Listening on LVM2 metadata daemon socket.
[[0;32m  OK  [0m] Listening on LVM2 metadata daemon socket.
[   17.561705] systemd[1]: Listening on Journal Socket.
[[0;32m  OK  [0m] Listening on Journal Socket.
[   17.616823] systemd[1]: Starting Nameserver information manager...
         Starting Nameserver information manager...
[   17.769178] systemd[1]: Mounting POSIX Message Queue File System...
[   17.828248] random: nonblocking pool is initialized
         Mounting POSIX Message Queue File System...
[   17.912829] systemd[1]: Starting Monitoring of LVM2 mirrors, snapshots etc. using dmeventd or progress polling...
         Starting Monitoring of LVM2 mirrors... dmeventd or progress polling...
[   18.021319] systemd[1]: Starting Create list of required static device nodes for the current kernel...
         Starting Create list of required st... nodes for the current kernel...
[   18.239955] systemd[1]: Mounting Huge Pages File System...
         Mounting Huge Pages File System...
[   18.364882] systemd[1]: Starting Uncomplicated firewall...
         Starting Uncomplicated firewall...
[   18.472390] systemd[1]: Starting Set console keymap...
         Starting Set console keymap...
[   18.564191] systemd[1]: Starting Load Kernel Modules...
         Starting Load Ke[   18.593685] Loading iSCSI transport class v2.0-870.
rnel Modules...
[   18.598668] systemd[1]: Starting Journal Service...
         Starting Journal[   18.692162] iscsi: registered transport (tcp)
 Service...
[   18.744754] systemd[1]: Mounting Debug File System...
         Mounting Debug File System...
[   18.900845] iscsi: registered transport (iser)
[   18.956786] systemd[1]: Starting Remount Root and Kernel File Systems...
         Starting Remount Root and Kernel File Systems...[   18.992491] EXT4-fs (sda1): re-mounted. Opts: (null)

[   19.008214] systemd[1]: Mounted POSIX Message Queue File System.
[[0;32m  OK  [0m] Mounted POSIX Message Queue File System.
[   19.033719] systemd[1]: Mounted Debug File System.
[[0;32m  OK  [0m] Mounted Debug File System.
[   19.084464] systemd[1]: Mounted Huge Pages File System.
[[0;32m  OK  [0m] Mounted Huge Pages File System.
[   19.197091] systemd[1]: Started Journal Service.
[[0;32m  OK  [0m] Started Journal Service.
[[0;32m  OK  [0m] Started Create list of required sta...ce nodes for the current kernel.
[[0;32m  OK  [0m] Started Uncomplicated firewall.
[[0;32m  OK  [0m] Started Set console keymap.
[[0;32m  OK  [0m] Started Load Kernel Modules.
[[0;32m  OK  [0m] Started Remount Root and Kernel File Systems.
[[0;32m  OK  [0m] Started Nameserver information manager.
[[0;32m  OK  [0m] Started LVM2 metadata daemon.
         Starting Load/Save Random Seed...
         Starting udev Coldplug all Devices...
         Starting Initial cloud-init job (pre-networking)...
         Starting Apply Kernel Variables...
         Mounting FUSE Control File System...
         Starting Create Static Device Nodes in /dev...
         Starting Flush Journal to Persistent Storage...
[[0;32m  OK  [0m] Mounted FUSE Control File System.
[[0;32m  OK  [0m] Started Load/Save Random Seed.
[[0;32m  OK  [0m] Started Monitoring of LVM2 mirrors,...ng dmeventd or progress polling.
[[0;32m  OK  [0m] Started Apply Kernel Variables.
[[0;32m  OK  [0m] Started Create Static Device Nodes in /dev.
[[0;32m  OK  [0m] Started udev Coldplug all Devices.
[[0;32m  OK  [0m] Started Flush Journal to Persistent Storage.
         Starting udev Kernel Device Manager...
[[0;32m  OK  [0m] Started udev Kernel Device Manager.
[[0;32m  OK  [0m] Reached target Local File Systems (Pre).
[[0;32m  OK  [0m] Reached target Local File Systems.
         Starting Set console font and keymap...
         Starting Tell Plymouth To Write Out Runtime Data...
         Starting LSB: AppArmor initialization...
         Starting Create Volatile Files and Directories...
[[0;32m  OK  [0m] Started Dispatch Password Requests to Console Directory Watch.
[[0;32m  OK  [0m] Started Tell Plymouth To Write Out Runtime Data.
[[0;32m  OK  [0m] Started Create Volatile Files and Directories.
[[0;32m  OK  [0m] Reached target System Time Synchronized.
         Starting Update UTMP about System Boot/Shutdown...
[[0;32m  OK  [0m] Started LSB: AppArmor initialization.
[[0;32m  OK  [0m] Started Update UTMP about System Boot/Shutdown.
[[0;32m  OK  [0m] Found device /dev/ttyS0.
[[0;32m  OK  [0m] Listening on Load/Save RF Kill Switch Status /dev/rfkill Watch.
[   16.154229] cloud-init[436]: Cloud-init v. 0.7.9 running 'init-local' at Sat, 08 Jul 2017 13:06:28 +0000. Up 15.64 seconds.
[[0;32m  OK  [0m] Started Set console font and keymap.
[[0;32m  OK  [0m] Started Initial cloud-init job (pre-networking).
[[0;32m  OK  [0m] Reached target Network (Pre).
         Starting Raise network interfaces...
[[0;32m  OK  [0m] Started ifup for enp0s3.
[[0;32m  OK  [0m] Created slice system-getty.slice.
[[0;32m  OK  [0m] Started Raise network interfaces.
[[0;32m  OK  [0m] Reached target Network.
         Starting Initial cloud-init job (metadata service crawler)...
[   19.447335] cloud-init[958]: Cloud-init v. 0.7.9 running 'init' at Sat, 08 Jul 2017 13:06:32 +0000. Up 19.00 seconds.
[[0;32m  OK  [0m] Started Initial cloud-init job (metadata service crawler).
[[0;32m  OK  [0m] Reached target System Initialization.
[   19.547163] cloud-init[958]: ci-info: +++++++++++++++++++++++++++++++++++++Net device info++++++++++++++++++++++++++++++++++++++
[   19.732626] cloud-init[958]: ci-info: +--------+------+----------------------------+---------------+-------+-------------------+
[[0;32m  OK  [0m] Started Daily apt activities.
[   19.855829] cloud-init[958]: ci-info: | Device |  Up  |          Address           |      Mask     | Scope |     Hw-Address    |
[   20.044529] cloud-init[958]: ci-info: +--------+------+----------------------------+---------------+-------+-------------------+
[   20.160735] cloud-init[958]: ci-info: |   lo   | True |         127.0.0.1          |   255.0.0.0   |   .   |         .         |
[   20.252298] cloud-init[958]: ci-info: |   lo   | True |          ::1/128           |       .       |  host |         .         |
[   20.252543] cloud-init[958]: ci-info: | enp0s3 | True |         10.0.2.15          | 255.255.255.0 |   .   | 02:fb:34:e1:96:ef |
[   20.252866] cloud-init[958]: ci-info: | enp0s3 | True | fe80::fb:34ff:fee1:96ef/64 |       .       |  link | 02:fb:34:e1:96:ef |
[   20.253007] cloud-init[958]: ci-info: +--------+------+----------------------------+---------------+-------+-------------------+
[   20.253117] cloud-init[958]: ci-info: +++++++++++++++++++++++++++Route IPv4 info++++++++++++++++++++++++++++
[   20.253225] cloud-init[958]: ci-info: +-------+-------------+----------+---------------+-----------+-------+
[   20.253299] cloud-init[958]: ci-info: | Route | Destination | Gateway  |    Genmask    | Interface | Flags |
[   20.253372] cloud-init[958]: ci-info: +-------+-------------+----------+---------------+-----------+-------+
[   20.253453] cloud-init[958]: ci-info: |   0   |   0.0.0.0   | 10.0.2.2 |    0.0.0.0    |   enp0s3  |   UG  |
[   20.253527] cloud-init[958]: ci-info: |   1   |   10.0.2.0  | 0.0.0.0  | 255.255.255.0 |   enp0s3  |   U   |
[   20.253625] cloud-init[958]: ci-info: +-------+-------------+----------+---------------+-----------+-------+
[[0;32m  OK  [0m] Started ACPI Events Check.
[[0;32m  OK  [0m] Reached target Paths.
         Starting LXD - unix socket.
[[0;32m  OK  [0m] Listening on D-Bus System Message Bus Socket.
         Starting Socket activation for snappy daemon.
[[0;32m  OK  [0m] Started Timer to automatically refresh installed snaps.
[[0;32m  OK  [0m] Listening on UUID daemon activation socket.
[[0;32m  OK  [0m] Listening on ACPID Listen Socket.
[[0;32m  OK  [0m] Started Daily Cleanup of Temporary Directories.
[[0;32m  OK  [0m] Reached target Timers.
[[0;32m  OK  [0m] Reached target Cloud-config availability.
[[0;32m  OK  [0m] Reached target Network is Online.
         Starting iSCSI initiator daemon (iscsid)...
[[0;32m  OK  [0m] Listening on LXD - unix socket.
[[0;32m  OK  [0m] Listening on Socket activation for snappy daemon.
[[0;32m  OK  [0m] Reached target Sockets.
[[0;32m  OK  [0m] Reached target Basic System.
[[0;32m  OK  [0m] Started Deferred execution scheduler.
         Starting System Logging Service...
         Starting Daily apt activities...
         Starting Apply the settings specified in cloud-config...
[[0;32m  OK  [0m] Started Unattended Upgrades Shutdown.
         Starting LSB: MD monitoring daemon...
[[0;32m  OK  [0m] Started D-Bus System Message Bus.
         Starting LSB: Record successful boot for GRUB...
[[0;32m  OK  [0m] Started ACPI event daemon.
         Starting OpenBSD Secure Shell server...
         Starting LXD - container startup/shutdown...
[[0;32m  OK  [0m] Started Snappy daemon.
         Starting Auto import assertions from block devices...
         Starting Accounts Service...
[[0;32m  OK  [0m] Started Regular background program processing daemon.
[[0;32m  OK  [0m] Started FUSE filesystem for LXC.
         Starting /etc/rc.local Compatibility...
         Starting Login Service...
         Starting A high performance web server and a reverse proxy server...
[[0;32m  OK  [0m] Started System Logging Service.
[[0;32m  OK  [0m] Started OpenBSD Secure Shell server.
[[0;32m  OK  [0m] Started iSCSI initiator daemon (iscsid).
[[0;32m  OK  [0m] Started Daily apt activities.
[[0;32m  OK  [0m] Started LXD - container startup/shutdown.
[[0;32m  OK  [0m] Started Auto import assertions from block devices.
[[0;32m  OK  [0m] Started /etc/rc.local Compatibility.
[[0;1;31mFAILED[0m] Failed to start A high performance ...rver and a reverse proxy server.
See 'systemctl status nginx.service' for details.
[[0;32m  OK  [0m] Started LSB: MD monitoring daemon.
[[0;32m  OK  [0m] Started LSB: Record successful boot for GRUB.
         Starting Authenticate and Authorize Users to Run Privileged Tasks...
         Starting Login to default iSCSI targets...
[[0;32m  OK  [0m] Started Login Service.
[[0;32m  OK  [0m] Started Authenticate and Authorize Users to Run Privileged Tasks.
[[0;32m  OK  [0m] Started Accounts Service.
[[0;32m  OK  [0m] Started Login to default iSCSI targets.
[[0;32m  OK  [0m] Reached target Remote File Systems (Pre).
[[0;32m  OK  [0m] Reached target Remote File Systems.
         Starting LSB: VirtualBox Linux Additions...
         Starting LSB: Set the CPU Frequency Scaling governor to "ondemand"...
         Starting LSB: daemon to balance interrupts for SMP systems...
         Starting LSB: automatic crash report generation...
         Starting Permit User Sessions...
[[0;32m  OK  [0m] Started Permit User Sessions.
         Starting Hold until boot process finishes up...
         Starting Terminate Plymouth Boot Screen...
[[0;32m  OK  [0m] Started LSB: Set the CPU Frequency Scaling governor to "ondemand".
[[0;32m  OK  [0m] Started LSB: daemon to balance interrupts for SMP systems.
[[0;32m  OK  [0m] Started Hold until boot process finishes up.
[[0;32m  OK  [0m] Started Terminate Plymouth Boot Screen.
         Starting Set console scheme...
[[0;32m  OK  [0m] Started Getty on tty1.
[[0;32m  OK  [0m] Started Serial Getty on ttyS0.
[[0;32m  OK  [0m] Reached target Login Prompts.
[[0;32m  OK  [0m] Started LSB: automatic crash report generation.
[[0;32m  OK  [0m] Started Set console scheme.
[[0;32m  OK  [0m] Started LSB: VirtualBox Linux Additions.
[[0;32m  OK  [0m] Reached target Multi-User System.
[[0;32m  OK  [0m] Reached target Graphical Interface.
[   22.942670] cloud-init[1023]: Cloud-init v. 0.7.9 running 'modules:config' at Sat, 08 Jul 2017 13:06:35 +0000. Up 22.56 seconds.
         Starting Update UTMP about System Runlevel Changes...
[[0;32m  OK  [0m] Started Apply the settings specified in cloud-config.
[[0;32m  OK  [0m] Started Update UTMP about System Runlevel Changes.
[[0;32m  OK  [0m] Created slice User Slice of ubuntu.
         Starting User Manager for UID 1000...
[[0;32m  OK  [0m] Started Session 1 of user ubuntu.
         Starting Execute cloud user/final scripts...
[[0;32m  OK  [0m] Started User Manager for UID 1000.
[   24.193101] cloud-init[1228]: Cloud-init v. 0.7.9 running 'modules:final' at Sat, 08 Jul 2017 13:06:37 +0000. Up 23.94 seconds.
[   24.296723] cloud-init[1228]: Cloud-init v. 0.7.9 finished at Sat, 08 Jul 2017 13:06:37 +0000. Datasource DataSourceNoCloud [seed=/dev/sdb][dsmode=net].  Up 24.18 seconds
[[0;32m  OK  [0m] Started Execute cloud user/final scripts.
[[0;32m  OK  [0m] Reached target Cloud-init target.

Ubuntu 16.04.2 LTS ubuntu-xenial ttyS0

ubuntu-xenial login: 