[    0.000000] Initializing cgroup subsys cpuset
[    0.000000] Initializing cgroup subsys cpu
[    0.000000] Initializing cgroup subsys cpuacct
[    0.000000] Linux version 4.4.0-79-generic (buildd@lcy01-30) (gcc version 5.4.0 20160609 (Ubuntu 5.4.0-6ubuntu1~16.04.4) ) #100-Ubuntu SMP Wed May 17 19:58:14 UTC 2017 (Ubuntu 4.4.0-79.100-generic 4.4.67)
[    0.000000] Command line: BOOT_IMAGE=/boot/vmlinuz-4.4.0-79-generic root=UUID=4d5d1894-7ea2-4612-ba0d-9cf5344f2639 ro console=tty1 console=ttyS0
[    0.000000] KERNEL supported cpus:
[    0.000000]   Intel GenuineIntel
[    0.000000]   AMD AuthenticAMD
[    0.000000]   Centaur CentaurHauls
[    0.000000] x86/fpu: xstate_offset[2]:  576, xstate_sizes[2]:  256
[    0.000000] x86/fpu: Supporting XSAVE feature 0x01: 'x87 floating point registers'
[    0.000000] x86/fpu: Supporting XSAVE feature 0x02: 'SSE registers'
[    0.000000] x86/fpu: Supporting XSAVE feature 0x04: 'AVX registers'
[    0.000000] x86/fpu: Enabled xstate features 0x7, context size is 832 bytes, using 'standard' format.
[    0.000000] x86/fpu: Using 'lazy' FPU context switches.
[    0.000000] e820: BIOS-provided physical RAM map:
[    0.000000] BIOS-e820: [mem 0x0000000000000000-0x000000000009fbff] usable
[    0.000000] BIOS-e820: [mem 0x000000000009fc00-0x000000000009ffff] reserved
[    0.000000] BIOS-e820: [mem 0x00000000000f0000-0x00000000000fffff] reserved
[    0.000000] BIOS-e820: [mem 0x0000000000100000-0x000000003ffeffff] usable
[    0.000000] BIOS-e820: [mem 0x000000003fff0000-0x000000003fffffff] ACPI data
[    0.000000] BIOS-e820: [mem 0x00000000fec00000-0x00000000fec00fff] reserved
[    0.000000] BIOS-e820: [mem 0x00000000fee00000-0x00000000fee00fff] reserved
[    0.000000] BIOS-e820: [mem 0x00000000fffc0000-0x00000000ffffffff] reserved
[    0.000000] NX (Execute Disable) protection: active
[    0.000000] SMBIOS 2.5 present.
[    0.000000] Hypervisor detected: KVM
[    0.000000] e820: last_pfn = 0x3fff0 max_arch_pfn = 0x400000000
[    0.000000] MTRR: Disabled
[    0.000000] x86/PAT: MTRRs disabled, skipping PAT initialization too.
[    0.000000] x86/PAT: Configuration [0-7]: WB  WT  UC- UC  WB  WT  UC- UC  
[    0.000000] CPU MTRRs all blank - virtualized system.
[    0.000000] found SMP MP-table at [mem 0x0009fff0-0x0009ffff] mapped at [ffff88000009fff0]
[    0.000000] Scanning 1 areas for low memory corruption
[    0.000000] RAMDISK: [mem 0x36236000-0x37112fff]
[    0.000000] ACPI: Early table checksum verification disabled
[    0.000000] ACPI: RSDP 0x00000000000E0000 000024 (v02 VBOX  )
[    0.000000] ACPI: XSDT 0x000000003FFF0030 00003C (v01 VBOX   VBOXXSDT 00000001 ASL  00000061)
[    0.000000] ACPI: FACP 0x000000003FFF00F0 0000F4 (v04 VBOX   VBOXFACP 00000001 ASL  00000061)
[    0.000000] ACPI: DSDT 0x000000003FFF0470 0021C8 (v02 VBOX   VBOXBIOS 00000002 INTL 20100528)
[    0.000000] ACPI: FACS 0x000000003FFF0200 000040
[    0.000000] ACPI: FACS 0x000000003FFF0200 000040
[    0.000000] ACPI: APIC 0x000000003FFF0240 00005C (v02 VBOX   VBOXAPIC 00000001 ASL  00000061)
[    0.000000] ACPI: SSDT 0x000000003FFF02A0 0001CC (v01 VBOX   VBOXCPUT 00000002 INTL 20100528)
[    0.000000] No NUMA configuration found
[    0.000000] Faking a node at [mem 0x0000000000000000-0x000000003ffeffff]
[    0.000000] NODE_DATA(0) allocated [mem 0x3ffeb000-0x3ffeffff]
[    0.000000] kvm-clock: Using msrs 4b564d01 and 4b564d00
[    0.000000] kvm-clock: cpu 0, msr 0:3ffe3001, primary cpu clock
[    0.000000] kvm-clock: using sched offset of 4063846256 cycles
[    0.000000] clocksource: kvm-clock: mask: 0xffffffffffffffff max_cycles: 0x1cd42e4dffb, max_idle_ns: 881590591483 ns
[    0.000000] Zone ranges:
[    0.000000]   DMA      [mem 0x0000000000001000-0x0000000000ffffff]
[    0.000000]   DMA32    [mem 0x0000000001000000-0x000000003ffeffff]
[    0.000000]   Normal   empty
[    0.000000]   Device   empty
[    0.000000] Movable zone start for each node
[    0.000000] Early memory node ranges
[    0.000000]   node   0: [mem 0x0000000000001000-0x000000000009efff]
[    0.000000]   node   0: [mem 0x0000000000100000-0x000000003ffeffff]
[    0.000000] Initmem setup node 0 [mem 0x0000000000001000-0x000000003ffeffff]
[    0.000000] ACPI: PM-Timer IO Port: 0x4008
[    0.000000] IOAPIC[0]: apic_id 2, version 32, address 0xfec00000, GSI 0-23
[    0.000000] ACPI: INT_SRC_OVR (bus 0 bus_irq 0 global_irq 2 dfl dfl)
[    0.000000] ACPI: INT_SRC_OVR (bus 0 bus_irq 9 global_irq 9 high level)
[    0.000000] Using ACPI (MADT) for SMP configuration information
[    0.000000] smpboot: Allowing 2 CPUs, 0 hotplug CPUs
[    0.000000] PM: Registered nosave memory: [mem 0x00000000-0x00000fff]
[    0.000000] PM: Registered nosave memory: [mem 0x0009f000-0x0009ffff]
[    0.000000] PM: Registered nosave memory: [mem 0x000a0000-0x000effff]
[    0.000000] PM: Registered nosave memory: [mem 0x000f0000-0x000fffff]
[    0.000000] e820: [mem 0x40000000-0xfebfffff] available for PCI devices
[    0.000000] Booting paravirtualized kernel on KVM
[    0.000000] clocksource: refined-jiffies: mask: 0xffffffff max_cycles: 0xffffffff, max_idle_ns: 7645519600211568 ns
[    0.000000] setup_percpu: NR_CPUS:512 nr_cpumask_bits:512 nr_cpu_ids:2 nr_node_ids:1
[    0.000000] PERCPU: Embedded 33 pages/cpu @ffff88003fc00000 s98264 r8192 d28712 u1048576
[    0.000000] PV qspinlock hash table entries: 256 (order: 0, 4096 bytes)
[    0.000000] Built 1 zonelists in Node order, mobility grouping on.  Total pages: 257913
[    0.000000] Policy zone: DMA32
[    0.000000] Kernel command line: BOOT_IMAGE=/boot/vmlinuz-4.4.0-79-generic root=UUID=4d5d1894-7ea2-4612-ba0d-9cf5344f2639 ro console=tty1 console=ttyS0
[    0.000000] PID hash table entries: 4096 (order: 3, 32768 bytes)
[    0.000000] Memory: 997360K/1048120K available (8469K kernel code, 1294K rwdata, 3984K rodata, 1484K init, 1316K bss, 50760K reserved, 0K cma-reserved)
[    0.000000] SLUB: HWalign=64, Order=0-3, MinObjects=0, CPUs=2, Nodes=1
[    0.000000] Hierarchical RCU implementation.
[    0.000000] 	Build-time adjustment of leaf fanout to 64.
[    0.000000] 	RCU restricting CPUs from NR_CPUS=512 to nr_cpu_ids=2.
[    0.000000] RCU: Adjusting geometry for rcu_fanout_leaf=64, nr_cpu_ids=2
[    0.000000] NR_IRQS:33024 nr_irqs:440 16
[    0.000000] Console: colour VGA+ 80x25
[    0.000000] console [tty1] enabled
[    0.000000] console [ttyS0] enabled
[    0.000000] tsc: Detected 2195.020 MHz processor
[    4.879114] Calibrating delay loop (skipped) preset value.. 4390.04 BogoMIPS (lpj=8780080)
[    4.881074] pid_max: default: 32768 minimum: 301
[    4.928197] ACPI: Core revision 20150930
[    4.955791] ACPI: 2 ACPI AML tables successfully acquired and loaded
[    4.967725] Security Framework initialized
[    4.968655] Yama: becoming mindful.
[    4.969501] AppArmor: AppArmor initialized
[    4.970522] Dentry cache hash table entries: 131072 (order: 8, 1048576 bytes)
[    5.006200] Inode-cache hash table entries: 65536 (order: 7, 524288 bytes)
[    5.014165] Mount-cache hash table entries: 2048 (order: 2, 16384 bytes)
[    5.101950] Mountpoint-cache hash table entries: 2048 (order: 2, 16384 bytes)
[    5.139649] Initializing cgroup subsys io
[    5.167573] Initializing cgroup subsys memory
[    5.199471] Initializing cgroup subsys devices
[    5.207046] Initializing cgroup subsys freezer
[    5.221787] Initializing cgroup subsys net_cls
[    5.270470] Initializing cgroup subsys perf_event
[    5.296952] Initializing cgroup subsys net_prio
[    5.357041] Initializing cgroup subsys hugetlb
[    5.434112] Initializing cgroup subsys pids
[    5.506792] CPU: Physical Processor ID: 0
[    5.580033] CPU: Processor Core ID: 0
[    5.615867] mce: CPU supports 0 MCE banks
[    5.617052] Last level iTLB entries: 4KB 512, 2MB 8, 4MB 8
[    5.625390] Last level dTLB entries: 4KB 512, 2MB 32, 4MB 32, 1GB 0
[    5.629301] Freeing SMP alternatives memory: 32K (ffffffff820b8000 - ffffffff820c0000)
[    5.667357] ftrace: allocating 32127 entries in 126 pages
[    5.769136] smpboot: APIC(0) Converting physical 0 to logical package 0
[    5.843523] smpboot: Max logical packages: 1
[    5.851696] x2apic enabled
[    5.854578] Switched APIC routing to physical x2apic.
[    5.868211] ..TIMER: vector=0x30 apic1=0 pin1=2 apic2=-1 pin2=-1
[    5.974108] smpboot: CPU0: Intel(R) Core(TM) i7-2670QM CPU @ 2.20GHz (family: 0x6, model: 0x2a, stepping: 0x7)
[    6.027657] Performance Events: unsupported p6 CPU model 42 no PMU driver, software events only.
[    6.062736] KVM setup paravirtual spinlock
[    6.107400] x86: Booting SMP configuration:
[    6.129013] .... node  #0, CPUs:      #1
[    6.146651] kvm-clock: cpu 1, msr 0:3ffe3041, secondary cpu clock
[    6.147951] mce: CPU supports 0 MCE banks
[    6.150806] x86: Booted up 1 node, 2 CPUs
[    6.187019] smpboot: Total of 2 processors activated (8780.08 BogoMIPS)
[    6.212457] devtmpfs: initialized
[    6.250409] evm: security.selinux
[    6.255897] evm: security.SMACK64
[    6.257202] evm: security.SMACK64EXEC
[    6.258140] evm: security.SMACK64TRANSMUTE
[    6.259168] evm: security.SMACK64MMAP
[    6.260115] evm: security.ima
[    6.260877] evm: security.capability
[    6.262069] clocksource: jiffies: mask: 0xffffffff max_cycles: 0xffffffff, max_idle_ns: 7645041785100000 ns
[    6.299715] futex hash table entries: 512 (order: 3, 32768 bytes)
[    6.309552] pinctrl core: initialized pinctrl subsystem
[    6.310835] RTC time: 18:25:55, date: 06/18/17
[    6.313138] NET: Registered protocol family 16
[    6.326712] cpuidle: using governor ladder
[    6.350689] cpuidle: using governor menu
[    6.395881] PCCT header not found.
[    6.413586] ACPI: bus type PCI registered
[    6.428658] acpiphp: ACPI Hot Plug PCI Controller Driver version: 0.5
[    6.430126] PCI: Using configuration type 1 for base access
[    6.467134] ACPI: Added _OSI(Module Device)
[    6.522729] ACPI: Added _OSI(Processor Device)
[    6.545135] ACPI: Added _OSI(3.0 _SCP Extensions)
[    6.565262] ACPI: Added _OSI(Processor Aggregator Device)
[    6.588235] ACPI: Executed 1 blocks of module-level executable AML code
[    6.592006] ACPI: Interpreter enabled
[    6.592928] ACPI: (supports S0 S5)
[    6.593737] ACPI: Using IOAPIC for interrupt routing
[    6.594980] PCI: Using host bridge windows from ACPI; if necessary, use "pci=nocrs" and report a bug
[    6.607563] ACPI: PCI Root Bridge [PCI0] (domain 0000 [bus 00-ff])
[    6.635579] acpi PNP0A03:00: _OSC: OS supports [ASPM ClockPM Segments MSI]
[    6.636955] acpi PNP0A03:00: _OSC failed (AE_NOT_FOUND); disabling ASPM
[    6.638293] acpi PNP0A03:00: fail to add MMCONFIG information, can't access extended PCI configuration space under this bridge.
[    6.642441] PCI host bridge to bus 0000:00
[    6.643382] pci_bus 0000:00: root bus resource [io  0x0000-0x0cf7 window]
[    6.644718] pci_bus 0000:00: root bus resource [io  0x0d00-0xffff window]
[    6.646054] pci_bus 0000:00: root bus resource [mem 0x000a0000-0x000bffff window]
[    6.647870] pci_bus 0000:00: root bus resource [mem 0x40000000-0xffdfffff window]
[    6.649538] pci_bus 0000:00: root bus resource [bus 00-ff]
[    6.653050] pci 0000:00:01.1: legacy IDE quirk: reg 0x10: [io  0x01f0-0x01f7]
[    6.664419] pci 0000:00:01.1: legacy IDE quirk: reg 0x14: [io  0x03f6]
[    6.665738] pci 0000:00:01.1: legacy IDE quirk: reg 0x18: [io  0x0170-0x0177]
[    6.678078] pci 0000:00:01.1: legacy IDE quirk: reg 0x1c: [io  0x0376]
[    6.695603] pci 0000:00:07.0: quirk: [io  0x4000-0x403f] claimed by PIIX4 ACPI
[    6.790810] pci 0000:00:07.0: quirk: [io  0x4100-0x410f] claimed by PIIX4 SMB
[    6.994653] ACPI: PCI Interrupt Link [LNKA] (IRQs 5 9 10 *11)
[    7.135634] ACPI: PCI Interrupt Link [LNKB] (IRQs 5 9 10 *11)
[    7.240268] ACPI: PCI Interrupt Link [LNKC] (IRQs 5 9 *10 11)
[    7.357509] ACPI: PCI Interrupt Link [LNKD] (IRQs 5 *9 10 11)
[    7.496131] ACPI: Enabled 2 GPEs in block 00 to 07
[    7.611211] vgaarb: setting as boot device: PCI:0000:00:02.0
[    7.745085] vgaarb: device added: PCI:0000:00:02.0,decodes=io+mem,owns=io+mem,locks=none
[    7.862517] vgaarb: loaded
[    7.913084] vgaarb: bridge control possible 0000:00:02.0
[    7.937033] SCSI subsystem initialized
[    7.938110] ACPI: bus type USB registered
[    7.939051] usbcore: registered new interface driver usbfs
[    7.940191] usbcore: registered new interface driver hub
[    7.941331] usbcore: registered new device driver usb
[    7.942722] PCI: Using ACPI for IRQ routing
[    7.944021] NetLabel: Initializing
[    7.944841] NetLabel:  domain hash size = 128
[    7.945812] NetLabel:  protocols = UNLABELED CIPSOv4
[    7.947947] NetLabel:  unlabeled traffic allowed by default
[    7.949277] amd_nb: Cannot enumerate AMD northbridges
[    7.950416] clocksource: Switched to clocksource kvm-clock
[    8.020011] AppArmor: AppArmor Filesystem Enabled
[    8.158453] pnp: PnP ACPI init
[    8.236255] pnp: PnP ACPI: found 3 devices
[    8.284080] clocksource: acpi_pm: mask: 0xffffff max_cycles: 0xffffff, max_idle_ns: 2085701024 ns
[    8.484006] NET: Registered protocol family 2
[    8.591885] TCP established hash table entries: 8192 (order: 4, 65536 bytes)
[    8.795387] TCP bind hash table entries: 8192 (order: 5, 131072 bytes)
[    8.933106] TCP: Hash tables configured (established 8192 bind 8192)
[    9.014032] UDP hash table entries: 512 (order: 2, 16384 bytes)
[    9.173085] UDP-Lite hash table entries: 512 (order: 2, 16384 bytes)
[    9.356768] NET: Registered protocol family 1
[    9.477232] pci 0000:00:00.0: Limiting direct PCI/PCI transfers
[    9.645942] pci 0000:00:01.0: Activating ISA DMA hang workarounds
[    9.823994] Unpacking initramfs...
[   10.181066] Freeing initrd memory: 15220K (ffff880036236000 - ffff880037113000)
[   10.303555] RAPL PMU detected, API unit is 2^-32 Joules, 3 fixed counters 10737418240 ms ovfl timer
[   10.307319] hw unit of domain pp0-core 2^-0 Joules
[   10.308381] hw unit of domain package 2^-0 Joules
[   10.314975] hw unit of domain pp1-gpu 2^-0 Joules
[   10.316068] platform rtc_cmos: registered platform RTC device (no PNP device found)
[   10.317814] Scanning for low memory corruption every 60 seconds
[   10.319504] audit: initializing netlink subsys (disabled)
[   10.414052] audit: type=2000 audit(1497810358.021:1): initialized
[   10.552985] Initialise system trusted keyring
[   10.636388] HugeTLB registered 2 MB page size, pre-allocated 0 pages
[   10.772640] zbud: loaded
[   10.833122] VFS: Disk quotas dquot_6.6.0
[   10.935139] VFS: Dquot-cache hash table entries: 512 (order 0, 4096 bytes)
[   11.055065] squashfs: version 4.0 (2009/01/31) Phillip Lougher
[   11.058203] fuse init (API version 7.23)
[   11.071536] Key type big_key registered
[   11.074724] Allocating IMA MOK and blacklist keyrings.
[   11.111054] Key type asymmetric registered
[   11.223185] Asymmetric key parser 'x509' registered
[   11.324475] tsc: Refined TSC clocksource calibration: 2195.147 MHz
[   11.331755] clocksource: tsc: mask: 0xffffffffffffffff max_cycles: 0x1fa44a4f2fa, max_idle_ns: 440795245327 ns
[   11.331888] Block layer SCSI generic (bsg) driver version 0.4 loaded (major 249)
ÿ[   11.331942] io scheduler noop registered
[   11.331944] io scheduler deadline registered (default)
[   11.331977] io scheduler cfq registered
[   11.332102] pci_hotplug: PCI Hot Plug PCI Core version: 0.5
[   11.332108] pciehp: PCI Express Hot Plug Controller Driver version: 0.4
[   11.332264] ACPI: AC Adapter [AC] (on-line)
[   11.332320] input: Power Button as /devices/LNXSYSTM:00/LNXPWRBN:00/input/input0
[   11.332338] ACPI: Power Button [PWRF]
[   11.332419] input: Sleep Button as /devices/LNXSYSTM:00/LNXSLPBN:00/input/input1
[   11.332421] ACPI: Sleep Button [SLPF]
[   11.332583] GHES: HEST is not enabled!
[   11.451728] ACPI: Battery Slot [BAT0] (battery present)
[   11.451847] Serial: 8250/16550 driver, 32 ports, IRQ sharing enabled
[   11.673076] 00:02: ttyS0 at I/O 0x3f8 (irq = 4, base_baud = 115200) is a 16550A
[   11.688536] Linux agpgart interface v0.103
[   11.698790] loop: module loaded
[   11.699349] scsi host0: ata_piix
[   11.699414] scsi host1: ata_piix
[   11.699448] ata1: PATA max UDMA/33 cmd 0x1f0 ctl 0x3f6 bmdma 0xd000 irq 14
[   11.699449] ata2: PATA max UDMA/33 cmd 0x170 ctl 0x376 bmdma 0xd008 irq 15
[   11.699526] libphy: Fixed MDIO Bus: probed
[   11.699528] tun: Universal TUN/TAP device driver, 1.6
[   11.699529] tun: (C) 1999-2004 Max Krasnyansky <maxk@qualcomm.com>
[   11.699868] PPP generic driver version 2.4.2
[   11.699928] ehci_hcd: USB 2.0 'Enhanced' Host Controller (EHCI) Driver
[   11.699932] ehci-pci: EHCI PCI platform driver
[   11.699949] ehci-platform: EHCI generic platform driver
[   11.699958] ohci_hcd: USB 1.1 'Open' Host Controller (OHCI) Driver
[   11.699962] ohci-pci: OHCI PCI platform driver
[   11.699971] ohci-platform: OHCI generic platform driver
[   11.699979] uhci_hcd: USB Universal Host Controller Interface driver
[   11.700041] i8042: PNP: PS/2 Controller [PNP0303:PS2K,PNP0f03:PS2M] at 0x60,0x64 irq 1,12
[   11.700539] serio: i8042 KBD port at 0x60,0x64 irq 1
[   11.700543] serio: i8042 AUX port at 0x60,0x64 irq 12
[   11.700673] mousedev: PS/2 mouse device common for all mice
[   11.701169] input: AT Translated Set 2 keyboard as /devices/platform/i8042/serio0/input/input2
[   11.701534] rtc_cmos rtc_cmos: rtc core: registered rtc_cmos as rtc0
[   11.701596] rtc_cmos rtc_cmos: alarms up to one day, 114 bytes nvram
[   11.701603] i2c /dev entries driver
[   11.701678] device-mapper: uevent: version 1.0.3
[   11.701738] device-mapper: ioctl: 4.34.0-ioctl (2015-10-28) initialised: dm-devel@redhat.com
[   11.701760] ledtrig-cpu: registered to indicate activity on CPUs
[   11.702345] NET: Registered protocol family 10
[   11.702514] NET: Registered protocol family 17
[   11.702526] Key type dns_resolver registered
[   11.702710] microcode: CPU0 sig=0x206a7, pf=0x10, revision=0x0
[   11.710130] microcode: CPU1 sig=0x206a7, pf=0x10, revision=0x0
[   11.710258] microcode: Microcode Update Driver: v2.01 <tigran@aivazian.fsnet.co.uk>, Peter Oruba
[   11.710524] registered taskstats version 1
[   11.710540] Loading compiled-in X.509 certificates
[   11.711473] Loaded X.509 cert 'Build time autogenerated kernel key: 761c03361fb5ffec61c19dca354b3d4126495503'
[   11.711504] zswap: loaded using pool lzo/zbud
[   11.713235] Key type trusted registered
[   11.716077] Key type encrypted registered
[   11.716082] AppArmor: AppArmor sha1 policy hashing enabled
[   11.716085] ima: No TPM chip found, activating TPM-bypass!
[   11.716105] evm: HMAC attrs: 0x1
[   11.716435]   Magic number: 5:636:443
[   11.716780] rtc_cmos rtc_cmos: setting system clock to 2017-06-18 18:26:00 UTC (1497810360)
[   11.716872] BIOS EDD facility v0.16 2004-Jun-25, 0 devices found
[   11.716872] EDD information not available.
[   15.359307] Freeing unused kernel memory: 1484K (ffffffff81f45000 - ffffffff820b8000)
[   15.547985] Write protecting the kernel read-only data: 14336k
[   15.715111] Freeing unused kernel memory: 1760K (ffff880001848000 - ffff880001a00000)
[   15.920073] Freeing unused kernel memory: 112K (ffff880001de4000 - ffff880001e00000)
Loading, please [   16.142183] random: systemd-udevd: uninitialized urandom read (16 bytes read, 3 bits of entropy available)
wait...
startin[   16.143016] random: udevadm: uninitialized urandom read (16 bytes read, 3 bits of entropy available)
g version 229
[   16.143084] random: udevadm: uninitialized urandom read (16 bytes read, 3 bits of entropy available)
[   16.143222] random: udevadm: uninitialized urandom read (16 bytes read, 3 bits of entropy available)
[   16.143275] random: udevadm: uninitialized urandom read (16 bytes read, 3 bits of entropy available)
[   16.143329] random: udevadm: uninitialized urandom read (16 bytes read, 3 bits of entropy available)
[   16.143380] random: udevadm: uninitialized urandom read (16 bytes read, 3 bits of entropy available)
[   16.143434] random: udevadm: uninitialized urandom read (16 bytes read, 3 bits of entropy available)
[   16.143482] random: udevadm: uninitialized urandom read (16 bytes read, 3 bits of entropy available)
[   16.143552] random: udevadm: uninitialized urandom read (16 bytes read, 3 bits of entropy available)
[   17.983879] Fusion MPT base driver 3.04.20
[   18.083910] Copyright (c) 1999-2008 LSI Corporation
[   18.196978] e1000: Intel(R) PRO/1000 Network Driver - version 7.3.21-k8-NAPI
[   18.212860] e1000: Copyright (c) 1999-2006 Intel Corporation.
[   18.245910] Fusion MPT SPI Host driver 3.04.20
[   18.343993] AVX version of gcm_enc/dec engaged.
[   18.467722] AES CTR mode by8 optimization enabled
[   18.750676] input: ImExPS/2 Generic Explorer Mouse as /devices/platform/i8042/serio1/input/input4
[   18.911575] e1000 0000:00:03.0 eth0: (PCI:33MHz:32-bit) 02:fb:34:e1:96:ef
[   19.051040] e1000 0000:00:03.0 eth0: Intel(R) PRO/1000 Network Connection
[   19.173454] e1000 0000:00:03.0 enp0s3: renamed from eth0
[   19.182485] mptbase: ioc0: Initiating bringup
[   19.326987] ioc0: LSI53C1030 A0: Capabilities={Initiator}
[   19.648619] scsi host2: ioc0: LSI53C1030 A0, FwRev=00000000h, Ports=1, MaxQ=256, IRQ=20
[   19.795442] scsi 2:0:0:0: Direct-Access     VBOX     HARDDISK         1.0  PQ: 0 ANSI: 5
[   19.981826] scsi target2:0:0: Beginning Domain Validation
[   20.138733] scsi target2:0:0: Domain Validation skipping write tests
[   20.162402] scsi target2:0:0: Ending Domain Validation
[   20.288868] scsi target2:0:0: asynchronous
[   20.327819] scsi 2:0:1:0: Direct-Access     VBOX     HARDDISK         1.0  PQ: 0 ANSI: 5
[   20.519660] scsi target2:0:1: Beginning Domain Validation
[   20.638605] scsi target2:0:1: Domain Validation skipping write tests
[   20.699199] scsi target2:0:1: Ending Domain Validation
[   20.743377] scsi target2:0:1: asynchronous
[   20.755814] sd 2:0:0:0: Attached scsi generic sg0 type 0
[   20.807396] sd 2:0:0:0: [sda] 20971520 512-byte logical blocks: (10.7 GB/10.0 GiB)
[   20.820274] sd 2:0:0:0: [sda] Write Protect is off
[   20.847904] sd 2:0:1:0: Attached scsi generic sg1 type 0
[   20.847932] sd 2:0:1:0: [sdb] 20480 512-byte logical blocks: (10.5 MB/10.0 MiB)
[   20.848016] sd 2:0:0:0: [sda] Incomplete mode parameter data
[   20.848034] sd 2:0:0:0: [sda] Assuming drive cache: write through
[   20.848173] sd 2:0:1:0: [sdb] Write Protect is off
[   20.848302] sd 2:0:1:0: [sdb] Incomplete mode parameter data
[   20.848303] sd 2:0:1:0: [sdb] Assuming drive cache: write through
[   20.850436]  sda: sda1
[   20.851200] sd 2:0:1:0: [sdb] Attached SCSI disk
[   20.851804] sd 2:0:0:0: [sda] Attached SCSI disk
[   21.326648] floppy0: no floppy controllers found
[   21.326699] work still pending
Begin: Loading e[   22.706353] md: linear personality registered for level -1
ssential drivers ... [   22.865445] md: multipath personality registered for level -4
[   22.911347] md: raid0 personality registered for level 0
[   23.036241] md: raid1 personality registered for level 1
[   23.206486] raid6: sse2x1   gen()  7169 MB/s
[   23.374578] raid6: sse2x1   xor()  5645 MB/s
[   23.542744] raid6: sse2x2   gen()  8976 MB/s
[   23.746440] raid6: sse2x2   xor()  6438 MB/s
[   23.914494] raid6: sse2x4   gen() 10440 MB/s
[   23.994538] raid6: sse2x4   xor()  7289 MB/s
[   24.084087] raid6: using algorithm sse2x4 gen() 10440 MB/s
[   24.085918] raid6: .... xor() 7289 MB/s, rmw enabled
[   24.090995] raid6: using ssse3x2 recovery algorithm
[   24.166216] xor: automatically using best checksumming function:
[   24.350457]    avx       : 16519.000 MB/sec
[   24.437715] async_tx: api initialized (async)
[   24.565359] md: raid6 personality registered for level 6
[   24.712611] md: raid5 personality registered for level 5
[   24.814203] md: raid4 personality registered for level 4
[   24.966326] md: raid10 personality registered for level 10
done.
Begin: Running /scripts/init-premount ... done.
Begin: Mounting root file system ... Begin: Running /scripts/local-top ... done.
Begin: Running /scripts/local-premount ... [   25.042386] Btrfs loaded
Scanning for Btrfs filesystems
done.
Warning: fsck no[   25.088672] EXT4-fs (sda1): mounted filesystem with ordered data mode. Opts: (null)
t present, so skipping root file system
done.
Begin: Running /scripts/local-bottom ... done.
Begin: Running /scripts/init-bottom ... done.
[   25.416577] systemd[1]: systemd 229 running in system mode. (+PAM +AUDIT +SELINUX +IMA +APPARMOR +SMACK +SYSVINIT +UTMP +LIBCRYPTSETUP +GCRYPT +GNUTLS +ACL +XZ -LZ4 +SECCOMP +BLKID +ELFUTILS +KMOD -IDN)
[   25.650255] systemd[1]: Detected virtualization oracle.
[   25.738873] systemd[1]: Detected architecture x86-64.

Welcome to [1mUbuntu 16.04.2 LTS[0m!

[   25.796038] systemd[1]: Set hostname to <ubuntu-xenial>.
[   26.068039] systemd[1]: Created slice User and Session Slice.
[[0;32m  OK  [0m] Created slice User and Session Slice.
[   26.131060] systemd[1]: Listening on Journal Socket (/dev/log).
[[0;32m  OK  [0m] Listening on Journal Socket (/dev/log).
[   26.133959] systemd[1]: Listening on /dev/initctl Compatibility Named Pipe.
[[0;32m  OK  [0m] Listening on /dev/initctl Compatibility Named Pipe.
[   26.138535] systemd[1]: Listening on Syslog Socket.
[[0;32m  OK  [0m] Listening on Syslog Socket.
[   26.141231] systemd[1]: Reached target Swap.
[[0;32m  OK  [0m] Reached target Swap.
[   26.283062] systemd[1]: Reached target Encrypted Volumes.
[[0;32m  OK  [0m] Reached target Encrypted Volumes.
[   26.442999] systemd[1]: Created slice System Slice.
[[0;32m  OK  [0m] Created slice System Slice.
[   26.445761] systemd[1]: Listening on Journal Audit Socket.
[[0;32m  OK  [0m] Listening on Journal Audit Socket.
[   26.448608] systemd[1]: Reached target User and Group Name Lookups.
[[0;32m  OK  [0m] Reached target User and Group Name Lookups.
[   26.451668] systemd[1]: Listening on udev Control Socket.
[[0;32m  OK  [0m] Listening on udev Control Socket.
[   26.454454] systemd[1]: Listening on LVM2 poll daemon socket.
[[0;32m  OK  [0m] Listening on LVM2 poll daemon socket.
[   26.639536] systemd[1]: Created slice system-serial\x2dgetty.slice.
[[0;32m  OK  [0m] Created slice system-serial\x2dgetty.slice.
[   26.870732] systemd[1]: Listening on LVM2 metadata daemon socket.
[[0;32m  OK  [0m] Listening on LVM2 metadata daemon socket.
[   27.066754] systemd[1]: Listening on Device-mapper event daemon FIFOs.
[[0;32m  OK  [0m] Listening on Device-mapper event daemon FIFOs.
[   27.128601] systemd[1]: Started Trigger resolvconf update for networkd DNS.
[[0;32m  OK  [0m] Started Trigger resolvconf update for networkd DNS.
[   27.295999] systemd[1]: Listening on udev Kernel Socket.
[[0;32m  OK  [0m] Listening on udev Kernel Socket.
[   27.415171] systemd[1]: Listening on Journal Socket.
[[0;32m  OK  [0m] Listening on Journal Socket.
[   27.611068] systemd[1]: Mounting Huge Pages File System...
         Mounting Huge Pages File System...
[   27.762206] systemd[1]: Starting Nameserver information manager...
         Starting Nameserver information manager...
[   27.962617] systemd[1]: Starting Journal Service...
         Starting Journal Service...
[   28.143060] systemd[1]: Starting Set console keymap...
         Starting Set console keymap...
[   28.196858] systemd[1]: Mounting POSIX Message Queue File System...
         Mounting POSIX Message Queue File System...
[   28.207928] systemd[1]: Starting Remount Root and Kernel File Systems...
         Starting Remount Root and Kernel File Systems...
[   28.233163] EXT4-fs (sda1): re-mounted. Opts: (null)
[   28.271365] systemd[1]: Starting Uncomplicated firewall...
[   28.415513] random: nonblocking pool is initialized
         Starting Uncomplicated firewall...
[   28.468967] systemd[1]: Starting Create list of required static device nodes for the current kernel...
         Starting Create list of required st... nodes for the current kernel...
[   28.751326] systemd[1]: Set up automount Arbitrary Executable File Formats File System Automount Point.
[[0;32m  OK  [0m] Set up automount Arbitrary Executab...ats File System Automount Point.
[   29.069818] systemd[1]: Started Forward Password Requests to Wall Directory Watch.
[[0;32m  OK  [0m] Started Forward Password Requests to Wall Directory Watch.
[   29.086895] systemd[1]: Starting Load Kernel Modules...
         [   29.191298] Loading iSCSI transport class v2.0-870.
Starting Load Kernel Modules...
[   29.231995] systemd[1]: Mounting Debug File System...
         [   29.256248] iscsi: registered transport (tcp)
Mounting Debug File System...
[   29.271060] systemd[1]: Reached target Slices.
[[0;32m  OK  [0m] Reached targe[   29.312645] iscsi: registered transport (iser)
t Slices.
[   29.448699] systemd[1]: Starting Monitoring of LVM2 mirrors, snapshots etc. using dmeventd or progress polling...
         Starting Monitoring of LVM2 mirrors... dmeventd or progress polling...
[   29.799890] systemd[1]: Mounted POSIX Message Queue File System.
[[0;32m  OK  [0m] Mounted POSIX Message Queue File System.
[   29.982244] systemd[1]: Mounted Debug File System.
[[0;32m  OK  [0m] Mounted Debug File System.
[   29.984881] systemd[1]: Mounted Huge Pages File System.
[[0;32m  OK  [0m] Mounted Huge Pages File System.
[   29.995239] systemd[1]: Started Journal Service.
[[0;32m  OK  [0m] Started Journal Service.
[[0;32m  OK  [0m] Started Set console keymap.
[[0;32m  OK  [0m] Started Remount Root and Kernel File Systems.
[[0;32m  OK  [0m] Started Uncomplicated firewall.
[[0;32m  OK  [0m] Started Create list of required sta...ce nodes for the current kernel.
[[0;32m  OK  [0m] Started Load Kernel Modules.
[[0;32m  OK  [0m] Started Nameserver information manager.
[[0;32m  OK  [0m] Started LVM2 metadata daemon.
         Starting Apply Kernel Variables...
         Mounting FUSE Control File System...
         Starting Create Static Device Nodes in /dev...
         Starting Initial cloud-init job (pre-networking)...
         Starting Load/Save Random Seed...
         Starting udev Coldplug all Devices...
         Starting Flush Journal to Persistent Storage...
[[0;32m  OK  [0m] Mounted FUSE Control File System.
[[0;32m  OK  [0m] Started Apply Kernel Variables.
[[0;32m  OK  [0m] Started Create Static Device Nodes in /dev.
[[0;32m  OK  [0m] Started Load/Save Random Seed.
[[0;32m  OK  [0m] Started Monitoring of LVM2 mirrors,...ng dmeventd or progress polling.
[[0;32m  OK  [0m] Started udev Coldplug all Devices.
[[0;32m  OK  [0m] Started Flush Journal to Persistent Storage.
         Starting udev Kernel Device Manager...
[[0;32m  OK  [0m] Started udev Kernel Device Manager.
[[0;32m  OK  [0m] Reached target Local File Systems (Pre).
[[0;32m  OK  [0m] Reached target Local File Systems.
         Starting Set console font and keymap...
         Starting Tell Plymouth To Write Out Runtime Data...
         Starting Create Volatile Files and Directories...
         Starting LSB: AppArmor initialization...
[[0;32m  OK  [0m] Started Dispatch Password Requests to Console Directory Watch.
[[0;32m  OK  [0m] Started Tell Plymouth To Write Out Runtime Data.
[[0;32m  OK  [0m] Started Create Volatile Files and Directories.
[[0;32m  OK  [0m] Found device /dev/ttyS0.
[[0;32m  OK  [0m] Listening on Load/Save RF Kill Switch Status /dev/rfkill Watch.
[[0;32m  OK  [0m] Reached target System Time Synchronized.
[   24.402980] cloud-init[460]: Cloud-init v. 0.7.9 running 'init-local' at Sun, 18 Jun 2017 18:26:20 +0000. Up 23.97 seconds.
         Starting Update UTMP about System Boot/Shutdown...
[[0;32m  OK  [0m] Started Set console font and keymap.
[[0;32m  OK  [0m] Started LSB: AppArmor initialization.
[[0;32m  OK  [0m] Started Initial cloud-init job (pre-networking).
[[0;32m  OK  [0m] Found device 82540EM Gigabit Ethern...r (PRO/1000 MT Desktop Adapter).
[[0;32m  OK  [0m] Started Update UTMP about System Boot/Shutdown.
[[0;32m  OK  [0m] Reached target Network (Pre).
         Starting Raise network interfaces...
[[0;32m  OK  [0m] Started ifup for enp0s3.
[[0;32m  OK  [0m] Created slice system-getty.slice.
[[0;32m  OK  [0m] Started Raise network interfaces.
[[0;32m  OK  [0m] Reached target Network.
         Starting Initial cloud-init job (metadata service crawler)...
[   27.720411] cloud-init[967]: Cloud-init v. 0.7.9 running 'init' at Sun, 18 Jun 2017 18:26:23 +0000. Up 27.40 seconds.
[   27.744747] cloud-init[967]: ci-info: +++++++++++++++++++++++++++++++++++++Net device info++++++++++++++++++++++++++++++++++++++
[   27.764593] cloud-init[967]: ci-info: +--------+------+----------------------------+---------------+-------+-------------------+
[   27.793133] cloud-init[967]: ci-info: | Device |  Up  |          Address           |      Mask     | Scope |     Hw-Address    |
[[0;32m  OK  [0m] Started Initial cloud-init job (metadata service crawler).
[   27.815812] [cloud-init[0;32m  OK  [0m[967]: ] ci-info: +--------+------+----------------------------+---------------+-------+-------------------+Reached target Network is Online.

[   27.918533]          cloud-initStarting iSCSI initiator daemon (iscsid)...[967]: 
ci-info: | enp0s3 | True |         10.0.2.15          | 255.255.255.0 |   .   | 02:fb:34:e1:96:ef |
[   28.028990] [cloud-init[0;32m  OK  [0m[967]: ] ci-info: | enp0s3 | True | fe80::fb:34ff:fee1:96ef/64 |       .       |  link | 02:fb:34:e1:96:ef |Reached target Cloud-config availability.

[   28.044229] [cloud-init[0;32m  OK  [0m[967]: ] ci-info: |   lo   | True |         127.0.0.1          |   255.0.0.0   |   .   |         .         |Reached target System Initialization.

[   28.175009] [cloud-init[0;32m  OK  [0m[967]: ] ci-info: |   lo   | True |          ::1/128           |       .       |  host |         .         |Listening on ACPID Listen Socket.

[   28.175677] cloud-init[967]: ci-info: +--------+------+----------------------------+---------------+-------+-------------------+
[   28.268544] [cloud-init[0;32m  OK  [0m[967]: ] ci-info: +++++++++++++++++++++++++++Route IPv4 info++++++++++++++++++++++++++++Started ACPI Events Check.

[   28.269205] [cloud-init[0;32m  OK  [0m[967]: ci-info: +-------+-------------+----------+---------------+-----------+-------+
] Reached target Paths.
[[0;32m  OK  [0m] Listening on UUID daemon activation socket.
         Starting Socket activation for snappy daemon.
[   28.292713] cloud-init[967]: ci-info: | Route | Destination | Gateway  |    Genmask    | Interface | Flags |
[   28.320320] [cloud-init[0;32m  OK  [0m[967]: ] ci-info: +-------+-------------+----------+---------------+-----------+-------+Started Timer to automatically refresh installed snaps.

[   28.332296] [cloud-init[0;32m  OK  [0m[967]: ] ci-info: |   0   |   0.0.0.0   | 10.0.2.2 |    0.0.0.0    |   enp0s3  |   UG  |Started Daily Cleanup of Temporary Directories.

[   28.337682]          cloud-initStarting LXD - unix socket.[967]: 
ci-info: |   1   |   10.0.2.0  | 0.0.0.0  | 255.255.255.0 |   enp0s3  |   U   |
[   28.341431] [cloud-init[0;32m  OK  [0m[967]: ] ci-info: +-------+-------------+----------+---------------+-----------+-------+Started Daily apt activities.

[[0;32m  OK  [0m] Reached target Timers.
[[0;32m  OK  [0m] Listening on D-Bus System Message Bus Socket.
[[0;32m  OK  [0m] Listening on Socket activation for snappy daemon.
[[0;32m  OK  [0m] Listening on LXD - unix socket.
[[0;32m  OK  [0m] Started iSCSI initiator daemon (iscsid).
         Starting Login to default iSCSI targets...
[[0;32m  OK  [0m] Reached target Sockets.
[[0;32m  OK  [0m] Reached target Basic System.
         Starting System Logging Service...
[[0;32m  OK  [0m] Started Unattended Upgrades Shutdown.
         Starting Accounts Service...
         Starting LSB: Record successful boot for GRUB...
         Starting LSB: MD monitoring daemon...
         Starting Apply the settings specified in cloud-config...
[[0;32m  OK  [0m] Started D-Bus System Message Bus.
[[0;32m  OK  [0m] Started Deferred execution scheduler.
[[0;32m  OK  [0m] Started FUSE filesystem for LXC.
[[0;32m  OK  [0m] Started Regular background program processing daemon.
         Starting /etc/rc.local Compatibility...
         Starting Login Service...
[[0;32m  OK  [0m] Started ACPI event daemon.
         Starting A high performance web server and a reverse proxy server...
         Starting LXD - container startup/shutdown...
         Starting OpenBSD Secure Shell server...
[[0;32m  OK  [0m] Started Snappy daemon.
         Starting Auto import assertions from block devices...
[[0;32m  OK  [0m] Started System Logging Service.
[[0;32m  OK  [0m] Started OpenBSD Secure Shell server.
[[0;32m  OK  [0m] Started /etc/rc.local Compatibility.
[[0;32m  OK  [0m] Started LXD - container startup/shutdown.
[[0;32m  OK  [0m] Started Auto import assertions from block devices.
[[0;32m  OK  [0m] Started A high performance web server and a reverse proxy server.
[   29.345614] cloud-init[1044]: Cloud-init v. 0.7.9 running 'modules:config' at Sun, 18 Jun 2017 18:26:25 +0000. Up 29.14 seconds.
[[0;32m  OK  [0m] Started Login to default iSCSI targets.
[[0;32m  OK  [0m] Started LSB: Record successful boot for GRUB.
[[0;32m  OK  [0m] Started LSB: MD monitoring daemon.
[[0;32m  OK  [0m] Started Apply the settings specified in cloud-config.
         Starting Authenticate and Authorize Users to Run Privileged Tasks...
[[0;32m  OK  [0m] Reached target Remote File Systems (Pre).
[[0;32m  OK  [0m] Reached target Remote File Systems.
         Starting LSB: automatic crash report generation...
         Starting LSB: daemon to balance interrupts for SMP systems...
         Starting Permit User Sessions...
         Starting LSB: VirtualBox Linux Additions...
         Starting LSB: Set the CPU Frequency Scaling governor to "ondemand"...
[[0;32m  OK  [0m] Started Permit User Sessions.
[[0;32m  OK  [0m] Started Login Service.
[[0;32m  OK  [0m] Started Authenticate and Authorize Users to Run Privileged Tasks.
[[0;32m  OK  [0m] Started Accounts Service.
         Starting Terminate Plymouth Boot Screen...
         Starting Hold until boot process finishes up...
[[0;32m  OK  [0m] Started LSB: automatic crash report generation.
[[0;32m  OK  [0m] Started LSB: daemon to balance interrupts for SMP systems.
[[0;32m  OK  [0m] Started LSB: VirtualBox Linux Additions.
[[0;32m  OK  [0m] Started LSB: Set the CPU Frequency Scaling governor to "ondemand".
[[0;32m  OK  [0m] Started Terminate Plymouth Boot Screen.
[[0;32m  OK  [0m] Started Hold until boot process finishes up.
[[0;32m  OK  [0m] Started Getty on tty1.
[[0;32m  OK  [0m] Started Serial Getty on ttyS0.
[[0;32m  OK  [0m] Reached target Login Prompts.
         Starting Set console scheme...
[[0;32m  OK  [0m] Reached target Multi-User System.
         Starting Execute cloud user/final scripts...
[[0;32m  OK  [0m] Reached target Graphical Interface.
         Starting Update UTMP about System Runlevel Changes...
[[0;32m  OK  [0m] Started Set console scheme.
[[0;32m  OK  [0m] Started Update UTMP about System Runlevel Changes.
[   31.113567] cloud-init[1209]: Cloud-init v. 0.7.9 running 'modules:final' at Sun, 18 Jun 2017 18:26:27 +0000. Up 30.98 seconds.
[   31.172182] [[0;32m  OK  [0m] Started Execute cloud user/final scripts.
cloud-init[1209]: Cloud-init v. 0.7.9 finished at Sun, 18 Jun 2017 18:26:27 +0000. Datasource DataSourceNoCloud [seed=/dev/sdb][dsmode=net].  Up 31.10 seconds
[[0;32m  OK  [0m] Reached target Cloud-init target.

Ubuntu 16.04.2 LTS ubuntu-xenial ttyS0

ubuntu-xenial login: 