[    0.000000] Initializing cgroup subsys cpuset
[    0.000000] Initializing cgroup subsys cpu
[    0.000000] Initializing cgroup subsys cpuacct
[    0.000000] Linux version 4.4.0-78-generic (buildd@lgw01-11) (gcc version 5.4.0 20160609 (Ubuntu 5.4.0-6ubuntu1~16.04.4) ) #99-Ubuntu SMP Thu Apr 27 15:29:09 UTC 2017 (Ubuntu 4.4.0-78.99-generic 4.4.62)
[    0.000000] Command line: BOOT_IMAGE=/boot/vmlinuz-4.4.0-78-generic root=LABEL=cloudimg-rootfs ro console=tty1 console=ttyS0
[    0.000000] KERNEL supported cpus:
[    0.000000]   Intel GenuineIntel
[    0.000000]   AMD AuthenticAMD
[    0.000000]   Centaur CentaurHauls
[    0.000000] x86/fpu: Legacy x87 FPU detected.
[    0.000000] x86/fpu: Using 'lazy' FPU context switches.
[    0.000000] e820: BIOS-provided physical RAM map:
[    0.000000] BIOS-e820: [mem 0x0000000000000000-0x000000000009fbff] usable
[    0.000000] BIOS-e820: [mem 0x000000000009fc00-0x000000000009ffff] reserved
[    0.000000] BIOS-e820: [mem 0x00000000000f0000-0x00000000000fffff] reserved
[    0.000000] BIOS-e820: [mem 0x0000000000100000-0x000000003ffeffff] usable
[    0.000000] BIOS-e820: [mem 0x000000003fff0000-0x000000003fffffff] ACPI data
[    0.000000] BIOS-e820: [mem 0x00000000fec00000-0x00000000fec00fff] reserved
[    0.000000] BIOS-e820: [mem 0x00000000fee00000-0x00000000fee00fff] reserved
[    0.000000] BIOS-e820: [mem 0x00000000fffc0000-0x00000000ffffffff] reserved
[    0.000000] NX (Execute Disable) protection: active
[    0.000000] SMBIOS 2.5 present.
[    0.000000] Hypervisor detected: KVM
[    0.000000] e820: last_pfn = 0x3fff0 max_arch_pfn = 0x400000000
[    0.000000] MTRR: Disabled
[    0.000000] x86/PAT: MTRRs disabled, skipping PAT initialization too.
[    0.000000] x86/PAT: Configuration [0-7]: WB  WT  UC- UC  WB  WT  UC- UC  
[    0.000000] CPU MTRRs all blank - virtualized system.
[    0.000000] found SMP MP-table at [mem 0x0009fff0-0x0009ffff] mapped at [ffff88000009fff0]
[    0.000000] Scanning 1 areas for low memory corruption
[    0.000000] RAMDISK: [mem 0x36ac4000-0x37559fff]
[    0.000000] ACPI: Early table checksum verification disabled
[    0.000000] ACPI: RSDP 0x00000000000E0000 000024 (v02 VBOX  )
[    0.000000] ACPI: XSDT 0x000000003FFF0030 00003C (v01 VBOX   VBOXXSDT 00000001 ASL  00000061)
[    0.000000] ACPI: FACP 0x000000003FFF00F0 0000F4 (v04 VBOX   VBOXFACP 00000001 ASL  00000061)
[    0.000000] ACPI: DSDT 0x000000003FFF0470 0021C8 (v02 VBOX   VBOXBIOS 00000002 INTL 20100528)
[    0.000000] ACPI: FACS 0x000000003FFF0200 000040
[    0.000000] ACPI: FACS 0x000000003FFF0200 000040
[    0.000000] ACPI: APIC 0x000000003FFF0240 00005C (v02 VBOX   VBOXAPIC 00000001 ASL  00000061)
[    0.000000] ACPI: SSDT 0x000000003FFF02A0 0001CC (v01 VBOX   VBOXCPUT 00000002 INTL 20100528)
[    0.000000] No NUMA configuration found
[    0.000000] Faking a node at [mem 0x0000000000000000-0x000000003ffeffff]
[    0.000000] NODE_DATA(0) allocated [mem 0x3ffeb000-0x3ffeffff]
[    0.000000] kvm-clock: Using msrs 4b564d01 and 4b564d00
[    0.000000] kvm-clock: cpu 0, msr 0:3ffe3001, primary cpu clock
[    0.000000] kvm-clock: using sched offset of 4523802895 cycles
[    0.000000] clocksource: kvm-clock: mask: 0xffffffffffffffff max_cycles: 0x1cd42e4dffb, max_idle_ns: 881590591483 ns
[    0.000000] Zone ranges:
[    0.000000]   DMA      [mem 0x0000000000001000-0x0000000000ffffff]
[    0.000000]   DMA32    [mem 0x0000000001000000-0x000000003ffeffff]
[    0.000000]   Normal   empty
[    0.000000]   Device   empty
[    0.000000] Movable zone start for each node
[    0.000000] Early memory node ranges
[    0.000000]   node   0: [mem 0x0000000000001000-0x000000000009efff]
[    0.000000]   node   0: [mem 0x0000000000100000-0x000000003ffeffff]
[    0.000000] Initmem setup node 0 [mem 0x0000000000001000-0x000000003ffeffff]
[    0.000000] ACPI: PM-Timer IO Port: 0x4008
[    0.000000] IOAPIC[0]: apic_id 2, version 32, address 0xfec00000, GSI 0-23
[    0.000000] ACPI: INT_SRC_OVR (bus 0 bus_irq 0 global_irq 2 dfl dfl)
[    0.000000] ACPI: INT_SRC_OVR (bus 0 bus_irq 9 global_irq 9 high level)
[    0.000000] Using ACPI (MADT) for SMP configuration information
[    0.000000] smpboot: Allowing 2 CPUs, 0 hotplug CPUs
[    0.000000] PM: Registered nosave memory: [mem 0x00000000-0x00000fff]
[    0.000000] PM: Registered nosave memory: [mem 0x0009f000-0x0009ffff]
[    0.000000] PM: Registered nosave memory: [mem 0x000a0000-0x000effff]
[    0.000000] PM: Registered nosave memory: [mem 0x000f0000-0x000fffff]
[    0.000000] e820: [mem 0x40000000-0xfebfffff] available for PCI devices
[    0.000000] Booting paravirtualized kernel on KVM
[    0.000000] clocksource: refined-jiffies: mask: 0xffffffff max_cycles: 0xffffffff, max_idle_ns: 7645519600211568 ns
[    0.000000] setup_percpu: NR_CPUS:512 nr_cpumask_bits:512 nr_cpu_ids:2 nr_node_ids:1
[    0.000000] PERCPU: Embedded 33 pages/cpu @ffff88003fc00000 s98264 r8192 d28712 u1048576
[    0.000000] PV qspinlock hash table entries: 256 (order: 0, 4096 bytes)
[    0.000000] Built 1 zonelists in Node order, mobility grouping on.  Total pages: 257913
[    0.000000] Policy zone: DMA32
[    0.000000] Kernel command line: BOOT_IMAGE=/boot/vmlinuz-4.4.0-78-generic root=LABEL=cloudimg-rootfs ro console=tty1 console=ttyS0
[    0.000000] PID hash table entries: 4096 (order: 3, 32768 bytes)
[    0.000000] Memory: 1001740K/1048120K available (8469K kernel code, 1294K rwdata, 3984K rodata, 1484K init, 1316K bss, 46380K reserved, 0K cma-reserved)
[    0.000000] SLUB: HWalign=64, Order=0-3, MinObjects=0, CPUs=2, Nodes=1
[    0.000000] Hierarchical RCU implementation.
[    0.000000] 	Build-time adjustment of leaf fanout to 64.
[    0.000000] 	RCU restricting CPUs from NR_CPUS=512 to nr_cpu_ids=2.
[    0.000000] RCU: Adjusting geometry for rcu_fanout_leaf=64, nr_cpu_ids=2
[    0.000000] NR_IRQS:33024 nr_irqs:440 16
[    0.000000] Console: colour VGA+ 80x25
[    0.000000] console [tty1] enabled
[    0.000000] console [ttyS0] enabled
[    0.000000] tsc: Detected 1596.179 MHz processor
[    8.520160] Calibrating delay loop (skipped) preset value.. 3192.35 BogoMIPS (lpj=6384716)
[    8.522338] pid_max: default: 32768 minimum: 301
[    8.523607] ACPI: Core revision 20150930
[    8.536006] ACPI: 2 ACPI AML tables successfully acquired and loaded
[    8.544863] Security Framework initialized
[    8.546009] Yama: becoming mindful.
[    8.547047] AppArmor: AppArmor initialized
[    8.548234] Dentry cache hash table entries: 131072 (order: 8, 1048576 bytes)
[    8.550145] Inode-cache hash table entries: 65536 (order: 7, 524288 bytes)
[    8.566776] Mount-cache hash table entries: 2048 (order: 2, 16384 bytes)
[    8.660431] Mountpoint-cache hash table entries: 2048 (order: 2, 16384 bytes)
[    8.760693] Initializing cgroup subsys io
[    8.791465] Initializing cgroup subsys memory
[    8.793230] Initializing cgroup subsys devices
[    8.796557] Initializing cgroup subsys freezer
[    8.797682] Initializing cgroup subsys net_cls
[    8.798863] Initializing cgroup subsys perf_event
[    8.860612] Initializing cgroup subsys net_prio
[    8.932893] Initializing cgroup subsys hugetlb
[    9.008064] Initializing cgroup subsys pids
[    9.106652] CPU: Physical Processor ID: 0
[    9.189656] CPU: Processor Core ID: 0
[    9.28235] mce: CPU supports 0 MCE banks
[    9.404473] Last level iTLB entries: 4KB 512, 2MB 7, 4MB 7
[    9.551459] Last level dTLB entries: 4KB 512, 2MB 32, 4MB 32, 1GB 0
[    9.655007] Freeing SMP alternatives memory: 32K (ffffffff820b8000 - ffffffff820c0000)
[    9.808785] ftrace: allocating 32120 entries in 126 pages
[    9.932371] smpboot: APIC(0) Converting physical 0 to logical package 0
[   10.045094] smpboot: Max logical packages: 1
[   10.109054] x2apic enabled
[   10.155388] Switched APIC routing to physical x2apic.
[   10.204877] ..TIMER: vector=0x30 apic1=0 pin1=2 apic2=-1 pin2=-1
[   10.312930] smpboot: CPU0: Intel(R) Core(TM) i7 CPU       Q 720  @ 1.60GHz (family: 0x6, model: 0x1e, stepping: 0x5)
[   10.526069] Performance Events: unsupported p6 CPU model 30 no PMU driver, software events only.
[   10.692514] KVM setup paravirtual spinlock
[   10.704299] x86: Booting SMP configuration:
[   10.705386] .... node  #0, CPUs:      #1
[   10.706737] kvm-clock: cpu 1, msr 0:3ffe3041, secondary cpu clock
[   10.711502] mce: CPU supports 0 MCE banks
[   10.715941] x86: Booted up 1 node, 2 CPUs
[   10.726583] smpboot: Total of 2 processors activated (6384.71 BogoMIPS)
[   10.741861] devtmpfs: initialized
[   10.756137] evm: security.selinux
[   10.778314] evm: security.SMACK64
[   10.779375] evm: security.SMACK64EXEC
[   10.793766] evm: security.SMACK64TRANSMUTE
[   10.898488] evm: security.SMACK64MMAP
[   10.963636] evm: security.ima
[   11.032931] evm: security.capability
[   11.084121] clocksource: jiffies: mask: 0xffffffff max_cycles: 0xffffffff, max_idle_ns: 7645041785100000 ns
[   11.272294] futex hash table entries: 512 (order: 3, 32768 bytes)
[   11.351624] pinctrl core: initialized pinctrl subsystem
[   11.411892] RTC time: 16:17:39, date: 06/24/17
[   11.505522] NET: Registered protocol family 16
[   11.601672] cpuidle: using governor ladder
[   11.694441] cpuidle: using governor menu
[   11.786825] PCCT header not found.
[   11.856983] ACPI: bus type PCI registered
[   11.907707] acpiphp: ACPI Hot Plug PCI Controller Driver version: 0.5
[   11.990484] PCI: Using configuration type 1 for base access
[   12.091777] ACPI: Added _OSI(Module Device)
[   12.173344] ACPI: Added _OSI(Processor Device)
[   12.293409] ACPI: Added _OSI(3.0 _SCP Extensions)
[   12.395002] ACPI: Added _OSI(Processor Aggregator Device)
[   12.484546] ACPI: Executed 1 blocks of module-level executable AML code
[   12.657906] ACPI: Interpreter enabled
[   12.728735] ACPI: (supports S0 S5)
[   12.813626] ACPI: Using IOAPIC for interrupt routing
[   12.937987] PCI: Using host bridge windows from ACPI; if necessary, use "pci=nocrs" and report a bug
[   13.067808] ACPI: PCI Root Bridge [PCI0] (domain 0000 [bus 00-ff])
[   13.164401] acpi PNP0A03:00: _OSC: OS supports [ASPM ClockPM Segments MSI]
[   13.344992] acpi PNP0A03:00: _OSC failed (AE_NOT_FOUND); disabling ASPM
[   13.497368] acpi PNP0A03:00: fail to add MMCONFIG information, can't access extended PCI configuration space under this bridge.
[   13.577553] PCI host bridge to bus 0000:00
[   13.661308] pci_bus 0000:00: root bus resource [io  0x0000-0x0cf7 window]
[   13.797041] pci_bus 0000:00: root bus resource [io  0x0d00-0xffff window]
[   13.913272] pci_bus 0000:00: root bus resource [mem 0x000a0000-0x000bffff window]
[   14.042433] pci_bus 0000:00: root bus resource [mem 0x40000000-0xffdfffff window]
[   14.136181] pci_bus 0000:00: root bus resource [bus 00-ff]
[   14.185562] pci 0000:00:01.1: legacy IDE quirk: reg 0x10: [io  0x01f0-0x01f7]
[   14.333090] pci 0000:00:01.1: legacy IDE quirk: reg 0x14: [io  0x03f6]
[   14.478499] pci 0000:00:01.1: legacy IDE quirk: reg 0x18: [io  0x0170-0x0177]
[   14.642589] pci 0000:00:01.1: legacy IDE quirk: reg 0x1c: [io  0x0376]
[   14.740107] pci 0000:00:07.0: quirk: [io  0x4000-0x403f] claimed by PIIX4 ACPI
[   14.914235] pci 0000:00:07.0: quirk: [io  0x4100-0x410f] claimed by PIIX4 SMB
[   15.093316] ACPI: PCI Interrupt Link [LNKA] (IRQs 5 9 10 *11)
[   15.196083] ACPI: PCI Interrupt Link [LNKB] (IRQs 5 9 10 *11)
[   15.300828] ACPI: PCI Interrupt Link [LNKC] (IRQs 5 9 *10 11)
[   15.408458] ACPI: PCI Interrupt Link [LNKD] (IRQs 5 *9 10 11)
[   15.488377] ACPI: Enabled 2 GPEs in block 00 to 07
[   15.576395] vgaarb: setting as boot device: PCI:0000:00:02.0
[   15.701093] vgaarb: device added: PCI:0000:00:02.0,decodes=io+mem,owns=io+mem,locks=none
[   15.814527] vgaarb: loaded
[   15.837628] vgaarb: bridge control possible 0000:00:02.0
[   15.950323] SCSI subsystem initialized
[   16.021424] ACPI: bus type USB registered
[   16.080781] usbcore: registered new interface driver usbfs
[   16.214694] usbcore: registered new interface driver hub
[   16.292986] usbcore: registered new device driver usb
[   16.362970] PCI: Using ACPI for IRQ routing
[   16.424264] NetLabel: Initializing
[   16.490090] NetLabel:  domain hash size = 128
[   16.602398] NetLabel:  protocols = UNLABELED CIPSOv4
[   16.698100] NetLabel:  unlabeled traffic allowed by default
[   16.831443] amd_nb: Cannot enumerate AMD northbridges
[   16.913761] clocksource: Switched to clocksource kvm-clock
[   17.026976] AppArmor: AppArmor Filesystem Enabled
[   17.163571] pnp: PnP ACPI init
[   17.265050] pnp: PnP ACPI: found 3 devices
[   17.404502] clocksource: acpi_pm: mask: 0xffffff max_cycles: 0xffffff, max_idle_ns: 2085701024 ns
[   17.575717] NET: Registered protocol family 2
[   17.692585] TCP established hash table entries: 8192 (order: 4, 65536 bytes)
[   17.874145] TCP bind hash table entries: 8192 (order: 5, 131072 bytes)
[   18.043219] TCP: Hash tables configured (established 8192 bind 8192)
[   18.239483] UDP hash table entries: 512 (order: 2, 16384 bytes)
[   18.424042] UDP-Lite hash table entries: 512 (order: 2, 16384 bytes)
[   18.540549] NET: Registered protocol family 1
[   18.623243] pci 0000:00:00.0: Limiting direct PCI/PCI transfers
[   18.634186] pci 0000:00:01.0: Activating ISA DMA hang workarounds
[   18.652004] Unpacking initramfs...
[   21.655010] Freeing initrd memory: 10840K (ffff880036ac4000 - ffff88003755a000)
[   21.742374] platform rtc_cmos: registered platform RTC device (no PNP device found)
[   21.821985] Scanning for low memory corruption every 60 seconds
[   21.865042] audit: initializing netlink subsys (disabled)
[   21.869880] audit: type=2000 audit(1498321060.593:1): initialized
[   21.914843] Initialise system trusted keyring
[   21.923404] HugeTLB registered 2 MB page size, pre-allocated 0 pages
[   21.928131] zbud: loaded
[   21.929756] VFS: Disk quotas dquot_6.6.0
[   21.931283] VFS: Dquot-cache hash table entries: 512 (order 0, 4096 bytes)
[   21.940034] squashfs: version 4.0 (2009/01/31) Phillip Lougher
[   21.942554] fuse init (API version 7.23)
[   21.943869] Key type big_key registered
[   21.945052] Allocating IMA MOK and blacklist keyrings.
[   21.949454] Key type asymmetric registered
[   21.950747] Asymmetric key parser 'x509' registered
[   21.952278] Block layer SCSI generic (bsg) driver version 0.4 loaded (major 249)
[   21.954556] io scheduler noop registered
[   21.955796] io scheduler deadline registered (default)
[   21.957194] io scheduler cfq registered
[   21.958606] pci_hotplug: PCI Hot Plug PCI Core version: 0.5
[   21.960060] pciehp: PCI Express Hot Plug Controller Driver version: 0.4
[   21.961969] ACPI: AC Adapter [AC] (on-line)
[   21.963179] input: Power Button as /devices/LNXSYSTM:00/LNXPWRBN:00/input/input0
[   21.965223] ACPI: Power Button [PWRF]
[   21.966571] input: Sleep Button as /devices/LNXSYSTM:00/LNXSLPBN:00/input/input1
[   21.968710] ACPI: Sleep Button [SLPF]
[   21.970992] ACPI: Battery Slot [BAT0] (battery present)
[   21.972443] GHES: HEST is not enabled!
[   21.973709] Serial: 8250/16550 driver, 32 ports, IRQ sharing enabled
 [   22.068915] 00:02: ttyS0 at I/O 0x3f8 (irq = 4, base_baud = 115200) is a 16550A
[   22.158299] Linux agpgart interface v0.103
[   22.216758] loop: module loaded
[   22.260807] scsi host0: ata_piix
[   22.293439] scsi host1: ata_piix
[   22.341062] ata1: PATA max UDMA/33 cmd 0x1f0 ctl 0x3f6 bmdma 0xd000 irq 14
[   22.419472] ata2: PATA max UDMA/33 cmd 0x170 ctl 0x376 bmdma 0xd008 irq 15
[   22.478264] libphy: Fixed MDIO Bus: probed
[   22.505330] tun: Universal TUN/TAP device driver, 1.6
[   22.520343] tun: (C) 1999-2004 Max Krasnyansky <maxk@qualcomm.com>
[   22.521842] PPP generic driver version 2.4.2
[   22.523190] ehci_hcd: USB 2.0 'Enhanced' Host Controller (EHCI) Driver
[   22.525867] ehci-pci: EHCI PCI platform driver
[   22.530562] ehci-platform: EHCI generic platform driver
[   22.535209] ohci_hcd: USB 1.1 'Open' Host Controller (OHCI) Driver
[   22.551216] ohci-pci: OHCI PCI platform driver
[   22.552370] ohci-platform: OHCI generic platform driver
[   22.553989] uhci_hcd: USB Universal Host Controller Interface driver
[   22.558261] i8042: PNP: PS/2 Controller [PNP0303:PS2K,PNP0f03:PS2M] at 0x60,0x64 irq 1,12
[   22.568307] serio: i8042 KBD port at 0x60,0x64 irq 1
[   22.573085] serio: i8042 AUX port at 0x60,0x64 irq 12
[   22.574779] mousedev: PS/2 mouse device common for all mice
[   22.576999] rtc_cmos rtc_cmos: rtc core: registered rtc_cmos as rtc0
[   22.577016] input: AT Translated Set 2 keyboard as /devices/platform/i8042/serio0/input/input2
[   22.724500] rtc_cmos rtc_cmos: alarms up to one day, 114 bytes nvram
[   22.742050] tsc: Refined TSC clocksource calibration: 1595.922 MHz
[   22.742052] clocksource: tsc: mask: 0xffffffffffffffff max_cycles: 0x170118ab005, max_idle_ns: 440795281920 ns
[   23.130476] i2c /dev entries driver
[   23.225722] device-mapper: uevent: version 1.0.3
[   23.346957] device-mapper: ioctl: 4.34.0-ioctl (2015-10-28) initialised: dm-devel@redhat.com
[   23.510406] ledtrig-cpu: registered to indicate activity on CPUs
[   23.659049] NET: Registered protocol family 10
[   23.723282] NET: Registered protocol family 17
[   23.761004] Key type dns_resolver registered
[   23.808755] microcode: CPU0 sig=0x106e5, pf=0x4, revision=0x616
[   23.956088] microcode: CPU1 sig=0x106e5, pf=0x4, revision=0x616
[   24.005539] microcode: Microcode Update Driver: v2.01 <tigran@aivazian.fsnet.co.uk>, Peter Oruba
[   24.036844] registered taskstats version 1
[   24.068579] Loading compiled-in X.509 certificates
[   24.131083] Loaded X.509 cert 'Build time autogenerated kernel key: 779fd75203f0d36b99b83c7328fac831ec7adf9e'
[   24.207223] zswap: loaded using pool lzo/zbud
[   24.286011] Key type trusted registered
[   24.350813] Key type encrypted registered
[   24.403221] AppArmor: AppArmor sha1 policy hashing enabled
[   24.465547] ima: No TPM chip found, activating TPM-bypass!
[   24.530460] evm: HMAC attrs: 0x1
[   24.573379]   Magic number: 5:221:288
[   24.625911] tty tty21: hash matches
[   24.674607] acpi PNP0400:01: hash matches
[   24.707026] rtc_cmos rtc_cmos: setting system clock to 2017-06-24 16:17:53 UTC (1498321073)
[   24.751092] BIOS EDD facility v0.16 2004-Jun-25, 0 devices found
[   24.752559] EDD information not available.
[   24.755779] Freeing unused kernel memory: 1484K (ffffffff81f45000 - ffffffff820b8000)
[   24.757800] Write protecting the kernel read-only data: 14336k
[   24.768009] Freeing unused kernel memory: 1760K (ffff880001848000 - ffff880001a00000)
[   24.777445] Freeing unused kernel memory: 112K (ffff880001de4000 - ffff880001e00000)
Loading, please wait...
starting version[   24.805270] random: systemd-udevd: uninitialized urandom read (16 bytes read, 4 bits of entropy available)
 229
[   24.806347] random: udevadm: uninitialized urandom read (16 bytes read, 4 bits of entropy available)
[   24.806403] random: udevadm: uninitialized urandom read (16 bytes read, 4 bits of entropy available)
[   24.806598] random: udevadm: uninitialized urandom read (16 bytes read, 4 bits of entropy available)
[   24.806681] random: udevadm: uninitialized urandom read (16 bytes read, 4 bits of entropy available)
[   24.806765] random: udevadm: uninitialized urandom read (16 bytes read, 4 bits of entropy available)
[   24.806878] random: udevadm: uninitialized urandom read (16 bytes read, 4 bits of entropy available)
[   24.806957] random: udevadm: uninitialized urandom read (16 bytes read, 4 bits of entropy available)
[   24.807033] random: udevadm: uninitialized urandom read (16 bytes read, 4 bits of entropy available)
[   24.807115] random: udevadm: uninitialized urandom read (16 bytes read, 4 bits of entropy available)
[   25.732061] e1000: Intel(R) PRO/1000 Network Driver - version 7.3.21-k8-NAPI
[   25.809850] e1000: Copyright (c) 1999-2006 Intel Corporation.
[   25.839616] Fusion MPT base driver 3.04.20
[   25.868774] Copyright (c) 1999-2008 LSI Corporation
[   25.894894] Fusion MPT SPI Host driver 3.04.20
[   26.111245] input: ImExPS/2 Generic Explorer Mouse as /devices/platform/i8042/serio1/input/input4
[   26.320022] e1000 0000:00:03.0 eth0: (PCI:33MHz:32-bit) 02:fb:34:e1:96:ef
[   26.402141] e1000 0000:00:03.0 eth0: Intel(R) PRO/1000 Network Connection
[   26.462045] mptbase: ioc0: Initiating bringup
[   26.462202] e1000 0000:00:03.0 enp0s3: renamed from eth0
[   26.633993] ioc0: LSI53C1030 A0: Capabilities={Initiator}
[   26.879568] scsi host2: ioc0: LSI53C1030 A0, FwRev=00000000h, Ports=1, MaxQ=256, IRQ=20
[   27.082662] scsi 2:0:0:0: Direct-Access     VBOX     HARDDISK         1.0  PQ: 0 ANSI: 5
[   27.220586] scsi target2:0:0: Beginning Domain Validation
[   27.249479] scsi target2:0:0: Domain Validation skipping write tests
[   27.252295] scsi target2:0:0: Ending Domain Validation
[   27.253815] scsi target2:0:0: asynchronous
[   27.256297] scsi 2:0:1:0: Direct-Access     VBOX     HARDDISK         1.0  PQ: 0 ANSI: 5
[   27.260796] scsi target2:0:1: Beginning Domain Validation
[   27.267670] scsi target2:0:1: Domain Validation skipping write tests
[   27.272288] scsi target2:0:1: Ending Domain Validation
[   27.274560] scsi target2:0:1: asynchronous
[   27.293536] sd 2:0:0:0: Attached scsi generic sg0 type 0
[   27.333533] sd 2:0:0:0: [sda] 20971520 512-byte logical blocks: (10.7 GB/10.0 GiB)
[   27.371175] sd 2:0:0:0: [sda] Write Protect is off
[   27.371831] sd 2:0:1:0: [sdb] 20480 512-byte logical blocks: (10.5 MB/10.0 MiB)
[   27.372355] sd 2:0:1:0: [sdb] Write Protect is off
[   27.372617] sd 2:0:1:0: [sdb] Incomplete mode parameter data
[   27.372618] sd 2:0:1:0: [sdb] Assuming drive cache: write through
[   27.429371] sd 2:0:1:0: Attached scsi generic sg1 type 0
[   27.433316] sd 2:0:1:0: [sdb] Attached SCSI disk
[   27.531087] sd 2:0:0:0: [sda] Incomplete mode parameter data
[   27.533865] sd 2:0:0:0: [sda] Assuming drive cache: write through
[   27.555947]  sda: sda1
[   27.588027] sd 2:0:0:0: [sda] Attached SCSI disk
[   28.935264] floppy0: no floppy controllers found
Begin: Loading e[   30.501604] md: linear personality registered for level -1
ssential drivers ... [   30.519404] md: multipath personality registered for level -4
[   30.568696] md: raid0 personality registered for level 0
[   30.656481] md: raid1 personality registered for level 1
[   30.834343] raid6: sse2x1   gen()  6267 MB/s
[   30.962178] raid6: sse2x1   xor()  4248 MB/s
[   31.122376] raid6: sse2x2   gen()  7533 MB/s
[   31.290260] raid6: sse2x2   xor()  5744 MB/s
[   31.446118] raid6: sse2x4   gen()  7509 MB/s
[   31.562356] raid6: sse2x4   xor()  5764 MB/s
[   31.657515] raid6: using algorithm sse2x2 gen() 7533 MB/s
[   31.747411] raid6: .... xor() 5744 MB/s, rmw enabled
[   31.850833] raid6: using ssse3x2 recovery algorithm
[   31.962570] xor: measuring software checksum speed
[   32.038053]    prefetch64-sse:  9619.000 MB/sec
[   32.118048]    generic_sse: 10489.000 MB/sec
[   32.134706] xor: using function: generic_sse (10489.000 MB/sec)
[   32.138699] async_tx: api initialized (async)
[   32.164410] md: raid6 personality registered for level 6
[   32.189955] md: raid5 personality registered for level 5
[   32.307078] md: raid4 personality registered for level 4
[   32.399614] md: raid10 personality registered for level 10
done.
Begin: Running /scripts/init-premount ... done.
Begin: Mounting root file sys[   32.502473] Btrfs loaded
tem ... Begin: Running /scripts/local-top ... done.
Begin: Running /scripts/local-premount ... Scanning for Btrfs filesystems
done.
Warning: fsck no[   32.599837] EXT4-fs (sda1): INFO: recovery required on readonly filesystem
t present, so sk[   32.739837] EXT4-fs (sda1): write access will be enabled during recovery
ipping root file system
[   32.884271] EXT4-fs (sda1): orphan cleanup on readonly fs
[   32.891985] EXT4-fs (sda1): 14 orphan inodes deleted
[   32.920904] EXT4-fs (sda1): recovery complete
[   32.968246] EXT4-fs (sda1): mounted filesystem with ordered data mode. Opts: (null)
done.
Begin: Running /scripts/local-bottom ... done.
Begin: Running /scripts/init-bottom ... done.
[   33.146484] systemd[1]: systemd 229 running in system mode. (+PAM +AUDIT +SELINUX +IMA +APPARMOR +SMACK +SYSVINIT +UTMP +LIBCRYPTSETUP +GCRYPT +GNUTLS +ACL +XZ -LZ4 +SECCOMP +BLKID +ELFUTILS +KMOD -IDN)
[   33.286244] systemd[1]: Detected virtualization oracle.
[   33.367296] systemd[1]: Detected architecture x86-64.

Welcome to [1mUbuntu 16.04.2 LTS[0m!

[   33.463744] systemd[1]: Set hostname to <ubuntu-xenial>.
[   33.705401] systemd[1]: Listening on Device-mapper event daemon FIFOs.
[[0;32m  OK  [0m] Listening on Device-mapper event daemon FIFOs.
[   33.758725] systemd[1]: Listening on Journal Socket (/dev/log).
[[0;32m  OK  [0m] Listening on Journal Socket (/dev/log).
[   33.765433] systemd[1]: Created slice User and Session Slice.
[[0;32m  OK  [0m] Created slice User and Session Slice.
[   33.793156] systemd[1]: Listening on Journal Audit Socket.
[[0;32m  OK  [0m] Listening on Journal Audit Socket.
[   33.872228] systemd[1]: Listening on udev Control Socket.
[[0;32m  OK  [0m] Listening on udev Control Socket.
[   33.946339] systemd[1]: Listening on /dev/initctl Compatibility Named Pipe.
[[0;32m  OK  [0m] Listening on /dev/initctl Compatibility Named Pipe.
[   33.994165] systemd[1]: Listening on Syslog Socket.
[[0;32m  OK  [0m] Listening on Syslog Socket.
[   34.070442] systemd[1]: Listening on udev Kernel Socket.
[[0;32m  OK  [0m] Listening on udev Kernel Socket.
[   34.175063] systemd[1]: Started Trigger resolvconf update for networkd DNS.
[[0;32m  OK  [0m] Started Trigger resolvconf update for networkd DNS.
[   34.218506] systemd[1]: Reached target Swap.
[[0;32m  OK  [0m] Reached target Swap.
[   34.266526] systemd[1]: Started Forward Password Requests to Wall Directory Watch.
[[0;32m  OK  [0m] Started Forward Password Requests to Wall Directory Watch.
[   34.293155] systemd[1]: Reached target User and Group Name Lookups.
[[0;32m  OK  [0m] Reached target User and Group Name Lookups.
[   34.375298] systemd[1]: Listening on LVM2 poll daemon socket.
[[0;32m  OK  [0m] Listening on LVM2 poll daemon socket.
[   34.510673] systemd[1]: Listening on Journal Socket.
[[0;32m  OK  [0m] Listening on Journal Socket.
[   34.580060] systemd[1]: Reached target Encrypted Volumes.
[[0;32m  OK  [0m] Reached target Encrypted Volumes.
[   34.678512] systemd[1]: Listening on LVM2 metadata daemon socket.
[[0;32m  OK  [0m] Listening on LVM2 metadata daemon socket.
[   34.786947] systemd[1]: Created slice System Slice.
[[0;32m  OK  [0m] Created slice System Slice.
[   34.818709] systemd[1]: Starting Monitoring of LVM2 mirrors, snapshots etc. using dmeventd or progress polling...
         Starting Monitoring of LVM2 mirrors... dmeventd or progress polling...
[   34.882187] systemd[1]: Starting Nameserver information manager...
         Starting Nameserver information manager...
[   34.903356] systemd[1]: Starting Remount Root and Kernel File Systems...
[   34.936432] EXT4-fs (sda1): re-mounted. Opts: (null)
         Starting Remount Root and Kernel File Systems...
[   35.090176] systemd[1]: Starting Uncomplicated firewall...
[   35.091109] random: nonblocking pool is initialized
         Starting Uncomplicated firewall...
[   35.162436] systemd[1]: Starting Load Kernel Modules...
[   35.221899] Loading iSCSI transport class v2.0-870.
         Starting Load Kernel Modules...
[   35.270090] iscsi: registered transport (tcp)
[   35.414253] systemd[1]: Mounting POSIX Message Queue File System...
         Mounting POSIX Message Queue File System...
[   35.427953] systemd[1]: Reached target Slices.
[[0;32m  OK  [0m] Reached targe[   35.461550] iscsi: registered transport (iser)
t Slices.
[   35.618477] systemd[1]: Starting Create list of required static device nodes for the current kernel...
         Starting Create list of required st... nodes for the current kernel...
[   35.765882] systemd[1]: Starting Journal Service...
         Starting Journal Service...
[   35.830553] systemd[1]: Created slice system-serial\x2dgetty.slice.
[[0;32m  OK  [0m] Created slice system-serial\x2dgetty.slice.
[   35.930723] systemd[1]: Mounting Debug File System...
         Mounting Debug File System...
[   35.993300] systemd[1]: Mounting Huge Pages File System...
         Mounting Huge Pages File System...
[   36.073697] systemd[1]: Starting Set console keymap...
         Starting Set console keymap...
[   36.130306] systemd[1]: Set up automount Arbitrary Executable File Formats File System Automount Point.
[[0;32m  OK  [0m] Set up automount Arbitrary Executab...ats File System Automount Point.
[   36.203455] systemd[1]: Mounted POSIX Message Queue File System.
[[0;32m  OK  [0m] Mounted POSIX Message Queue File System.
[   36.310719] systemd[1]: Mounted Debug File System.
[[0;32m  OK  [0m] Mounted Debug File System.
[   36.390794] systemd[1]: Mounted Huge Pages File System.
[[0;32m  OK  [0m] Mounted Huge Pages File System.
[   36.478606] systemd[1]: Started Journal Service.
[[0;32m  OK  [0m] Started Journal Service.
[[0;32m  OK  [0m] Started Remount Root and Kernel File Systems.
[[0;32m  OK  [0m] Started Uncomplicated firewall.
[[0;32m  OK  [0m] Started Load Kernel Modules.
[[0;32m  OK  [0m] Started Create list of required sta...ce nodes for the current kernel.
[[0;32m  OK  [0m] Started Set console keymap.
[[0;32m  OK  [0m] Started Nameserver information manager.
[[0;32m  OK  [0m] Started LVM2 metadata daemon.
         Starting Create Static Device Nodes in /dev...
         Starting Apply Kernel Variables...
         Mounting FUSE Control File System...
         Starting Initial cloud-init job (pre-networking)...
         Starting Load/Save Random Seed...
         Starting udev Coldplug all Devices...
         Starting Flush Journal to Persistent Storage...
[[0;32m  OK  [0m] Mounted FUSE Control File System.
[[0;32m  OK  [0m] Started Create Static Device Nodes in /dev.
[[0;32m  OK  [0m] Started Apply Kernel Variables.
[[0;32m  OK  [0m] Started Monitoring of LVM2 mirrors,...ng dmeventd or progress polling.
[[0;32m  OK  [0m] Started Load/Save Random Seed.
[[0;32m  OK  [0m] Started Flush Journal to Persistent Storage.
[[0;32m  OK  [0m] Started udev Coldplug all Devices.
         Starting udev Kernel Device Manager...
[[0;32m  OK  [0m] Started udev Kernel Device Manager.
[[0;32m  OK  [0m] Reached target Local File Systems (Pre).
[[0;32m  OK  [0m] Reached target Local File Systems.
         Starting Tell Plymouth To Write Out Runtime Data...
         Starting Set console font and keymap...
         Starting LSB: AppArmor initialization...
         Starting Create Volatile Files and Directories...
[[0;32m  OK  [0m] Started Dispatch Password Requests to Console Directory Watch.
[[0;32m  OK  [0m] Started Tell Plymouth To Write Out Runtime Data.
[[0;32m  OK  [0m] Started Create Volatile Files and Directories.
[[0;32m  OK  [0m] Found device /dev/ttyS0.
[[0;32m  OK  [0m] Listening on Load/Save RF Kill Switch Status /dev/rfkill Watch.
[[0;32m  OK  [0m] Reached target System Time Synchronized.
[   24.384631] cloud-init[442]: Cloud-init v. 0.7.9 running 'init-local' at Sat, 24 Jun 2017 16:18:09 +0000. Up 23.89 seconds.
         Starting Update UTMP about System Boot/Shutdown...
[[0;32m  OK  [0m] Started Set console font and keymap.
[[0;32m  OK  [0m] Started LSB: AppArmor initialization.
[[0;32m  OK  [0m] Started Initial cloud-init job (pre-networking).
[[0;32m  OK  [0m] Found device 82540EM Gigabit Ethern...r (PRO/1000 MT Desktop Adapter).
[[0;32m  OK  [0m] Reached target Network (Pre).
         Starting Raise network interfaces...
[[0;32m  OK  [0m] Started ifup for enp0s3.
[[0;32m  OK  [0m] Created slice system-getty.slice.
[[0;32m  OK  [0m] Started Update UTMP about System Boot/Shutdown.
[[0;32m  OK  [0m] Started Raise network interfaces.
         Starting Initial cloud-init job (metadata service crawler)...
[[0;32m  OK  [0m] Reached target Network.
[   26.407740] cloud-init[931]: Cloud-init v. 0.7.9 running 'init' at Sat, 24 Jun 2017 16:18:11 +0000. Up 25.95 seconds.
[   26.424604] cloud-init[931]: ci-info: +++++++++++++++++++++++++++++++++++++Net device info++++++++++++++++++++++++++++++++++++++
[   26.446215] cloud-init[931]: ci-info: +--------+------+----------------------------+---------------+-------+-------------------+
[   26.450732] cloud-init[931]: ci-info: | Device |  Up  |          Address           |      Mask     | Scope |     Hw-Address    |
[   26.467339] cloud-init[931]: ci-info: +--------+------+----------------------------+---------------+-------+-------------------+
[   26.481211] cloud-init[931]: ci-info: | enp0s3 | True |         10.0.2.15          | 255.255.255.0 |   .   | 02:fb:34:e1:96:ef |
[   26.489174] cloud-init[931]: ci-info: | enp0s3 | True | fe80::fb:34ff:fee1:96ef/64 |       .       |  link | 02:fb:34:e1:96:ef |
[[0;32m  OK  [0m] Started Initial cloud-init job (metadata service crawler).
[   26.571591] cloud-init[931]: ci-info: |   lo   | True |         127.0.0.1          |   255.0.0.0   |   .   |         .         |
[   26.796488] cloud-init[931]: ci-info: |   lo   | True |          ::1/128           |       .       |  host |         .         |
[   26.913079] cloud-init[931]: ci-info: +--------+------+----------------------------+---------------+-------+-------------------+
[   27.037064] cloud-init[931]: ci-info: +++++++++++++++++++++++++++Route IPv4 info++++++++++++++++++++++++++++
[[0;32m  OK  [0m] Reached target Cloud-config availability.
[[0;32m  OK  [0m] Reached target System Initialization.
[   27.080155] cloud-init[931]: ci-info: +-------+-------------+----------+---------------+-----------+-------+
[   27.317641] cloud-init[931]: ci-info: | Route | Destination | Gateway  |    Genmask    | Interface | Flags |
[   27.428742] cloud-init[931]: ci-info: +-------+-------------+----------+---------------+-----------+-------+
[   27.477175] cloud-init[931]: ci-info: |   0   |   0.0.0.0   | 10.0.2.2 |    0.0.0.0    |   enp0s3  |   UG  |
         Starting LXD - unix socket.
[[0;32m  OK  [0m] Listening on D-Bus System Message Bus Socket.
[   27.502455] cloud-init[931]: ci-info: |   1   |   10.0.2.0  | 0.0.0.0  | 255.255.255.0 |   enp0s3  |   U   |
[   27.680839] cloud-init[931]: ci-info: +-------+-------------+----------+---------------+-----------+-------+
[[0;32m  OK  [0m] Started ACPI Events Check.
[[0;32m  OK  [0m] Reached target Paths.
[[0;32m  OK  [0m] Listening on ACPID Listen Socket.
         Starting Socket activation for snappy daemon.
[[0;32m  OK  [0m] Started Daily Cleanup of Temporary Directories.
[[0;32m  OK  [0m] Started Timer to automatically refresh installed snaps.
[[0;32m  OK  [0m] Listening on UUID daemon activation socket.
[[0;32m  OK  [0m] Started Daily apt activities.
[[0;32m  OK  [0m] Reached target Timers.
[[0;32m  OK  [0m] Reached target Network is Online.
         Starting iSCSI initiator daemon (iscsid)...
[[0;32m  OK  [0m] Listening on LXD - unix socket.
[[0;32m  OK  [0m] Listening on Socket activation for snappy daemon.
[[0;32m  OK  [0m] Started iSCSI initiator daemon (iscsid).
         Starting Login to default iSCSI targets...
[[0;32m  OK  [0m] Reached target Sockets.
[[0;32m  OK  [0m] Reached target Basic System.
[[0;32m  OK  [0m] Started Snappy daemon.
         Starting /etc/rc.local Compatibility...
         Starting Accounts Service...
[[0;32m  OK  [0m] Started Unattended Upgrades Shutdown.
[[0;32m  OK  [0m] Started Deferred execution scheduler.
         Starting LSB: MD monitoring daemon...
[[0;32m  OK  [0m] Started D-Bus System Message Bus.
         Starting A high performance web server and a reverse proxy server...
[[0;32m  OK  [0m] Started ACPI event daemon.
         Starting Login Service...
         Starting LXD - container startup/shutdown...
         Starting System Logging Service...
[[0;32m  OK  [0m] Started Regular background program processing daemon.
         Starting Auto import assertions from block devices...
         Starting Apply the settings specified in cloud-config...
         Starting LSB: Record successful boot for GRUB...
[[0;32m  OK  [0m] Started FUSE filesystem for LXC.
         Starting OpenBSD Secure Shell server...
[[0;32m  OK  [0m] Started System Logging Service.
[[0;32m  OK  [0m] Started /etc/rc.local Compatibility.
[[0;32m  OK  [0m] Started LXD - container startup/shutdown.
[[0;32m  OK  [0m] Started Auto import assertions from block devices.
[[0;32m  OK  [0m] Started A high performance web server and a reverse proxy server.
[[0;32m  OK  [0m] Started OpenBSD Secure Shell server.
[[0;32m  OK  [0m] Started Login to default iSCSI targets.
[[0;32m  OK  [0m] Started LSB: MD monitoring daemon.
[[0;32m  OK  [0m] Started LSB: Record successful boot for GRUB.
         Starting Authenticate and Authorize Users to Run Privileged Tasks...
[[0;32m  OK  [0m] Reached target Remote File Systems (Pre).
[[0;32m  OK  [0m] Reached target Remote File Systems.
         Starting LSB: Set the CPU Frequency Scaling governor to "ondemand"...
         Starting LSB: automatic crash report generation...
         Starting Permit User Sessions...
         Starting LSB: VirtualBox Linux Additions...
         Starting LSB: daemon to balance interrupts for SMP systems...
[[0;32m  OK  [0m] Started Permit User Sessions.
[[0;32m  OK  [0m] Started Login Service.
[[0;32m  OK  [0m] Started Authenticate and Authorize Users to Run Privileged Tasks.
[[0;32m  OK  [0m] Started Accounts Service.
         Starting Terminate Plymouth Boot Screen...
[   30.966343] cloud-init[1038]: Cloud-init v. 0.7.9 running 'modules:config' at Sat, 24 Jun 2017 16:18:15 +0000. Up 30.65 seconds.
         Starting Hold until boot process finishes up...
[[0;32m  OK  [0m] Started Apply the settings specified in cloud-config.
[[0;32m  OK  [0m] Started LSB: Set the CPU Frequency Scaling governor to "ondemand".
[[0;32m  OK  [0m] Started LSB: automatic crash report generation.
[[0;32m  OK  [0m] Started LSB: VirtualBox Linux Additions.
[[0;32m  OK  [0m] Started LSB: daemon to balance interrupts for SMP systems.
[[0;32m  OK  [0m] Started Terminate Plymouth Boot Screen.
[[0;32m  OK  [0m] Started Hold until boot process finishes up.
         Starting Set console scheme...
[[0;32m  OK  [0m] Started Serial Getty on ttyS0.
[[0;32m  OK  [0m] Started Getty on tty1.
[[0;32m  OK  [0m] Reached target Login Prompts.
[[0;32m  OK  [0m] Reached target Multi-User System.
[[0;32m  OK  [0m] Reached target Graphical Interface.
         Starting Update UTMP about System Runlevel Changes...
         Starting Execute cloud user/final scripts...
[[0;32m  OK  [0m] Started Set console scheme.
[[0;32m  OK  [0m] Started Update UTMP about System Runlevel Changes.
[   32.646493] cloud-init[1178]: Cloud-init v. 0.7.9 running 'modules:final' at Sat, 24 Jun 2017 16:18:17 +0000. Up 32.46 seconds.
[   32.740862] [cloud-init[0;32m  OK  [0m[1178]: ] Cloud-init v. 0.7.9 finished at Sat, 24 Jun 2017 16:18:17 +0000. Datasource DataSourceNoCloud [seed=/dev/sdb][dsmode=net].  Up 32.63 secondsStarted Execute cloud user/final scripts.

[[0;32m  OK  [0m] Reached target Cloud-init target.

Ubuntu 16.04.2 LTS ubuntu-xenial ttyS0

ubuntu-xenial login: 